Archive member included to satisfy reference by file (symbol)

C:\Users\Eric\Documents\LPCXpresso_8.2.2_650\SEM-bldcControl\lpc_board_nxp_lpcxpresso_1549\Debug\liblpc_board_nxp_lpcxpresso_1549.a(board.o)
                              ./src/HallSensor.o (Board_Init)
C:\Users\Eric\Documents\LPCXpresso_8.2.2_650\SEM-bldcControl\lpc_board_nxp_lpcxpresso_1549\Debug\liblpc_board_nxp_lpcxpresso_1549.a(board_sysinit.o)
                              ./src/sysinit.o (Board_SystemInit)
C:\Users\Eric\Documents\LPCXpresso_8.2.2_650\SEM-bldcControl\lpc_chip_15xx\Debug\liblpc_chip_15xx.a(adc_15xx.o)
                              ./src/HallSensor.o (Chip_ADC_Init)
C:\Users\Eric\Documents\LPCXpresso_8.2.2_650\SEM-bldcControl\lpc_chip_15xx\Debug\liblpc_chip_15xx.a(chip_15xx.o)
                              ./src/HallSensor.o (SystemCoreClockUpdate)
C:\Users\Eric\Documents\LPCXpresso_8.2.2_650\SEM-bldcControl\lpc_chip_15xx\Debug\liblpc_chip_15xx.a(clock_15xx.o)
                              C:\Users\Eric\Documents\LPCXpresso_8.2.2_650\SEM-bldcControl\lpc_board_nxp_lpcxpresso_1549\Debug\liblpc_board_nxp_lpcxpresso_1549.a(board.o) (Chip_Clock_GetMainClockRate)
C:\Users\Eric\Documents\LPCXpresso_8.2.2_650\SEM-bldcControl\lpc_chip_15xx\Debug\liblpc_chip_15xx.a(gpio_15xx.o)
                              C:\Users\Eric\Documents\LPCXpresso_8.2.2_650\SEM-bldcControl\lpc_board_nxp_lpcxpresso_1549\Debug\liblpc_board_nxp_lpcxpresso_1549.a(board.o) (Chip_GPIO_Init)
C:\Users\Eric\Documents\LPCXpresso_8.2.2_650\SEM-bldcControl\lpc_chip_15xx\Debug\liblpc_chip_15xx.a(iocon_15xx.o)
                              C:\Users\Eric\Documents\LPCXpresso_8.2.2_650\SEM-bldcControl\lpc_board_nxp_lpcxpresso_1549\Debug\liblpc_board_nxp_lpcxpresso_1549.a(board_sysinit.o) (Chip_IOCON_SetPinMuxing)
C:\Users\Eric\Documents\LPCXpresso_8.2.2_650\SEM-bldcControl\lpc_chip_15xx\Debug\liblpc_chip_15xx.a(swm_15xx.o)
                              C:\Users\Eric\Documents\LPCXpresso_8.2.2_650\SEM-bldcControl\lpc_board_nxp_lpcxpresso_1549\Debug\liblpc_board_nxp_lpcxpresso_1549.a(board.o) (Chip_SWM_MovablePinAssign)
C:\Users\Eric\Documents\LPCXpresso_8.2.2_650\SEM-bldcControl\lpc_chip_15xx\Debug\liblpc_chip_15xx.a(sysctl_15xx.o)
                              C:\Users\Eric\Documents\LPCXpresso_8.2.2_650\SEM-bldcControl\lpc_board_nxp_lpcxpresso_1549\Debug\liblpc_board_nxp_lpcxpresso_1549.a(board_sysinit.o) (Chip_SYSCTL_AssertPeriphReset)
C:\Users\Eric\Documents\LPCXpresso_8.2.2_650\SEM-bldcControl\lpc_chip_15xx\Debug\liblpc_chip_15xx.a(sysinit_15xx.o)
                              C:\Users\Eric\Documents\LPCXpresso_8.2.2_650\SEM-bldcControl\lpc_board_nxp_lpcxpresso_1549\Debug\liblpc_board_nxp_lpcxpresso_1549.a(board_sysinit.o) (Chip_SetupXtalClocking)
C:\Users\Eric\Documents\LPCXpresso_8.2.2_650\SEM-bldcControl\lpc_chip_15xx\Debug\liblpc_chip_15xx.a(uart_15xx.o)
                              C:\Users\Eric\Documents\LPCXpresso_8.2.2_650\SEM-bldcControl\lpc_board_nxp_lpcxpresso_1549\Debug\liblpc_board_nxp_lpcxpresso_1549.a(board.o) (Chip_UART_Init)
C:\Users\Eric\Documents\LPCXpresso_8.2.2_650\SEM-bldcControl\lpc_chip_15xx\Debug\liblpc_chip_15xx.a(ring_buffer.o)
                              C:\Users\Eric\Documents\LPCXpresso_8.2.2_650\SEM-bldcControl\lpc_chip_15xx\Debug\liblpc_chip_15xx.a(uart_15xx.o) (RingBuffer_Insert)
c:/nxp/lpcxpresso_8.2.2_650/lpcxpresso/tools/bin/../lib/gcc/arm-none-eabi/5.4.1/../../../../arm-none-eabi/lib/armv7-m\libcr_semihost.a(_cr__main.o)
                              ./src/cr_startup_lpc15xx.o (__main)
c:/nxp/lpcxpresso_8.2.2_650/lpcxpresso/tools/bin/../lib/gcc/arm-none-eabi/5.4.1/../../../../arm-none-eabi/lib/armv7-m\libcr_c.a(memcpy.o)
                              C:\Users\Eric\Documents\LPCXpresso_8.2.2_650\SEM-bldcControl\lpc_chip_15xx\Debug\liblpc_chip_15xx.a(ring_buffer.o) (memcpy)
c:/nxp/lpcxpresso_8.2.2_650/lpcxpresso/tools/bin/../lib/gcc/arm-none-eabi/5.4.1/../../../../arm-none-eabi/lib/armv7-m\libcr_c.a(fpprintf.o)
                              ./src/HallSensor.o (printf)
c:/nxp/lpcxpresso_8.2.2_650/lpcxpresso/tools/bin/../lib/gcc/arm-none-eabi/5.4.1/../../../../arm-none-eabi/lib/armv7-m\libcr_c.a(initio.o)
                              c:/nxp/lpcxpresso_8.2.2_650/lpcxpresso/tools/bin/../lib/gcc/arm-none-eabi/5.4.1/../../../../arm-none-eabi/lib/armv7-m\libcr_semihost.a(_cr__main.o) (_initio)
c:/nxp/lpcxpresso_8.2.2_650/lpcxpresso/tools/bin/../lib/gcc/arm-none-eabi/5.4.1/../../../../arm-none-eabi/lib/armv7-m\libcr_c.a(printf.o)
                              c:/nxp/lpcxpresso_8.2.2_650/lpcxpresso/tools/bin/../lib/gcc/arm-none-eabi/5.4.1/../../../../arm-none-eabi/lib/armv7-m\libcr_c.a(fpprintf.o) (__vfprintf)
c:/nxp/lpcxpresso_8.2.2_650/lpcxpresso/tools/bin/../lib/gcc/arm-none-eabi/5.4.1/../../../../arm-none-eabi/lib/armv7-m\libcr_c.a(setvbuf.o)
                              c:/nxp/lpcxpresso_8.2.2_650/lpcxpresso/tools/bin/../lib/gcc/arm-none-eabi/5.4.1/../../../../arm-none-eabi/lib/armv7-m\libcr_c.a(initio.o) (setvbuf)
[...]
Memory Configuration

Name             Origin             Length             Attributes
MFlash256        0x00000000         0x00040000         xr
Ram0_16          0x02000000         0x00004000         xrw
Ram1_16          0x02004000         0x00004000         xrw
Ram2_4           0x02008000         0x00001000         xrw
*default*        0x00000000         0xffffffff

Linker script and memory map

LOAD ./src/HallSensor.o
LOAD ./src/cr_startup_lpc15xx.o
LOAD ./src/crp.o
LOAD ./src/sysinit.o
LOAD C:\Users\Eric\Documents\LPCXpresso_8.2.2_650\SEM-bldcControl\lpc_board_nxp_lpcxpresso_1549\Debug\liblpc_board_nxp_lpcxpresso_1549.a
LOAD C:\Users\Eric\Documents\LPCXpresso_8.2.2_650\SEM-bldcControl\lpc_chip_15xx\Debug\liblpc_chip_15xx.a
START GROUP
LOAD c:/nxp/lpcxpresso_8.2.2_650/lpcxpresso/tools/bin/../lib/gcc/arm-none-eabi/5.4.1/../../../../arm-none-eabi/lib/armv7-m\libcr_semihost.a
LOAD c:/nxp/lpcxpresso_8.2.2_650/lpcxpresso/tools/bin/../lib/gcc/arm-none-eabi/5.4.1/../../../../arm-none-eabi/lib/armv7-m\libcr_c.a
LOAD c:/nxp/lpcxpresso_8.2.2_650/lpcxpresso/tools/bin/../lib/gcc/arm-none-eabi/5.4.1/armv7-m\libcr_eabihelpers.a
END GROUP
                0x00000000                __base_MFlash256 = 0x0
                0x00000000                __base_Flash = 0x0
                0x00040000                __top_MFlash256 = 0x40000
                0x00040000                __top_Flash = 0x40000
                0x02000000                __base_Ram0_16 = 0x2000000
                0x02000000                __base_RAM = 0x2000000
                0x02004000                __top_Ram0_16 = 0x2004000
                0x02004000                __top_RAM = 0x2004000
                0x02004000                __base_Ram1_16 = 0x2004000
                0x02004000                __base_RAM2 = 0x2004000
                0x02008000                __top_Ram1_16 = 0x2008000
                0x02008000                __top_RAM2 = 0x2008000
                0x02008000                __base_Ram2_4 = 0x2008000
                0x02008000                __base_RAM3 = 0x2008000
                0x02009000                __top_Ram2_4 = 0x2009000
                0x02009000                __top_RAM3 = 0x2009000

.text           0x00000000     0x3d80
 FILL mask 0xff
                0x00000000                __vectors_start__ = ABSOLUTE (.)
 *(.isr_vector)
 .isr_vector    0x00000000       0xfc ./src/cr_startup_lpc15xx.o
                0x00000000                g_pfnVectors
                0x000000fc                . = ALIGN (0x4)
                0x000000fc                __section_table_start = .
                0x000000fc                __data_section_table = .
                0x000000fc        0x4 LONG 0x3d80 LOADADDR (.data)
                0x00000100        0x4 LONG 0x2000000 ADDR (.data)
                0x00000104        0x4 LONG 0x0 SIZEOF (.data)
                0x00000108        0x4 LONG 0x3d80 LOADADDR (.data_RAM2)
                0x0000010c        0x4 LONG 0x2004000 ADDR (.data_RAM2)
                0x00000110        0x4 LONG 0x0 SIZEOF (.data_RAM2)
                0x00000114        0x4 LONG 0x3d80 LOADADDR (.data_RAM3)
                0x00000118        0x4 LONG 0x2008000 ADDR (.data_RAM3)
                0x0000011c        0x4 LONG 0x0 SIZEOF (.data_RAM3)
                0x00000120                __data_section_table_end = .
                0x00000120                __bss_section_table = .
                0x00000120        0x4 LONG 0x2000000 ADDR (.bss)
                0x00000124        0x4 LONG 0x15c SIZEOF (.bss)
                0x00000128        0x4 LONG 0x2004000 ADDR (.bss_RAM2)
                0x0000012c        0x4 LONG 0x0 SIZEOF (.bss_RAM2)
                0x00000130        0x4 LONG 0x2008000 ADDR (.bss_RAM3)
                0x00000134        0x4 LONG 0x0 SIZEOF (.bss_RAM3)
                0x00000138                __bss_section_table_end = .
                0x00000138                __section_table_end = .
 *(.after_vectors*)
 .after_vectors
                0x00000138      0x154 ./src/cr_startup_lpc15xx.o
                0x00000138                data_init
                0x0000017c                bss_init
                0x000001b4                ResetISR
                0x0000023c                NMI_Handler
                0x00000244                HardFault_Handler
                0x0000024c                MemManage_Handler
                0x00000254                BusFault_Handler
                0x0000025c                UsageFault_Handler
                0x00000264                SVC_Handler
                0x0000026c                DebugMon_Handler
                0x00000274                PendSV_Handler
                0x00000284                UART0_IRQHandler
                0x00000284                RIT_IRQHandler
                0x00000284                RTC_WAKE_IRQHandler
                0x00000284                UART1_IRQHandler
                0x00000284                SPI1_IRQHandler
                0x00000284                PIN_INT6_IRQHandler
                0x00000284                IntDefaultHandler
                0x00000284                PIN_INT4_IRQHandler
                0x00000284                CAN_IRQHandler
                0x00000284                RTC_ALARM_IRQHandler
                0x00000284                SCT2_IRQHandler
                0x00000284                ADC1_OVR_IRQHandler
                0x00000284                USBWakeup_IRQHandler
                0x00000284                MRT_IRQHandler
                0x00000284                UART2_IRQHandler
                0x00000284                PIN_INT5_IRQHandler
                0x00000284                SCT1_IRQHandler
                0x00000284                PIN_INT2_IRQHandler
                0x00000284                USB_FIQHandler
                0x00000284                SCT3_IRQHandler
                0x00000284                PIN_INT7_IRQHandler
                0x00000284                PIN_INT1_IRQHandler
                0x00000284                USB_IRQHandler
                0x00000284                BOD_IRQHandler
                0x00000284                ADC0B_IRQHandler
                0x00000284                ACMP0_IRQHandler
                0x00000284                ADC0_OVR_IRQHandler
                0x00000284                WDT_IRQHandler
                0x00000284                ADC1B_IRQHandler
                0x00000284                PIN_INT0_IRQHandler
                0x00000284                QEI_IRQHandler
                0x00000284                ACMP3_IRQHandler
                0x00000284                GINT0_IRQHandler
                0x00000284                DAC_IRQHandler
                0x00000284                SPI0_IRQHandler
                0x00000284                EEPROM_IRQHandler
                0x00000284                ACMP2_IRQHandler
                0x00000284                I2C0_IRQHandler
                0x00000284                DMA_IRQHandler
                0x00000284                PIN_INT3_IRQHandler
                0x00000284                ACMP1_IRQHandler
                0x00000284                SCT0_IRQHandler
                0x00000284                FMC_IRQHandler
                0x00000284                GINT1_IRQHandler
                0x00000284                ADC0_THCMP_IRQHandler
                0x000002fc                . = 0x2fc
 *fill*         0x0000028c       0x70 ff
                0x000002fc                PROVIDE (__CRP_WORD_START__, .)
 *(.crp)
 .crp           0x000002fc        0x4 ./src/crp.o
                0x000002fc                CRP_WORD
                0x00000300                PROVIDE (__CRP_WORD_END__, .)
                0x00000001                ASSERT (! ((__CRP_WORD_START__ == __CRP_WORD_END__)), Linker CRP Enabled, but no CRP_WORD provided within application)
 *(.text*)
 .text.NVIC_EnableIRQ
                0x00000300       0x30 ./src/HallSensor.o
 .text.NVIC_SetPriority
                0x00000330       0x54 ./src/HallSensor.o
 .text.SysTick_Config
                0x00000384       0x44 ./src/HallSensor.o
 .text.Chip_IOCON_PinMuxSet
                0x000003c8       0x2c ./src/HallSensor.o
 .text.Chip_ADC_IsCalibrationDone
                0x000003f4       0x24 ./src/HallSensor.o
 .text.Chip_ADC_SetupSequencer
                0x00000418       0x24 ./src/HallSensor.o
 .text.Chip_ADC_EnableSequencer
                0x0000043c       0x24 ./src/HallSensor.o
 .text.Chip_ADC_StartSequencer
                0x00000460       0x24 ./src/HallSensor.o
 .text.Chip_ADC_GetDataReg
                0x00000484       0x20 ./src/HallSensor.o
 .text.Chip_ADC_SetThrLowValue
                0x000004a4       0x28 ./src/HallSensor.o
 .text.Chip_ADC_SetThrHighValue
                0x000004cc       0x28 ./src/HallSensor.o
 .text.Chip_ADC_GetFlags
                0x000004f4       0x18 ./src/HallSensor.o
 .text.Chip_ADC_ClearFlags
                0x0000050c       0x1c ./src/HallSensor.o
 .text.Chip_ADC_SetTrim
                0x00000528       0x1c ./src/HallSensor.o
 .text.showValudeADC
                0x00000544       0x9c ./src/HallSensor.o
                0x00000544                showValudeADC
 .text.SysTick_Handler
                0x000005e0       0x3c ./src/HallSensor.o
                0x000005e0                SysTick_Handler
 .text.ADC0A_IRQHandler
                0x0000061c       0x38 ./src/HallSensor.o
                0x0000061c                ADC0A_IRQHandler
 .text.ADC1A_IRQHandler
                0x00000654       0x38 ./src/HallSensor.o
                0x00000654                ADC1A_IRQHandler
 .text.ADC1_THCMP_IRQHandler
                0x0000068c       0x38 ./src/HallSensor.o
                0x0000068c                ADC1_THCMP_IRQHandler
 .text.main     0x000006c4      0x1cc ./src/HallSensor.o
                0x000006c4                main
 .text.SystemInit
                0x00000890        0xc ./src/sysinit.o
                0x00000890                SystemInit
 .text.Chip_GPIO_SetPinState
                0x0000089c       0x38 C:\Users\Eric\Documents\LPCXpresso_8.2.2_650\SEM-bldcControl\lpc_board_nxp_lpcxpresso_1549\Debug\liblpc_board_nxp_lpcxpresso_1549.a(board.o)
 .text.Chip_GPIO_SetPinDIROutput
                0x000008d4       0x3c C:\Users\Eric\Documents\LPCXpresso_8.2.2_650\SEM-bldcControl\lpc_board_nxp_lpcxpresso_1549\Debug\liblpc_board_nxp_lpcxpresso_1549.a(board.o)
 .text.Board_LED_Init
                0x00000910       0x5c C:\Users\Eric\Documents\LPCXpresso_8.2.2_650\SEM-bldcControl\lpc_board_nxp_lpcxpresso_1549\Debug\liblpc_board_nxp_lpcxpresso_1549.a(board.o)
 .text.Board_Init
                0x0000096c       0x14 C:\Users\Eric\Documents\LPCXpresso_8.2.2_650\SEM-bldcControl\lpc_board_nxp_lpcxpresso_1549\Debug\liblpc_board_nxp_lpcxpresso_1549.a(board.o)
                0x0000096c                Board_Init
 .text.Chip_SYSCTL_PeriphReset
                0x00000980       0x24 C:\Users\Eric\Documents\LPCXpresso_8.2.2_650\SEM-bldcControl\lpc_board_nxp_lpcxpresso_1549\Debug\liblpc_board_nxp_lpcxpresso_1549.a(board_sysinit.o)
 .text.Chip_Clock_SetUSBPLLSource
                0x000009a4       0x20 C:\Users\Eric\Documents\LPCXpresso_8.2.2_650\SEM-bldcControl\lpc_board_nxp_lpcxpresso_1549\Debug\liblpc_board_nxp_lpcxpresso_1549.a(board_sysinit.o)
 .text.Chip_Clock_SetupUSBPLL
                0x000009c4       0x34 C:\Users\Eric\Documents\LPCXpresso_8.2.2_650\SEM-bldcControl\lpc_board_nxp_lpcxpresso_1549\Debug\liblpc_board_nxp_lpcxpresso_1549.a(board_sysinit.o)
 .text.Chip_Clock_IsUSBPLLLocked
                0x000009f8       0x24 C:\Users\Eric\Documents\LPCXpresso_8.2.2_650\SEM-bldcControl\lpc_board_nxp_lpcxpresso_1549\Debug\liblpc_board_nxp_lpcxpresso_1549.a(board_sysinit.o)
 .text.Chip_Clock_SetSysTickClockDiv
                0x00000a1c       0x20 C:\Users\Eric\Documents\LPCXpresso_8.2.2_650\SEM-bldcControl\lpc_board_nxp_lpcxpresso_1549\Debug\liblpc_board_nxp_lpcxpresso_1549.a(board_sysinit.o)
 .text.Chip_SWM_MovablePortPinAssign
                0x00000a3c       0x30 C:\Users\Eric\Documents\LPCXpresso_8.2.2_650\SEM-bldcControl\lpc_board_nxp_lpcxpresso_1549\Debug\liblpc_board_nxp_lpcxpresso_1549.a(board_sysinit.o)
 .text.Board_SetupMuxing
                0x00000a6c       0x80 C:\Users\Eric\Documents\LPCXpresso_8.2.2_650\SEM-bldcControl\lpc_board_nxp_lpcxpresso_1549\Debug\liblpc_board_nxp_lpcxpresso_1549.a(board_sysinit.o)
                0x00000a6c                Board_SetupMuxing
 .text.Board_SetupClocking
                0x00000aec       0x3c C:\Users\Eric\Documents\LPCXpresso_8.2.2_650\SEM-bldcControl\lpc_board_nxp_lpcxpresso_1549\Debug\liblpc_board_nxp_lpcxpresso_1549.a(board_sysinit.o)
                0x00000aec                Board_SetupClocking
 .text.Board_SystemInit
                0x00000b28       0x1c C:\Users\Eric\Documents\LPCXpresso_8.2.2_650\SEM-bldcControl\lpc_board_nxp_lpcxpresso_1549\Debug\liblpc_board_nxp_lpcxpresso_1549.a(board_sysinit.o)
                0x00000b28                Board_SystemInit
 .text.Chip_SYSCTL_PeriphReset
                0x00000b44       0x24 C:\Users\Eric\Documents\LPCXpresso_8.2.2_650\SEM-bldcControl\lpc_chip_15xx\Debug\liblpc_chip_15xx.a(adc_15xx.o)
 .text.Chip_ADC_SetDivider
                0x00000b68       0x2c C:\Users\Eric\Documents\LPCXpresso_8.2.2_650\SEM-bldcControl\lpc_chip_15xx\Debug\liblpc_chip_15xx.a(adc_15xx.o)
 .text.Chip_ADC_SetIntBits
                0x00000b94       0x28 C:\Users\Eric\Documents\LPCXpresso_8.2.2_650\SEM-bldcControl\lpc_chip_15xx\Debug\liblpc_chip_15xx.a(adc_15xx.o)
                0x00000b94                Chip_ADC_SetIntBits
 .text.Chip_ADC_ClearIntBits
                0x00000bbc       0x2c C:\Users\Eric\Documents\LPCXpresso_8.2.2_650\SEM-bldcControl\lpc_chip_15xx\Debug\liblpc_chip_15xx.a(adc_15xx.o)
                0x00000bbc                Chip_ADC_ClearIntBits
 .text.Chip_ADC_ClearTHRSELBits
                0x00000be8       0x2c C:\Users\Eric\Documents\LPCXpresso_8.2.2_650\SEM-bldcControl\lpc_chip_15xx\Debug\liblpc_chip_15xx.a(adc_15xx.o)
                0x00000be8                Chip_ADC_ClearTHRSELBits
 .text.Chip_ADC_Init
                0x00000c14       0x50 C:\Users\Eric\Documents\LPCXpresso_8.2.2_650\SEM-bldcControl\lpc_chip_15xx\Debug\liblpc_chip_15xx.a(adc_15xx.o)
                0x00000c14                Chip_ADC_Init
 .text.Chip_ADC_SetClockRate
                0x00000c64       0x3c C:\Users\Eric\Documents\LPCXpresso_8.2.2_650\SEM-bldcControl\lpc_chip_15xx\Debug\liblpc_chip_15xx.a(adc_15xx.o)
                0x00000c64                Chip_ADC_SetClockRate
 .text.Chip_ADC_StartCalibration
                0x00000ca0       0x40 C:\Users\Eric\Documents\LPCXpresso_8.2.2_650\SEM-bldcControl\lpc_chip_15xx\Debug\liblpc_chip_15xx.a(adc_15xx.o)
                0x00000ca0                Chip_ADC_StartCalibration
 .text.Chip_ADC_SetSequencerBits
                0x00000ce0       0x38 C:\Users\Eric\Documents\LPCXpresso_8.2.2_650\SEM-bldcControl\lpc_chip_15xx\Debug\liblpc_chip_15xx.a(adc_15xx.o)
                0x00000ce0                Chip_ADC_SetSequencerBits
 .text.Chip_ADC_EnableInt
                0x00000d18       0x1c C:\Users\Eric\Documents\LPCXpresso_8.2.2_650\SEM-bldcControl\lpc_chip_15xx\Debug\liblpc_chip_15xx.a(adc_15xx.o)
                0x00000d18                Chip_ADC_EnableInt
 .text.Chip_ADC_SetThresholdInt
                0x00000d34       0x40 C:\Users\Eric\Documents\LPCXpresso_8.2.2_650\SEM-bldcControl\lpc_chip_15xx\Debug\liblpc_chip_15xx.a(adc_15xx.o)
                0x00000d34                Chip_ADC_SetThresholdInt
 .text.Chip_ADC_SelectTH0Channels
                0x00000d74       0x1c C:\Users\Eric\Documents\LPCXpresso_8.2.2_650\SEM-bldcControl\lpc_chip_15xx\Debug\liblpc_chip_15xx.a(adc_15xx.o)
                0x00000d74                Chip_ADC_SelectTH0Channels
 .text.SystemCoreClockUpdate
                0x00000d90       0x18 C:\Users\Eric\Documents\LPCXpresso_8.2.2_650\SEM-bldcControl\lpc_chip_15xx\Debug\liblpc_chip_15xx.a(chip_15xx.o)
                0x00000d90                SystemCoreClockUpdate
 .text.Chip_Clock_SetMain_A_ClockSource
                0x00000da8       0x20 C:\Users\Eric\Documents\LPCXpresso_8.2.2_650\SEM-bldcControl\lpc_chip_15xx\Debug\liblpc_chip_15xx.a(clock_15xx.o)
 .text.Chip_Clock_GetMain_A_ClockSource
                0x00000dc8       0x18 C:\Users\Eric\Documents\LPCXpresso_8.2.2_650\SEM-bldcControl\lpc_chip_15xx\Debug\liblpc_chip_15xx.a(clock_15xx.o)
 .text.Chip_Clock_SetMain_B_ClockSource
                0x00000de0       0x20 C:\Users\Eric\Documents\LPCXpresso_8.2.2_650\SEM-bldcControl\lpc_chip_15xx\Debug\liblpc_chip_15xx.a(clock_15xx.o)
 .text.Chip_Clock_GetMain_B_ClockSource
                0x00000e00       0x18 C:\Users\Eric\Documents\LPCXpresso_8.2.2_650\SEM-bldcControl\lpc_chip_15xx\Debug\liblpc_chip_15xx.a(clock_15xx.o)
 .text.Chip_Clock_GetSysTickClockDiv
                0x00000e18       0x18 C:\Users\Eric\Documents\LPCXpresso_8.2.2_650\SEM-bldcControl\lpc_chip_15xx\Debug\liblpc_chip_15xx.a(clock_15xx.o)
 .text.Chip_Clock_GetMainOscRate
                0x00000e30       0x14 C:\Users\Eric\Documents\LPCXpresso_8.2.2_650\SEM-bldcControl\lpc_chip_15xx\Debug\liblpc_chip_15xx.a(clock_15xx.o)
 .text.Chip_Clock_GetIntOscRate
                0x00000e44       0x14 C:\Users\Eric\Documents\LPCXpresso_8.2.2_650\SEM-bldcControl\lpc_chip_15xx\Debug\liblpc_chip_15xx.a(clock_15xx.o)
 .text.Chip_Clock_GetRTCOscRate
                0x00000e58       0x14 C:\Users\Eric\Documents\LPCXpresso_8.2.2_650\SEM-bldcControl\lpc_chip_15xx\Debug\liblpc_chip_15xx.a(clock_15xx.o)
 .text.Chip_Clock_GetWDTOSCRate
                0x00000e6c       0x14 C:\Users\Eric\Documents\LPCXpresso_8.2.2_650\SEM-bldcControl\lpc_chip_15xx\Debug\liblpc_chip_15xx.a(clock_15xx.o)
 .text.Chip_Clock_GetPLLFreq
                0x00000e80       0x28 C:\Users\Eric\Documents\LPCXpresso_8.2.2_650\SEM-bldcControl\lpc_chip_15xx\Debug\liblpc_chip_15xx.a(clock_15xx.o)
 .text.Chip_Clock_GetPLLInClockRate
                0x00000ea8       0x38 C:\Users\Eric\Documents\LPCXpresso_8.2.2_650\SEM-bldcControl\lpc_chip_15xx\Debug\liblpc_chip_15xx.a(clock_15xx.o)
 .text.Chip_Clock_GetSystemPLLInClockRate
                0x00000ee0       0x1c C:\Users\Eric\Documents\LPCXpresso_8.2.2_650\SEM-bldcControl\lpc_chip_15xx\Debug\liblpc_chip_15xx.a(clock_15xx.o)
                0x00000ee0                Chip_Clock_GetSystemPLLInClockRate
 .text.Chip_Clock_GetSystemPLLOutClockRate
                0x00000efc       0x24 C:\Users\Eric\Documents\LPCXpresso_8.2.2_650\SEM-bldcControl\lpc_chip_15xx\Debug\liblpc_chip_15xx.a(clock_15xx.o)
                0x00000efc                Chip_Clock_GetSystemPLLOutClockRate
 .text.Chip_Clock_GetMain_A_ClockRate
                0x00000f20       0x44 C:\Users\Eric\Documents\LPCXpresso_8.2.2_650\SEM-bldcControl\lpc_chip_15xx\Debug\liblpc_chip_15xx.a(clock_15xx.o)
                0x00000f20                Chip_Clock_GetMain_A_ClockRate
 .text.Chip_Clock_GetMain_B_ClockRate
                0x00000f64       0x58 C:\Users\Eric\Documents\LPCXpresso_8.2.2_650\SEM-bldcControl\lpc_chip_15xx\Debug\liblpc_chip_15xx.a(clock_15xx.o)
                0x00000f64                Chip_Clock_GetMain_B_ClockRate
 .text.Chip_Clock_SetMainClockSource
                0x00000fbc       0x3c C:\Users\Eric\Documents\LPCXpresso_8.2.2_650\SEM-bldcControl\lpc_chip_15xx\Debug\liblpc_chip_15xx.a(clock_15xx.o)
                0x00000fbc                Chip_Clock_SetMainClockSource
 .text.Chip_Clock_GetMainClockRate
                0x00000ff8       0x28 C:\Users\Eric\Documents\LPCXpresso_8.2.2_650\SEM-bldcControl\lpc_chip_15xx\Debug\liblpc_chip_15xx.a(clock_15xx.o)
                0x00000ff8                Chip_Clock_GetMainClockRate
 .text.Chip_Clock_EnablePeriphClock
                0x00001020       0x54 C:\Users\Eric\Documents\LPCXpresso_8.2.2_650\SEM-bldcControl\lpc_chip_15xx\Debug\liblpc_chip_15xx.a(clock_15xx.o)
                0x00001020                Chip_Clock_EnablePeriphClock
 .text.Chip_Clock_GetSysTickClockRate
                0x00001074       0x30 C:\Users\Eric\Documents\LPCXpresso_8.2.2_650\SEM-bldcControl\lpc_chip_15xx\Debug\liblpc_chip_15xx.a(clock_15xx.o)
                0x00001074                Chip_Clock_GetSysTickClockRate
 .text.Chip_Clock_GetSystemClockRate
                0x000010a4       0x1c C:\Users\Eric\Documents\LPCXpresso_8.2.2_650\SEM-bldcControl\lpc_chip_15xx\Debug\liblpc_chip_15xx.a(clock_15xx.o)
                0x000010a4                Chip_Clock_GetSystemClockRate
 .text.Chip_SYSCTL_PeriphReset
                0x000010c0       0x24 C:\Users\Eric\Documents\LPCXpresso_8.2.2_650\SEM-bldcControl\lpc_chip_15xx\Debug\liblpc_chip_15xx.a(gpio_15xx.o)
 .text.Chip_GPIO_Init
                0x000010e4       0x30 C:\Users\Eric\Documents\LPCXpresso_8.2.2_650\SEM-bldcControl\lpc_chip_15xx\Debug\liblpc_chip_15xx.a(gpio_15xx.o)
                0x000010e4                Chip_GPIO_Init
 .text.Chip_IOCON_PinMuxSet
                0x00001114       0x2c C:\Users\Eric\Documents\LPCXpresso_8.2.2_650\SEM-bldcControl\lpc_chip_15xx\Debug\liblpc_chip_15xx.a(iocon_15xx.o)
 .text.Chip_IOCON_SetPinMuxing
                0x00001140       0x50 C:\Users\Eric\Documents\LPCXpresso_8.2.2_650\SEM-bldcControl\lpc_chip_15xx\Debug\liblpc_chip_15xx.a(iocon_15xx.o)
                0x00001140                Chip_IOCON_SetPinMuxing
 .text.Chip_SWM_MovablePinAssign
                0x00001190       0x5c C:\Users\Eric\Documents\LPCXpresso_8.2.2_650\SEM-bldcControl\lpc_chip_15xx\Debug\liblpc_chip_15xx.a(swm_15xx.o)
                0x00001190                Chip_SWM_MovablePinAssign
 .text.Chip_SWM_EnableFixedPin
                0x000011ec       0x48 C:\Users\Eric\Documents\LPCXpresso_8.2.2_650\SEM-bldcControl\lpc_chip_15xx\Debug\liblpc_chip_15xx.a(swm_15xx.o)
                0x000011ec                Chip_SWM_EnableFixedPin
 .text.Chip_SYSCTL_AssertPeriphReset
                0x00001234       0x48 C:\Users\Eric\Documents\LPCXpresso_8.2.2_650\SEM-bldcControl\lpc_chip_15xx\Debug\liblpc_chip_15xx.a(sysctl_15xx.o)
                0x00001234                Chip_SYSCTL_AssertPeriphReset
 .text.Chip_SYSCTL_DeassertPeriphReset
                0x0000127c       0x4c C:\Users\Eric\Documents\LPCXpresso_8.2.2_650\SEM-bldcControl\lpc_chip_15xx\Debug\liblpc_chip_15xx.a(sysctl_15xx.o)
                0x0000127c                Chip_SYSCTL_DeassertPeriphReset
 .text.Chip_SYSCTL_PowerDown
                0x000012c8       0x40 C:\Users\Eric\Documents\LPCXpresso_8.2.2_650\SEM-bldcControl\lpc_chip_15xx\Debug\liblpc_chip_15xx.a(sysctl_15xx.o)
                0x000012c8                Chip_SYSCTL_PowerDown
 .text.Chip_SYSCTL_PowerUp
                0x00001308       0x40 C:\Users\Eric\Documents\LPCXpresso_8.2.2_650\SEM-bldcControl\lpc_chip_15xx\Debug\liblpc_chip_15xx.a(sysctl_15xx.o)
                0x00001308                Chip_SYSCTL_PowerUp
 .text.Chip_FMC_SetFLASHAccess
                0x00001348       0x38 C:\Users\Eric\Documents\LPCXpresso_8.2.2_650\SEM-bldcControl\lpc_chip_15xx\Debug\liblpc_chip_15xx.a(sysinit_15xx.o)
 .text.Chip_Clock_SetSystemPLLSource
                0x00001380       0x20 C:\Users\Eric\Documents\LPCXpresso_8.2.2_650\SEM-bldcControl\lpc_chip_15xx\Debug\liblpc_chip_15xx.a(sysinit_15xx.o)
 .text.Chip_Clock_SetupSystemPLL
                0x000013a0       0x34 C:\Users\Eric\Documents\LPCXpresso_8.2.2_650\SEM-bldcControl\lpc_chip_15xx\Debug\liblpc_chip_15xx.a(sysinit_15xx.o)
 .text.Chip_Clock_IsSystemPLLLocked
                0x000013d4       0x24 C:\Users\Eric\Documents\LPCXpresso_8.2.2_650\SEM-bldcControl\lpc_chip_15xx\Debug\liblpc_chip_15xx.a(sysinit_15xx.o)
 .text.Chip_Clock_SetSysClockDiv
                0x000013f8       0x20 C:\Users\Eric\Documents\LPCXpresso_8.2.2_650\SEM-bldcControl\lpc_chip_15xx\Debug\liblpc_chip_15xx.a(sysinit_15xx.o)
 .text.Chip_SetupXtalClocking
                0x00001418       0x6c C:\Users\Eric\Documents\LPCXpresso_8.2.2_650\SEM-bldcControl\lpc_chip_15xx\Debug\liblpc_chip_15xx.a(sysinit_15xx.o)
                0x00001418                Chip_SetupXtalClocking
 .text.__main   0x00001484       0x14 c:/nxp/lpcxpresso_8.2.2_650/lpcxpresso/tools/bin/../lib/gcc/arm-none-eabi/5.4.1/../../../../arm-none-eabi/lib/armv7-m\libcr_semihost.a(_cr__main.o)
                0x00001484                __CR_SEMIHOST
                0x00001484                __main
 .text.fp_round
                0x00001498       0x4c c:/nxp/lpcxpresso_8.2.2_650/lpcxpresso/tools/bin/../lib/gcc/arm-none-eabi/5.4.1/../../../../arm-none-eabi/lib/armv7-m\libcr_c.a(fpprintf.o)
 .text.pr_dec.constprop.1
                0x000014e4       0x26 c:/nxp/lpcxpresso_8.2.2_650/lpcxpresso/tools/bin/../lib/gcc/arm-none-eabi/5.4.1/../../../../arm-none-eabi/lib/armv7-m\libcr_c.a(fpprintf.o)
 *fill*         0x0000150a        0x2 ff
 .text.sprintf  0x0000150c       0x6c c:/nxp/lpcxpresso_8.2.2_650/lpcxpresso/tools/bin/../lib/gcc/arm-none-eabi/5.4.1/../../../../arm-none-eabi/lib/armv7-m\libcr_c.a(fpprintf.o)
                0x0000150c                sprintf
 .text.fp_display
                0x00001578      0x8ec c:/nxp/lpcxpresso_8.2.2_650/lpcxpresso/tools/bin/../lib/gcc/arm-none-eabi/5.4.1/../../../../arm-none-eabi/lib/armv7-m\libcr_c.a(fpprintf.o)
 .text.vsnprintf
                0x00001e64       0x5c c:/nxp/lpcxpresso_8.2.2_650/lpcxpresso/tools/bin/../lib/gcc/arm-none-eabi/5.4.1/../../../../arm-none-eabi/lib/armv7-m\libcr_c.a(fpprintf.o)
                0x00001e64                vsnprintf
 .text.printf   0x00001ec0       0x54 c:/nxp/lpcxpresso_8.2.2_650/lpcxpresso/tools/bin/../lib/gcc/arm-none-eabi/5.4.1/../../../../arm-none-eabi/lib/armv7-m\libcr_c.a(fpprintf.o)
                0x00001ec0                printf
 .text._initio  0x00001f14       0xa4 c:/nxp/lpcxpresso_8.2.2_650/lpcxpresso/tools/bin/../lib/gcc/arm-none-eabi/5.4.1/../../../../arm-none-eabi/lib/armv7-m\libcr_c.a(initio.o)
                0x00001f14                _initio
 .text.__vfprintf
                0x00001fb8      0xd28 c:/nxp/lpcxpresso_8.2.2_650/lpcxpresso/tools/bin/../lib/gcc/arm-none-eabi/5.4.1/../../../../arm-none-eabi/lib/armv7-m\libcr_c.a(printf.o)
                0x00001fb8                __vfprintf
 .text.setvbuf  0x00002ce0       0x40 c:/nxp/lpcxpresso_8.2.2_650/lpcxpresso/tools/bin/../lib/gcc/arm-none-eabi/5.4.1/../../../../arm-none-eabi/lib/armv7-m\libcr_c.a(setvbuf.o)
                0x00002ce0                setvbuf
 .text.strlen   0x00002d20       0x4a c:/nxp/lpcxpresso_8.2.2_650/lpcxpresso/tools/bin/../lib/gcc/arm-none-eabi/5.4.1/../../../../arm-none-eabi/lib/armv7-m\libcr_c.a(strlen.o)
                0x00002d20                strlen
 .text.memset   0x00002d6a        0x4 c:/nxp/lpcxpresso_8.2.2_650/lpcxpresso/tools/bin/../lib/gcc/arm-none-eabi/5.4.1/../../../../arm-none-eabi/lib/armv7-m\libcr_c.a(memset.o)
                0x00002d6a                memset
 .text._deferredlazyseek
                0x00002d6e       0x44 c:/nxp/lpcxpresso_8.2.2_650/lpcxpresso/tools/bin/../lib/gcc/arm-none-eabi/5.4.1/../../../../arm-none-eabi/lib/armv7-m\libcr_c.a(_deferredlazyseek.o)
                0x00002d6e                _deferredlazyseek
 .text.__flsbuf
                0x00002db2      0x140 c:/nxp/lpcxpresso_8.2.2_650/lpcxpresso/tools/bin/../lib/gcc/arm-none-eabi/5.4.1/../../../../arm-none-eabi/lib/armv7-m\libcr_c.a(_deferredlazyseek.o)
                0x00002db2                __flsbuf
 .text._fdopen  0x00002ef2       0x6a c:/nxp/lpcxpresso_8.2.2_650/lpcxpresso/tools/bin/../lib/gcc/arm-none-eabi/5.4.1/../../../../arm-none-eabi/lib/armv7-m\libcr_c.a(_fdopen.o)
                0x00002ef2                _fdopen
 .text._fflush  0x00002f5c       0x58 c:/nxp/lpcxpresso_8.2.2_650/lpcxpresso/tools/bin/../lib/gcc/arm-none-eabi/5.4.1/../../../../arm-none-eabi/lib/armv7-m\libcr_c.a(_fflush.o)
                0x00002f5c                _fflush
 .text._frexpl  0x00002fb4       0x5a c:/nxp/lpcxpresso_8.2.2_650/lpcxpresso/tools/bin/../lib/gcc/arm-none-eabi/5.4.1/../../../../arm-none-eabi/lib/armv7-m\libcr_c.a(_frexpl.o)
                0x00002fb4                _frexpl
 *fill*         0x0000300e        0x2 ff
 .text._ldexpl  0x00003010       0x4c c:/nxp/lpcxpresso_8.2.2_650/lpcxpresso/tools/bin/../lib/gcc/arm-none-eabi/5.4.1/../../../../arm-none-eabi/lib/armv7-m\libcr_c.a(_ldexpl.o)
                0x00003010                _ldexpl
 .text._Cwritebuf
                0x0000305c       0x68 c:/nxp/lpcxpresso_8.2.2_650/lpcxpresso/tools/bin/../lib/gcc/arm-none-eabi/5.4.1/../../../../arm-none-eabi/lib/armv7-m\libcr_c.a(_writebuf.o)
                0x0000305c                _Cwritebuf
 .text.malloc   0x000030c4       0xc8 c:/nxp/lpcxpresso_8.2.2_650/lpcxpresso/tools/bin/../lib/gcc/arm-none-eabi/5.4.1/../../../../arm-none-eabi/lib/armv7-m\libcr_c.a(alloc.o)
                0x000030c4                malloc
 .text.free     0x0000318c       0x30 c:/nxp/lpcxpresso_8.2.2_650/lpcxpresso/tools/bin/../lib/gcc/arm-none-eabi/5.4.1/../../../../arm-none-eabi/lib/armv7-m\libcr_c.a(alloc.o)
                0x0000318c                free
 .text._Csys_alloc
                0x000031bc       0x20 c:/nxp/lpcxpresso_8.2.2_650/lpcxpresso/tools/bin/../lib/gcc/arm-none-eabi/5.4.1/../../../../arm-none-eabi/lib/armv7-m\libcr_c.a(alloc.o)
                0x000031bc                _Csys_alloc
 .text.fclose   0x000031dc       0x6c c:/nxp/lpcxpresso_8.2.2_650/lpcxpresso/tools/bin/../lib/gcc/arm-none-eabi/5.4.1/../../../../arm-none-eabi/lib/armv7-m\libcr_c.a(fclose.o)
                0x000031dc                fclose
 .text.fflush   0x00003248       0x30 c:/nxp/lpcxpresso_8.2.2_650/lpcxpresso/tools/bin/../lib/gcc/arm-none-eabi/5.4.1/../../../../arm-none-eabi/lib/armv7-m\libcr_c.a(fflush.o)
                0x00003248                fflush
 .text.fseek    0x00003278      0x110 c:/nxp/lpcxpresso_8.2.2_650/lpcxpresso/tools/bin/../lib/gcc/arm-none-eabi/5.4.1/../../../../arm-none-eabi/lib/armv7-m\libcr_c.a(fseek.o)
                0x00003278                fseek
 .text.ftell    0x00003388       0x4c c:/nxp/lpcxpresso_8.2.2_650/lpcxpresso/tools/bin/../lib/gcc/arm-none-eabi/5.4.1/../../../../arm-none-eabi/lib/armv7-m\libcr_c.a(ftell.o)
                0x00003388                ftell
 .text.remove   0x000033d4       0x14 c:/nxp/lpcxpresso_8.2.2_650/lpcxpresso/tools/bin/../lib/gcc/arm-none-eabi/5.4.1/../../../../arm-none-eabi/lib/armv7-m\libcr_c.a(remove.o)
                0x000033d4                remove
 .text._sbrk    0x000033e8       0x40 c:/nxp/lpcxpresso_8.2.2_650/lpcxpresso/tools/bin/../lib/gcc/arm-none-eabi/5.4.1/../../../../arm-none-eabi/lib/armv7-m\libcr_c.a(_cr_sbrk.o)
                0x000033e8                _sbrk
 .text._do_fflush
                0x00003428       0x44 c:/nxp/lpcxpresso_8.2.2_650/lpcxpresso/tools/bin/../lib/gcc/arm-none-eabi/5.4.1/../../../../arm-none-eabi/lib/armv7-m\libcr_c.a(_do_fflush.o)
                0x00003428                _do_fflush
 .text.__check_heap_overflow
                0x0000346c       0x18 c:/nxp/lpcxpresso_8.2.2_650/lpcxpresso/tools/bin/../lib/gcc/arm-none-eabi/5.4.1/../../../../arm-none-eabi/lib/armv7-m\libcr_c.a(_cr_check_heap.o)
                0x0000346c                __check_heap_overflow
 .text.__aeabi_dmul
                0x00003484      0x110 c:/nxp/lpcxpresso_8.2.2_650/lpcxpresso/tools/bin/../lib/gcc/arm-none-eabi/5.4.1/armv7-m\libcr_eabihelpers.a(double.o)
                0x00003484                __aeabi_dmul
 .text.__aeabi_ddiv
                0x00003594      0x138 c:/nxp/lpcxpresso_8.2.2_650/lpcxpresso/tools/bin/../lib/gcc/arm-none-eabi/5.4.1/armv7-m\libcr_eabihelpers.a(double.o)
                0x00003594                __aeabi_ddiv
 .text.__aeabi_dsub
                0x000036cc      0x1a0 c:/nxp/lpcxpresso_8.2.2_650/lpcxpresso/tools/bin/../lib/gcc/arm-none-eabi/5.4.1/armv7-m\libcr_eabihelpers.a(double.o)
                0x000036cc                __aeabi_dsub
 .text.__aeabi_dadd
                0x0000386c      0x10c c:/nxp/lpcxpresso_8.2.2_650/lpcxpresso/tools/bin/../lib/gcc/arm-none-eabi/5.4.1/armv7-m\libcr_eabihelpers.a(double.o)
                0x0000386c                __aeabi_dadd
 .text.__aeabi_d2iz
                0x00003978       0x40 c:/nxp/lpcxpresso_8.2.2_650/lpcxpresso/tools/bin/../lib/gcc/arm-none-eabi/5.4.1/armv7-m\libcr_eabihelpers.a(double.o)
                0x00003978                __aeabi_d2iz
 .text.__bhs_ui2d
                0x000039b8       0x46 c:/nxp/lpcxpresso_8.2.2_650/lpcxpresso/tools/bin/../lib/gcc/arm-none-eabi/5.4.1/armv7-m\libcr_eabihelpers.a(double.o)
                0x000039b8                __bhs_ui2d
 .text.__aeabi_i2d
                0x000039fe       0x10 c:/nxp/lpcxpresso_8.2.2_650/lpcxpresso/tools/bin/../lib/gcc/arm-none-eabi/5.4.1/armv7-m\libcr_eabihelpers.a(double.o)
                0x000039fe                __aeabi_i2d
 .text.__aeabi_dcmpeq
                0x00003a0e       0x2c c:/nxp/lpcxpresso_8.2.2_650/lpcxpresso/tools/bin/../lib/gcc/arm-none-eabi/5.4.1/armv7-m\libcr_eabihelpers.a(double.o)
                0x00003a0e                __aeabi_dcmpeq
 .text.__aeabi_dcmplt
                0x00003a3a       0x54 c:/nxp/lpcxpresso_8.2.2_650/lpcxpresso/tools/bin/../lib/gcc/arm-none-eabi/5.4.1/armv7-m\libcr_eabihelpers.a(double.o)
                0x00003a3a                __aeabi_dcmplt
 .text.__aeabi_dcmple
                0x00003a8e       0x54 c:/nxp/lpcxpresso_8.2.2_650/lpcxpresso/tools/bin/../lib/gcc/arm-none-eabi/5.4.1/armv7-m\libcr_eabihelpers.a(double.o)
                0x00003a8e                __aeabi_dcmple
 .text.__aeabi_dcmpge
                0x00003ae2       0x54 c:/nxp/lpcxpresso_8.2.2_650/lpcxpresso/tools/bin/../lib/gcc/arm-none-eabi/5.4.1/armv7-m\libcr_eabihelpers.a(double.o)
                0x00003ae2                __aeabi_dcmpge
 .text.__aeabi_memset_lowlevel
                0x00003b36       0x32 c:/nxp/lpcxpresso_8.2.2_650/lpcxpresso/tools/bin/../lib/gcc/arm-none-eabi/5.4.1/armv7-m\libcr_eabihelpers.a(memcpy.o)
                0x00003b36                __aeabi_lowlevel_memset
 .text.__sys_appexit
                0x00003b68        0xc c:/nxp/lpcxpresso_8.2.2_650/lpcxpresso/tools/bin/../lib/gcc/arm-none-eabi/5.4.1/../../../../arm-none-eabi/lib/armv7-m\libcr_semihost.a(__sys_appexit.o)
                0x00003b68                __sys_appexit
                0x00003b68                __exit
 .text.__sys_close
                0x00003b74        0xc c:/nxp/lpcxpresso_8.2.2_650/lpcxpresso/tools/bin/../lib/gcc/arm-none-eabi/5.4.1/../../../../arm-none-eabi/lib/armv7-m\libcr_semihost.a(__sys_close.o)
                0x00003b74                __sys_close
 .text.__sys_flen
                0x00003b80        0xc c:/nxp/lpcxpresso_8.2.2_650/lpcxpresso/tools/bin/../lib/gcc/arm-none-eabi/5.4.1/../../../../arm-none-eabi/lib/armv7-m\libcr_semihost.a(__sys_flen.o)
                0x00003b80                __sys_flen
 .text.__sys_istty
                0x00003b8c        0xc c:/nxp/lpcxpresso_8.2.2_650/lpcxpresso/tools/bin/../lib/gcc/arm-none-eabi/5.4.1/../../../../arm-none-eabi/lib/armv7-m\libcr_semihost.a(__sys_istty.o)
                0x00003b8c                __sys_istty
 .text.__sys_remove
                0x00003b98        0xc c:/nxp/lpcxpresso_8.2.2_650/lpcxpresso/tools/bin/../lib/gcc/arm-none-eabi/5.4.1/../../../../arm-none-eabi/lib/armv7-m\libcr_semihost.a(__sys_remove.o)
                0x00003b98                __sys_remove
 .text.__sys_seek
                0x00003ba4        0xc c:/nxp/lpcxpresso_8.2.2_650/lpcxpresso/tools/bin/../lib/gcc/arm-none-eabi/5.4.1/../../../../arm-none-eabi/lib/armv7-m\libcr_semihost.a(__sys_seek.o)
                0x00003ba4                __sys_seek
 .text.__sys_tmpnam
                0x00003bb0        0xc c:/nxp/lpcxpresso_8.2.2_650/lpcxpresso/tools/bin/../lib/gcc/arm-none-eabi/5.4.1/../../../../arm-none-eabi/lib/armv7-m\libcr_semihost.a(__sys_tmpnam.o)
                0x00003bb0                __sys_tmpnam
 .text.__sys_write
                0x00003bbc        0xc c:/nxp/lpcxpresso_8.2.2_650/lpcxpresso/tools/bin/../lib/gcc/arm-none-eabi/5.4.1/../../../../arm-none-eabi/lib/armv7-m\libcr_semihost.a(__sys_write.o)
                0x00003bbc                __sys_write
                0x00003bbc                __write
 *(.rodata .rodata.* .constdata .constdata.*)
 .rodata        0x00003bc8       0xa3 ./src/HallSensor.o
 *fill*         0x00003c6b        0x1 ff
 .rodata.OscRateIn
                0x00003c6c        0x4 C:\Users\Eric\Documents\LPCXpresso_8.2.2_650\SEM-bldcControl\lpc_board_nxp_lpcxpresso_1549\Debug\liblpc_board_nxp_lpcxpresso_1549.a(board.o)
                0x00003c6c                OscRateIn
 .rodata.RTCOscRateIn
                0x00003c70        0x4 C:\Users\Eric\Documents\LPCXpresso_8.2.2_650\SEM-bldcControl\lpc_board_nxp_lpcxpresso_1549\Debug\liblpc_board_nxp_lpcxpresso_1549.a(board.o)
                0x00003c70                RTCOscRateIn
 .rodata.ledpins
                0x00003c74        0x3 C:\Users\Eric\Documents\LPCXpresso_8.2.2_650\SEM-bldcControl\lpc_board_nxp_lpcxpresso_1549\Debug\liblpc_board_nxp_lpcxpresso_1549.a(board.o)
 *fill*         0x00003c77        0x1 ff
 .rodata.ledports
                0x00003c78        0x3 C:\Users\Eric\Documents\LPCXpresso_8.2.2_650\SEM-bldcControl\lpc_board_nxp_lpcxpresso_1549\Debug\liblpc_board_nxp_lpcxpresso_1549.a(board.o)
 *fill*         0x00003c7b        0x1 ff
 .rodata.ioconSetup
                0x00003c7c       0x74 C:\Users\Eric\Documents\LPCXpresso_8.2.2_650\SEM-bldcControl\lpc_board_nxp_lpcxpresso_1549\Debug\liblpc_board_nxp_lpcxpresso_1549.a(board_sysinit.o)
 .rodata.swmSetup
                0x00003cf0        0x6 C:\Users\Eric\Documents\LPCXpresso_8.2.2_650\SEM-bldcControl\lpc_board_nxp_lpcxpresso_1549\Debug\liblpc_board_nxp_lpcxpresso_1549.a(board_sysinit.o)
 .rodata.str1.1
                0x00003cf6       0x34 c:/nxp/lpcxpresso_8.2.2_650/lpcxpresso/tools/bin/../lib/gcc/arm-none-eabi/5.4.1/../../../../arm-none-eabi/lib/armv7-m\libcr_c.a(fpprintf.o)
                                 0x35 (size before relaxing)
 .rodata.str1.1
                0x00003d2a        0x4 c:/nxp/lpcxpresso_8.2.2_650/lpcxpresso/tools/bin/../lib/gcc/arm-none-eabi/5.4.1/../../../../arm-none-eabi/lib/armv7-m\libcr_c.a(initio.o)
 .rodata.str1.1
                0x00003d2e       0x31 c:/nxp/lpcxpresso_8.2.2_650/lpcxpresso/tools/bin/../lib/gcc/arm-none-eabi/5.4.1/../../../../arm-none-eabi/lib/armv7-m\libcr_c.a(printf.o)
                                 0x38 (size before relaxing)
 .rodata.str1.1
                0x00003d5f       0x18 c:/nxp/lpcxpresso_8.2.2_650/lpcxpresso/tools/bin/../lib/gcc/arm-none-eabi/5.4.1/../../../../arm-none-eabi/lib/armv7-m\libcr_c.a(alloc.o)
 *fill*         0x00003d77        0x1 ff
 .rodata.__huge_vall
                0x00003d78        0x8 c:/nxp/lpcxpresso_8.2.2_650/lpcxpresso/tools/bin/../lib/gcc/arm-none-eabi/5.4.1/../../../../arm-none-eabi/lib/armv7-m\libcr_c.a(_hugeval.o)
                0x00003d78                __huge_vall
                0x00003d80                . = ALIGN (0x4)

.glue_7         0x00003d80        0x0
 .glue_7        0x00003d80        0x0 linker stubs

.glue_7t        0x00003d80        0x0
 .glue_7t       0x00003d80        0x0 linker stubs

.vfp11_veneer   0x00003d80        0x0
 .vfp11_veneer  0x00003d80        0x0 linker stubs

.v4_bx          0x00003d80        0x0
 .v4_bx         0x00003d80        0x0 linker stubs

.iplt           0x00003d80        0x0
 .iplt          0x00003d80        0x0 ./src/HallSensor.o

.rel.dyn        0x00003d80        0x0
 .rel.iplt      0x00003d80        0x0 ./src/HallSensor.o

.ARM.extab
 *(.ARM.extab* .gnu.linkonce.armextab.*)
                0x00003d80                __exidx_start = .

.ARM.exidx
 *(.ARM.exidx* .gnu.linkonce.armexidx.*)
                0x00003d80                __exidx_end = .
                0x00003d80                _etext = .

.data_RAM2      0x02004000        0x0 load address 0x00003d80
 FILL mask 0xff
                [!provide]                PROVIDE (__start_data_RAM2, .)
 *(.ramfunc.$RAM2)
 *(.ramfunc.$Ram1_16)
 *(.data.$RAM2*)
 *(.data.$Ram1_16*)
                0x02004000                . = ALIGN (0x4)
                [!provide]                PROVIDE (__end_data_RAM2, .)

.data_RAM3      0x02008000        0x0 load address 0x00003d80
 FILL mask 0xff
                [!provide]                PROVIDE (__start_data_RAM3, .)
 *(.ramfunc.$RAM3)
 *(.ramfunc.$Ram2_4)
 *(.data.$RAM3*)
 *(.data.$Ram2_4*)
                0x02008000                . = ALIGN (0x4)
                [!provide]                PROVIDE (__end_data_RAM3, .)

.uninit_RESERVED
                0x02000000        0x0
 *(.bss.$RESERVED*)
                0x02000000                . = ALIGN (0x4)
                0x02000000                _end_uninit_RESERVED = .

.data           0x02000000        0x0 load address 0x00003d80
 FILL mask 0xff
                0x02000000                _data = .
 *(vtable)
 *(.ramfunc*)
 *(.data*)
                0x02000000                . = ALIGN (0x4)
                0x02000000                _edata = .

.igot.plt       0x02000000        0x0 load address 0x00003d80
 .igot.plt      0x02000000        0x0 ./src/HallSensor.o

.bss_RAM2       0x02004000        0x0
                [!provide]                PROVIDE (__start_bss_RAM2, .)
 *(.bss.$RAM2*)
 *(.bss.$Ram1_16*)
                0x02004000                . = ALIGN ((. != 0x0)?0x4:0x1)
                [!provide]                PROVIDE (__end_bss_RAM2, .)

.bss_RAM3       0x02008000        0x0
                [!provide]                PROVIDE (__start_bss_RAM3, .)
 *(.bss.$RAM3*)
 *(.bss.$Ram2_4*)
                0x02008000                . = ALIGN ((. != 0x0)?0x4:0x1)
                [!provide]                PROVIDE (__end_bss_RAM3, .)

.bss            0x02000000      0x15c
                0x02000000                _bss = .
 *(.bss*)
 .bss.sequence0Complete
                0x02000000        0x1 ./src/HallSensor.o
 .bss.sequence1Complete
                0x02000001        0x1 ./src/HallSensor.o
 .bss.threshold1Crossed
                0x02000002        0x1 ./src/HallSensor.o
 *fill*         0x02000003        0x1 
 .bss.count.8168
                0x02000004        0x4 ./src/HallSensor.o
 .bss._extra    0x02000008        0x4 c:/nxp/lpcxpresso_8.2.2_650/lpcxpresso/tools/bin/../lib/gcc/arm-none-eabi/5.4.1/../../../../arm-none-eabi/lib/armv7-m\libcr_c.a(initio.o)
                0x02000008                _extra
 .bss.__Ciob    0x0200000c      0x140 c:/nxp/lpcxpresso_8.2.2_650/lpcxpresso/tools/bin/../lib/gcc/arm-none-eabi/5.4.1/../../../../arm-none-eabi/lib/armv7-m\libcr_c.a(stdio.o)
                0x0200000c                __Ciob
 .bss.errno     0x0200014c        0x4 c:/nxp/lpcxpresso_8.2.2_650/lpcxpresso/tools/bin/../lib/gcc/arm-none-eabi/5.4.1/../../../../arm-none-eabi/lib/armv7-m\libcr_c.a(errno.o)
                0x0200014c                errno
 .bss.__heaps   0x02000150        0x4 c:/nxp/lpcxpresso_8.2.2_650/lpcxpresso/tools/bin/../lib/gcc/arm-none-eabi/5.4.1/../../../../arm-none-eabi/lib/armv7-m\libcr_c.a(__init_alloc.o)
                0x02000150                __heaps
 .bss.__end_of_heap
                0x02000154        0x4 c:/nxp/lpcxpresso_8.2.2_650/lpcxpresso/tools/bin/../lib/gcc/arm-none-eabi/5.4.1/../../../../arm-none-eabi/lib/armv7-m\libcr_c.a(__init_alloc.o)
                0x02000154                __end_of_heap
 *(COMMON)
 COMMON         0x02000158        0x4 C:\Users\Eric\Documents\LPCXpresso_8.2.2_650\SEM-bldcControl\lpc_chip_15xx\Debug\liblpc_chip_15xx.a(chip_15xx.o)
                0x02000158                SystemCoreClock
                0x0200015c                . = ALIGN (0x4)
                0x0200015c                _ebss = .
                [!provide]                PROVIDE (end, .)

.noinit_RAM2    0x02004000        0x0
 *(.noinit.$RAM2*)
 *(.noinit.$Ram1_16*)
                0x02004000                . = ALIGN (0x4)

.noinit_RAM3    0x02008000        0x0
 *(.noinit.$RAM3*)
 *(.noinit.$Ram2_4*)
                0x02008000                . = ALIGN (0x4)

.noinit         0x0200015c        0x0
                0x0200015c                _noinit = .
 *(.noinit*)
                0x0200015c                . = ALIGN (0x4)
                0x0200015c                _end_noinit = .
                0x0200015c                PROVIDE (_pvHeapStart, DEFINED (__user_heap_base)?__user_heap_base:.)
                0x02004000                PROVIDE (_vStackTop, DEFINED (__user_stack_top)?__user_stack_top:(__top_Ram0_16 - 0x0))
                0xfdffb2ca                PROVIDE (__valid_user_code_checksum, (0x0 - ((((((_vStackTop + (ResetISR + 0x1)) + (NMI_Handler + 0x1)) + (HardFault_Handler + 0x1)) + (DEFINED (MemManage_Handler)?MemManage_Handler:0x0 + 0x1)) + (DEFINED (BusFault_Handler)?BusFault_Handler:0x0 + 0x1)) + (DEFINED (UsageFault_Handler)?UsageFault_Handler:0x0 + 0x1))))
OUTPUT(HallSensor.axf elf32-littlearm)

.debug_info     0x00000000     0x6347
 .debug_info    0x00000000      0xe00 ./src/HallSensor.o
 .debug_info    0x00000e00      0x279 ./src/cr_startup_lpc15xx.o
 .debug_info    0x00001079       0x3f ./src/crp.o
 .debug_info    0x000010b8       0xd8 ./src/sysinit.o
 .debug_info    0x00001190      0xa2c C:\Users\Eric\Documents\LPCXpresso_8.2.2_650\SEM-bldcControl\lpc_board_nxp_lpcxpresso_1549\Debug\liblpc_board_nxp_lpcxpresso_1549.a(board.o)
 .debug_info    0x00001bbc      0xc90 C:\Users\Eric\Documents\LPCXpresso_8.2.2_650\SEM-bldcControl\lpc_board_nxp_lpcxpresso_1549\Debug\liblpc_board_nxp_lpcxpresso_1549.a(board_sysinit.o)
 .debug_info    0x0000284c      0x7a5 C:\Users\Eric\Documents\LPCXpresso_8.2.2_650\SEM-bldcControl\lpc_chip_15xx\Debug\liblpc_chip_15xx.a(adc_15xx.o)
 .debug_info    0x00002ff1      0x98d C:\Users\Eric\Documents\LPCXpresso_8.2.2_650\SEM-bldcControl\lpc_chip_15xx\Debug\liblpc_chip_15xx.a(chip_15xx.o)
 .debug_info    0x0000397e      0xd3e C:\Users\Eric\Documents\LPCXpresso_8.2.2_650\SEM-bldcControl\lpc_chip_15xx\Debug\liblpc_chip_15xx.a(clock_15xx.o)
 .debug_info    0x000046bc      0x624 C:\Users\Eric\Documents\LPCXpresso_8.2.2_650\SEM-bldcControl\lpc_chip_15xx\Debug\liblpc_chip_15xx.a(gpio_15xx.o)
 .debug_info    0x00004ce0      0x1f9 C:\Users\Eric\Documents\LPCXpresso_8.2.2_650\SEM-bldcControl\lpc_chip_15xx\Debug\liblpc_chip_15xx.a(iocon_15xx.o)
 .debug_info    0x00004ed9      0x5ea C:\Users\Eric\Documents\LPCXpresso_8.2.2_650\SEM-bldcControl\lpc_chip_15xx\Debug\liblpc_chip_15xx.a(swm_15xx.o)
 .debug_info    0x000054c3      0x74c C:\Users\Eric\Documents\LPCXpresso_8.2.2_650\SEM-bldcControl\lpc_chip_15xx\Debug\liblpc_chip_15xx.a(sysctl_15xx.o)
 .debug_info    0x00005c0f      0x738 C:\Users\Eric\Documents\LPCXpresso_8.2.2_650\SEM-bldcControl\lpc_chip_15xx\Debug\liblpc_chip_15xx.a(sysinit_15xx.o)

.debug_abbrev   0x00000000     0x14c5
 .debug_abbrev  0x00000000      0x2a7 ./src/HallSensor.o
 .debug_abbrev  0x000002a7       0xed ./src/cr_startup_lpc15xx.o
 .debug_abbrev  0x00000394       0x36 ./src/crp.o
 .debug_abbrev  0x000003ca       0x82 ./src/sysinit.o
 .debug_abbrev  0x0000044c      0x20e C:\Users\Eric\Documents\LPCXpresso_8.2.2_650\SEM-bldcControl\lpc_board_nxp_lpcxpresso_1549\Debug\liblpc_board_nxp_lpcxpresso_1549.a(board.o)
 .debug_abbrev  0x0000065a      0x208 C:\Users\Eric\Documents\LPCXpresso_8.2.2_650\SEM-bldcControl\lpc_board_nxp_lpcxpresso_1549\Debug\liblpc_board_nxp_lpcxpresso_1549.a(board_sysinit.o)
 .debug_abbrev  0x00000862      0x195 C:\Users\Eric\Documents\LPCXpresso_8.2.2_650\SEM-bldcControl\lpc_chip_15xx\Debug\liblpc_chip_15xx.a(adc_15xx.o)
 .debug_abbrev  0x000009f7      0x1b3 C:\Users\Eric\Documents\LPCXpresso_8.2.2_650\SEM-bldcControl\lpc_chip_15xx\Debug\liblpc_chip_15xx.a(chip_15xx.o)
 .debug_abbrev  0x00000baa      0x285 C:\Users\Eric\Documents\LPCXpresso_8.2.2_650\SEM-bldcControl\lpc_chip_15xx\Debug\liblpc_chip_15xx.a(clock_15xx.o)
 .debug_abbrev  0x00000e2f      0x16a C:\Users\Eric\Documents\LPCXpresso_8.2.2_650\SEM-bldcControl\lpc_chip_15xx\Debug\liblpc_chip_15xx.a(gpio_15xx.o)
 .debug_abbrev  0x00000f99      0x137 C:\Users\Eric\Documents\LPCXpresso_8.2.2_650\SEM-bldcControl\lpc_chip_15xx\Debug\liblpc_chip_15xx.a(iocon_15xx.o)
 .debug_abbrev  0x000010d0      0x13e C:\Users\Eric\Documents\LPCXpresso_8.2.2_650\SEM-bldcControl\lpc_chip_15xx\Debug\liblpc_chip_15xx.a(swm_15xx.o)
 .debug_abbrev  0x0000120e      0x12b C:\Users\Eric\Documents\LPCXpresso_8.2.2_650\SEM-bldcControl\lpc_chip_15xx\Debug\liblpc_chip_15xx.a(sysctl_15xx.o)
 .debug_abbrev  0x00001339      0x18c C:\Users\Eric\Documents\LPCXpresso_8.2.2_650\SEM-bldcControl\lpc_chip_15xx\Debug\liblpc_chip_15xx.a(sysinit_15xx.o)

.debug_aranges  0x00000000      0x628
 .debug_aranges
                0x00000000       0xb8 ./src/HallSensor.o
 .debug_aranges
                0x000000b8       0x80 ./src/cr_startup_lpc15xx.o
 .debug_aranges
                0x00000138       0x18 ./src/crp.o
 .debug_aranges
                0x00000150       0x20 ./src/sysinit.o
 .debug_aranges
                0x00000170       0xc0 C:\Users\Eric\Documents\LPCXpresso_8.2.2_650\SEM-bldcControl\lpc_board_nxp_lpcxpresso_1549\Debug\liblpc_board_nxp_lpcxpresso_1549.a(board.o)
 .debug_aranges
                0x00000230       0x60 C:\Users\Eric\Documents\LPCXpresso_8.2.2_650\SEM-bldcControl\lpc_board_nxp_lpcxpresso_1549\Debug\liblpc_board_nxp_lpcxpresso_1549.a(board_sysinit.o)
 .debug_aranges
                0x00000290       0xa0 C:\Users\Eric\Documents\LPCXpresso_8.2.2_650\SEM-bldcControl\lpc_chip_15xx\Debug\liblpc_chip_15xx.a(adc_15xx.o)
 .debug_aranges
                0x00000330       0x50 C:\Users\Eric\Documents\LPCXpresso_8.2.2_650\SEM-bldcControl\lpc_chip_15xx\Debug\liblpc_chip_15xx.a(chip_15xx.o)
 .debug_aranges
                0x00000380      0x128 C:\Users\Eric\Documents\LPCXpresso_8.2.2_650\SEM-bldcControl\lpc_chip_15xx\Debug\liblpc_chip_15xx.a(clock_15xx.o)
 .debug_aranges
                0x000004a8       0x70 C:\Users\Eric\Documents\LPCXpresso_8.2.2_650\SEM-bldcControl\lpc_chip_15xx\Debug\liblpc_chip_15xx.a(gpio_15xx.o)
 .debug_aranges
                0x00000518       0x28 C:\Users\Eric\Documents\LPCXpresso_8.2.2_650\SEM-bldcControl\lpc_chip_15xx\Debug\liblpc_chip_15xx.a(iocon_15xx.o)
 .debug_aranges
                0x00000540       0x40 C:\Users\Eric\Documents\LPCXpresso_8.2.2_650\SEM-bldcControl\lpc_chip_15xx\Debug\liblpc_chip_15xx.a(swm_15xx.o)
 .debug_aranges
                0x00000580       0x50 C:\Users\Eric\Documents\LPCXpresso_8.2.2_650\SEM-bldcControl\lpc_chip_15xx\Debug\liblpc_chip_15xx.a(sysctl_15xx.o)
 .debug_aranges
                0x000005d0       0x58 C:\Users\Eric\Documents\LPCXpresso_8.2.2_650\SEM-bldcControl\lpc_chip_15xx\Debug\liblpc_chip_15xx.a(sysinit_15xx.o)

.debug_ranges   0x00000000      0x540
 .debug_ranges  0x00000000       0xa8 ./src/HallSensor.o
 .debug_ranges  0x000000a8       0x70 ./src/cr_startup_lpc15xx.o
 .debug_ranges  0x00000118       0x10 ./src/sysinit.o
 .debug_ranges  0x00000128       0xb0 C:\Users\Eric\Documents\LPCXpresso_8.2.2_650\SEM-bldcControl\lpc_board_nxp_lpcxpresso_1549\Debug\liblpc_board_nxp_lpcxpresso_1549.a(board.o)
 .debug_ranges  0x000001d8       0x50 C:\Users\Eric\Documents\LPCXpresso_8.2.2_650\SEM-bldcControl\lpc_board_nxp_lpcxpresso_1549\Debug\liblpc_board_nxp_lpcxpresso_1549.a(board_sysinit.o)
 .debug_ranges  0x00000228       0x90 C:\Users\Eric\Documents\LPCXpresso_8.2.2_650\SEM-bldcControl\lpc_chip_15xx\Debug\liblpc_chip_15xx.a(adc_15xx.o)
 .debug_ranges  0x000002b8       0x40 C:\Users\Eric\Documents\LPCXpresso_8.2.2_650\SEM-bldcControl\lpc_chip_15xx\Debug\liblpc_chip_15xx.a(chip_15xx.o)
 .debug_ranges  0x000002f8      0x118 C:\Users\Eric\Documents\LPCXpresso_8.2.2_650\SEM-bldcControl\lpc_chip_15xx\Debug\liblpc_chip_15xx.a(clock_15xx.o)
 .debug_ranges  0x00000410       0x60 C:\Users\Eric\Documents\LPCXpresso_8.2.2_650\SEM-bldcControl\lpc_chip_15xx\Debug\liblpc_chip_15xx.a(gpio_15xx.o)
 .debug_ranges  0x00000470       0x18 C:\Users\Eric\Documents\LPCXpresso_8.2.2_650\SEM-bldcControl\lpc_chip_15xx\Debug\liblpc_chip_15xx.a(iocon_15xx.o)
 .debug_ranges  0x00000488       0x30 C:\Users\Eric\Documents\LPCXpresso_8.2.2_650\SEM-bldcControl\lpc_chip_15xx\Debug\liblpc_chip_15xx.a(swm_15xx.o)
 .debug_ranges  0x000004b8       0x40 C:\Users\Eric\Documents\LPCXpresso_8.2.2_650\SEM-bldcControl\lpc_chip_15xx\Debug\liblpc_chip_15xx.a(sysctl_15xx.o)
 .debug_ranges  0x000004f8       0x48 C:\Users\Eric\Documents\LPCXpresso_8.2.2_650\SEM-bldcControl\lpc_chip_15xx\Debug\liblpc_chip_15xx.a(sysinit_15xx.o)

.debug_macro    0x00000000     0x5842
 .debug_macro   0x00000000      0x2bf ./src/HallSensor.o
 .debug_macro   0x000002bf      0x88c ./src/HallSensor.o
 .debug_macro   0x00000b4b       0x10 ./src/HallSensor.o
 .debug_macro   0x00000b5b      0x12d ./src/HallSensor.o
 .debug_macro   0x00000c88      0x5b2 ./src/HallSensor.o
 .debug_macro   0x0000123a       0x22 ./src/HallSensor.o
 .debug_macro   0x0000125c       0x7b ./src/HallSensor.o
 .debug_macro   0x000012d7       0x10 ./src/HallSensor.o
 .debug_macro   0x000012e7       0x2d ./src/HallSensor.o
 .debug_macro   0x00001314       0x3a ./src/HallSensor.o
 .debug_macro   0x0000134e       0x2d ./src/HallSensor.o
 .debug_macro   0x0000137b      0xa7d ./src/HallSensor.o
 .debug_macro   0x00001df8      0x1b4 ./src/HallSensor.o
 .debug_macro   0x00001fac       0xca ./src/HallSensor.o
 .debug_macro   0x00002076       0x18 ./src/HallSensor.o
 .debug_macro   0x0000208e       0xb2 ./src/HallSensor.o
 .debug_macro   0x00002140       0x70 ./src/HallSensor.o
 .debug_macro   0x000021b0       0x46 ./src/HallSensor.o
 .debug_macro   0x000021f6       0xd0 ./src/HallSensor.o
 .debug_macro   0x000022c6       0x40 ./src/HallSensor.o
 .debug_macro   0x00002306      0x233 ./src/HallSensor.o
 .debug_macro   0x00002539       0x16 ./src/HallSensor.o
 .debug_macro   0x0000254f       0x88 ./src/HallSensor.o
 .debug_macro   0x000025d7       0x34 ./src/HallSensor.o
 .debug_macro   0x0000260b       0x6a ./src/HallSensor.o
 .debug_macro   0x00002675       0x40 ./src/HallSensor.o
 .debug_macro   0x000026b5       0x1c ./src/HallSensor.o
 .debug_macro   0x000026d1       0x16 ./src/HallSensor.o
 .debug_macro   0x000026e7      0x10c ./src/HallSensor.o
 .debug_macro   0x000027f3      0x2a9 ./src/HallSensor.o
 .debug_macro   0x00002a9c       0x76 ./src/HallSensor.o
 .debug_macro   0x00002b12       0x22 ./src/HallSensor.o
 .debug_macro   0x00002b34      0x152 ./src/HallSensor.o
 .debug_macro   0x00002c86       0x82 ./src/HallSensor.o
 .debug_macro   0x00002d08       0xe6 ./src/HallSensor.o
 .debug_macro   0x00002dee       0x3a ./src/HallSensor.o
 .debug_macro   0x00002e28       0x34 ./src/HallSensor.o
 .debug_macro   0x00002e5c       0x10 ./src/HallSensor.o
 .debug_macro   0x00002e6c       0x76 ./src/HallSensor.o
 .debug_macro   0x00002ee2       0x58 ./src/HallSensor.o
 .debug_macro   0x00002f3a      0x2ca ./src/HallSensor.o
 .debug_macro   0x00003204      0x22b ./src/HallSensor.o
 .debug_macro   0x0000342f       0x2e ./src/HallSensor.o
 .debug_macro   0x0000345d       0x3a ./src/HallSensor.o
 .debug_macro   0x00003497       0x9a ./src/HallSensor.o
 .debug_macro   0x00003531       0x20 ./src/HallSensor.o
 .debug_macro   0x00003551       0x82 ./src/HallSensor.o
 .debug_macro   0x000035d3       0x23 ./src/cr_startup_lpc15xx.o
 .debug_macro   0x000035f6       0x1a ./src/crp.o
 .debug_macro   0x00003610       0x34 ./src/crp.o
 .debug_macro   0x00003644      0x26e ./src/sysinit.o
 .debug_macro   0x000038b2      0x284 C:\Users\Eric\Documents\LPCXpresso_8.2.2_650\SEM-bldcControl\lpc_board_nxp_lpcxpresso_1549\Debug\liblpc_board_nxp_lpcxpresso_1549.a(board.o)
 .debug_macro   0x00003b36      0x886 C:\Users\Eric\Documents\LPCXpresso_8.2.2_650\SEM-bldcControl\lpc_board_nxp_lpcxpresso_1549\Debug\liblpc_board_nxp_lpcxpresso_1549.a(board.o)
 .debug_macro   0x000043bc       0x12 C:\Users\Eric\Documents\LPCXpresso_8.2.2_650\SEM-bldcControl\lpc_board_nxp_lpcxpresso_1549\Debug\liblpc_board_nxp_lpcxpresso_1549.a(board.o)
 .debug_macro   0x000043ce      0x288 C:\Users\Eric\Documents\LPCXpresso_8.2.2_650\SEM-bldcControl\lpc_board_nxp_lpcxpresso_1549\Debug\liblpc_board_nxp_lpcxpresso_1549.a(board_sysinit.o)
 .debug_macro   0x00004656      0x239 C:\Users\Eric\Documents\LPCXpresso_8.2.2_650\SEM-bldcControl\lpc_chip_15xx\Debug\liblpc_chip_15xx.a(adc_15xx.o)
 .debug_macro   0x0000488f      0x239 C:\Users\Eric\Documents\LPCXpresso_8.2.2_650\SEM-bldcControl\lpc_chip_15xx\Debug\liblpc_chip_15xx.a(chip_15xx.o)
 .debug_macro   0x00004ac8      0x239 C:\Users\Eric\Documents\LPCXpresso_8.2.2_650\SEM-bldcControl\lpc_chip_15xx\Debug\liblpc_chip_15xx.a(clock_15xx.o)
 .debug_macro   0x00004d01      0x239 C:\Users\Eric\Documents\LPCXpresso_8.2.2_650\SEM-bldcControl\lpc_chip_15xx\Debug\liblpc_chip_15xx.a(gpio_15xx.o)
 .debug_macro   0x00004f3a      0x239 C:\Users\Eric\Documents\LPCXpresso_8.2.2_650\SEM-bldcControl\lpc_chip_15xx\Debug\liblpc_chip_15xx.a(iocon_15xx.o)
 .debug_macro   0x00005173      0x245 C:\Users\Eric\Documents\LPCXpresso_8.2.2_650\SEM-bldcControl\lpc_chip_15xx\Debug\liblpc_chip_15xx.a(swm_15xx.o)
 .debug_macro   0x000053b8      0x251 C:\Users\Eric\Documents\LPCXpresso_8.2.2_650\SEM-bldcControl\lpc_chip_15xx\Debug\liblpc_chip_15xx.a(sysctl_15xx.o)
 .debug_macro   0x00005609      0x239 C:\Users\Eric\Documents\LPCXpresso_8.2.2_650\SEM-bldcControl\lpc_chip_15xx\Debug\liblpc_chip_15xx.a(sysinit_15xx.o)

.debug_line     0x00000000     0x4267
 .debug_line    0x00000000      0x6fe ./src/HallSensor.o
 .debug_line    0x000006fe       0xd6 ./src/cr_startup_lpc15xx.o
 .debug_line    0x000007d4       0x78 ./src/crp.o
 .debug_line    0x0000084c      0x4b9 ./src/sysinit.o
 .debug_line    0x00000d05      0x6a8 C:\Users\Eric\Documents\LPCXpresso_8.2.2_650\SEM-bldcControl\lpc_board_nxp_lpcxpresso_1549\Debug\liblpc_board_nxp_lpcxpresso_1549.a(board.o)
 .debug_line    0x000013ad      0x5a6 C:\Users\Eric\Documents\LPCXpresso_8.2.2_650\SEM-bldcControl\lpc_board_nxp_lpcxpresso_1549\Debug\liblpc_board_nxp_lpcxpresso_1549.a(board_sysinit.o)
 .debug_line    0x00001953      0x594 C:\Users\Eric\Documents\LPCXpresso_8.2.2_650\SEM-bldcControl\lpc_chip_15xx\Debug\liblpc_chip_15xx.a(adc_15xx.o)
 .debug_line    0x00001ee7      0x4be C:\Users\Eric\Documents\LPCXpresso_8.2.2_650\SEM-bldcControl\lpc_chip_15xx\Debug\liblpc_chip_15xx.a(chip_15xx.o)
 .debug_line    0x000023a5      0x712 C:\Users\Eric\Documents\LPCXpresso_8.2.2_650\SEM-bldcControl\lpc_chip_15xx\Debug\liblpc_chip_15xx.a(clock_15xx.o)
 .debug_line    0x00002ab7      0x516 C:\Users\Eric\Documents\LPCXpresso_8.2.2_650\SEM-bldcControl\lpc_chip_15xx\Debug\liblpc_chip_15xx.a(gpio_15xx.o)
 .debug_line    0x00002fcd      0x45e C:\Users\Eric\Documents\LPCXpresso_8.2.2_650\SEM-bldcControl\lpc_chip_15xx\Debug\liblpc_chip_15xx.a(iocon_15xx.o)
 .debug_line    0x0000342b      0x489 C:\Users\Eric\Documents\LPCXpresso_8.2.2_650\SEM-bldcControl\lpc_chip_15xx\Debug\liblpc_chip_15xx.a(swm_15xx.o)
 .debug_line    0x000038b4      0x4c0 C:\Users\Eric\Documents\LPCXpresso_8.2.2_650\SEM-bldcControl\lpc_chip_15xx\Debug\liblpc_chip_15xx.a(sysctl_15xx.o)
 .debug_line    0x00003d74      0x4f3 C:\Users\Eric\Documents\LPCXpresso_8.2.2_650\SEM-bldcControl\lpc_chip_15xx\Debug\liblpc_chip_15xx.a(sysinit_15xx.o)

.debug_str      0x00000000    0x12b77
 .debug_str     0x00000000    0x106c0 ./src/HallSensor.o
                              0x107e9 (size before relaxing)
 .debug_str     0x000106c0      0x1d9 ./src/cr_startup_lpc15xx.o
                               0x26db (size before relaxing)
 .debug_str     0x00010899       0xe9 ./src/crp.o
                               0x25cc (size before relaxing)
 .debug_str     0x00010982       0x11 ./src/sysinit.o
                               0xf572 (size before relaxing)
 .debug_str     0x00010993      0x8b3 C:\Users\Eric\Documents\LPCXpresso_8.2.2_650\SEM-bldcControl\lpc_board_nxp_lpcxpresso_1549\Debug\liblpc_board_nxp_lpcxpresso_1549.a(board.o)
                               0xff2a (size before relaxing)
 .debug_str     0x00011246      0x85d C:\Users\Eric\Documents\LPCXpresso_8.2.2_650\SEM-bldcControl\lpc_board_nxp_lpcxpresso_1549\Debug\liblpc_board_nxp_lpcxpresso_1549.a(board_sysinit.o)
                              0x10551 (size before relaxing)
 .debug_str     0x00011aa3      0x209 C:\Users\Eric\Documents\LPCXpresso_8.2.2_650\SEM-bldcControl\lpc_chip_15xx\Debug\liblpc_chip_15xx.a(adc_15xx.o)
                               0xf8c6 (size before relaxing)
 .debug_str     0x00011cac      0x10c C:\Users\Eric\Documents\LPCXpresso_8.2.2_650\SEM-bldcControl\lpc_chip_15xx\Debug\liblpc_chip_15xx.a(chip_15xx.o)
                               0xfcb8 (size before relaxing)
 .debug_str     0x00011db8      0x89d C:\Users\Eric\Documents\LPCXpresso_8.2.2_650\SEM-bldcControl\lpc_chip_15xx\Debug\liblpc_chip_15xx.a(clock_15xx.o)
                              0x100b8 (size before relaxing)
 .debug_str     0x00012655       0xdf C:\Users\Eric\Documents\LPCXpresso_8.2.2_650\SEM-bldcControl\lpc_chip_15xx\Debug\liblpc_chip_15xx.a(gpio_15xx.o)
                               0xf765 (size before relaxing)
 .debug_str     0x00012734       0x41 C:\Users\Eric\Documents\LPCXpresso_8.2.2_650\SEM-bldcControl\lpc_chip_15xx\Debug\liblpc_chip_15xx.a(iocon_15xx.o)
                               0xf282 (size before relaxing)
 .debug_str     0x00012775      0x140 C:\Users\Eric\Documents\LPCXpresso_8.2.2_650\SEM-bldcControl\lpc_chip_15xx\Debug\liblpc_chip_15xx.a(swm_15xx.o)
                               0xfc8a (size before relaxing)
 .debug_str     0x000128b5      0x183 C:\Users\Eric\Documents\LPCXpresso_8.2.2_650\SEM-bldcControl\lpc_chip_15xx\Debug\liblpc_chip_15xx.a(sysctl_15xx.o)
                               0xf76f (size before relaxing)
 .debug_str     0x00012a38      0x13f C:\Users\Eric\Documents\LPCXpresso_8.2.2_650\SEM-bldcControl\lpc_chip_15xx\Debug\liblpc_chip_15xx.a(sysinit_15xx.o)
                               0xf75e (size before relaxing)

.comment        0x00000000       0xdc
 .comment       0x00000000       0x6e ./src/HallSensor.o
                                 0x6f (size before relaxing)
 .comment       0x0000006e       0x6f ./src/cr_startup_lpc15xx.o
 .comment       0x0000006e       0x6f ./src/crp.o
 .comment       0x0000006e       0x6f ./src/sysinit.o
 .comment       0x0000006e       0x6f C:\Users\Eric\Documents\LPCXpresso_8.2.2_650\SEM-bldcControl\lpc_board_nxp_lpcxpresso_1549\Debug\liblpc_board_nxp_lpcxpresso_1549.a(board.o)
 .comment       0x0000006e       0x6f C:\Users\Eric\Documents\LPCXpresso_8.2.2_650\SEM-bldcControl\lpc_board_nxp_lpcxpresso_1549\Debug\liblpc_board_nxp_lpcxpresso_1549.a(board_sysinit.o)
 .comment       0x0000006e       0x6f C:\Users\Eric\Documents\LPCXpresso_8.2.2_650\SEM-bldcControl\lpc_chip_15xx\Debug\liblpc_chip_15xx.a(adc_15xx.o)
 .comment       0x0000006e       0x6f C:\Users\Eric\Documents\LPCXpresso_8.2.2_650\SEM-bldcControl\lpc_chip_15xx\Debug\liblpc_chip_15xx.a(chip_15xx.o)
 .comment       0x0000006e       0x6f C:\Users\Eric\Documents\LPCXpresso_8.2.2_650\SEM-bldcControl\lpc_chip_15xx\Debug\liblpc_chip_15xx.a(clock_15xx.o)
 .comment       0x0000006e       0x6f C:\Users\Eric\Documents\LPCXpresso_8.2.2_650\SEM-bldcControl\lpc_chip_15xx\Debug\liblpc_chip_15xx.a(gpio_15xx.o)
 .comment       0x0000006e       0x6f C:\Users\Eric\Documents\LPCXpresso_8.2.2_650\SEM-bldcControl\lpc_chip_15xx\Debug\liblpc_chip_15xx.a(iocon_15xx.o)
 .comment       0x0000006e       0x6f C:\Users\Eric\Documents\LPCXpresso_8.2.2_650\SEM-bldcControl\lpc_chip_15xx\Debug\liblpc_chip_15xx.a(swm_15xx.o)
 .comment       0x0000006e       0x6f C:\Users\Eric\Documents\LPCXpresso_8.2.2_650\SEM-bldcControl\lpc_chip_15xx\Debug\liblpc_chip_15xx.a(sysctl_15xx.o)
 .comment       0x0000006e       0x6f C:\Users\Eric\Documents\LPCXpresso_8.2.2_650\SEM-bldcControl\lpc_chip_15xx\Debug\liblpc_chip_15xx.a(sysinit_15xx.o)
 .comment       0x0000006e       0x6e c:/nxp/lpcxpresso_8.2.2_650/lpcxpresso/tools/bin/../lib/gcc/arm-none-eabi/5.4.1/../../../../arm-none-eabi/lib/armv7-m\libcr_semihost.a(_cr__main.o)
                                 0x6f (size before relaxing)
 .comment       0x000000dc       0x6f c:/nxp/lpcxpresso_8.2.2_650/lpcxpresso/tools/bin/../lib/gcc/arm-none-eabi/5.4.1/../../../../arm-none-eabi/lib/armv7-m\libcr_c.a(fpprintf.o)
 .comment       0x000000dc       0x6f c:/nxp/lpcxpresso_8.2.2_650/lpcxpresso/tools/bin/../lib/gcc/arm-none-eabi/5.4.1/../../../../arm-none-eabi/lib/armv7-m\libcr_c.a(initio.o)
 .comment       0x000000dc       0x6f c:/nxp/lpcxpresso_8.2.2_650/lpcxpresso/tools/bin/../lib/gcc/arm-none-eabi/5.4.1/../../../../arm-none-eabi/lib/armv7-m\libcr_c.a(printf.o)
 .comment       0x000000dc       0x6f c:/nxp/lpcxpresso_8.2.2_650/lpcxpresso/tools/bin/../lib/gcc/arm-none-eabi/5.4.1/../../../../arm-none-eabi/lib/armv7-m\libcr_c.a(setvbuf.o)
 .comment       0x000000dc       0x6f c:/nxp/lpcxpresso_8.2.2_650/lpcxpresso/tools/bin/../lib/gcc/arm-none-eabi/5.4.1/../../../../arm-none-eabi/lib/armv7-m\libcr_c.a(stdio.o)
 .comment       0x000000dc       0x6f c:/nxp/lpcxpresso_8.2.2_650/lpcxpresso/tools/bin/../lib/gcc/arm-none-eabi/5.4.1/../../../../arm-none-eabi/lib/armv7-m\libcr_c.a(strlen.o)
 .comment       0x000000dc       0x6f c:/nxp/lpcxpresso_8.2.2_650/lpcxpresso/tools/bin/../lib/gcc/arm-none-eabi/5.4.1/../../../../arm-none-eabi/lib/armv7-m\libcr_c.a(memset.o)
 .comment       0x000000dc       0x6f c:/nxp/lpcxpresso_8.2.2_650/lpcxpresso/tools/bin/../lib/gcc/arm-none-eabi/5.4.1/../../../../arm-none-eabi/lib/armv7-m\libcr_c.a(_deferredlazyseek.o)
 .comment       0x000000dc       0x6f c:/nxp/lpcxpresso_8.2.2_650/lpcxpresso/tools/bin/../lib/gcc/arm-none-eabi/5.4.1/../../../../arm-none-eabi/lib/armv7-m\libcr_c.a(_fdopen.o)
 .comment       0x000000dc       0x6f c:/nxp/lpcxpresso_8.2.2_650/lpcxpresso/tools/bin/../lib/gcc/arm-none-eabi/5.4.1/../../../../arm-none-eabi/lib/armv7-m\libcr_c.a(_fflush.o)
 .comment       0x000000dc       0x6f c:/nxp/lpcxpresso_8.2.2_650/lpcxpresso/tools/bin/../lib/gcc/arm-none-eabi/5.4.1/../../../../arm-none-eabi/lib/armv7-m\libcr_c.a(_frexpl.o)
 .comment       0x000000dc       0x6f c:/nxp/lpcxpresso_8.2.2_650/lpcxpresso/tools/bin/../lib/gcc/arm-none-eabi/5.4.1/../../../../arm-none-eabi/lib/armv7-m\libcr_c.a(_ldexpl.o)
 .comment       0x000000dc       0x6f c:/nxp/lpcxpresso_8.2.2_650/lpcxpresso/tools/bin/../lib/gcc/arm-none-eabi/5.4.1/../../../../arm-none-eabi/lib/armv7-m\libcr_c.a(_writebuf.o)
 .comment       0x000000dc       0x6f c:/nxp/lpcxpresso_8.2.2_650/lpcxpresso/tools/bin/../lib/gcc/arm-none-eabi/5.4.1/../../../../arm-none-eabi/lib/armv7-m\libcr_c.a(alloc.o)
 .comment       0x000000dc       0x6f c:/nxp/lpcxpresso_8.2.2_650/lpcxpresso/tools/bin/../lib/gcc/arm-none-eabi/5.4.1/../../../../arm-none-eabi/lib/armv7-m\libcr_c.a(errno.o)
 .comment       0x000000dc       0x6f c:/nxp/lpcxpresso_8.2.2_650/lpcxpresso/tools/bin/../lib/gcc/arm-none-eabi/5.4.1/../../../../arm-none-eabi/lib/armv7-m\libcr_c.a(fclose.o)
 .comment       0x000000dc       0x6f c:/nxp/lpcxpresso_8.2.2_650/lpcxpresso/tools/bin/../lib/gcc/arm-none-eabi/5.4.1/../../../../arm-none-eabi/lib/armv7-m\libcr_c.a(fflush.o)
 .comment       0x000000dc       0x6f c:/nxp/lpcxpresso_8.2.2_650/lpcxpresso/tools/bin/../lib/gcc/arm-none-eabi/5.4.1/../../../../arm-none-eabi/lib/armv7-m\libcr_c.a(fseek.o)
 .comment       0x000000dc       0x6f c:/nxp/lpcxpresso_8.2.2_650/lpcxpresso/tools/bin/../lib/gcc/arm-none-eabi/5.4.1/../../../../arm-none-eabi/lib/armv7-m\libcr_c.a(ftell.o)
 .comment       0x000000dc       0x6f c:/nxp/lpcxpresso_8.2.2_650/lpcxpresso/tools/bin/../lib/gcc/arm-none-eabi/5.4.1/../../../../arm-none-eabi/lib/armv7-m\libcr_c.a(remove.o)
 .comment       0x000000dc       0x6f c:/nxp/lpcxpresso_8.2.2_650/lpcxpresso/tools/bin/../lib/gcc/arm-none-eabi/5.4.1/../../../../arm-none-eabi/lib/armv7-m\libcr_c.a(__init_alloc.o)
 .comment       0x000000dc       0x6f c:/nxp/lpcxpresso_8.2.2_650/lpcxpresso/tools/bin/../lib/gcc/arm-none-eabi/5.4.1/../../../../arm-none-eabi/lib/armv7-m\libcr_c.a(_cr_sbrk.o)
 .comment       0x000000dc       0x6f c:/nxp/lpcxpresso_8.2.2_650/lpcxpresso/tools/bin/../lib/gcc/arm-none-eabi/5.4.1/../../../../arm-none-eabi/lib/armv7-m\libcr_c.a(_do_fflush.o)
 .comment       0x000000dc       0x6f c:/nxp/lpcxpresso_8.2.2_650/lpcxpresso/tools/bin/../lib/gcc/arm-none-eabi/5.4.1/../../../../arm-none-eabi/lib/armv7-m\libcr_c.a(_hugeval.o)
 .comment       0x000000dc       0x6f c:/nxp/lpcxpresso_8.2.2_650/lpcxpresso/tools/bin/../lib/gcc/arm-none-eabi/5.4.1/../../../../arm-none-eabi/lib/armv7-m\libcr_c.a(_cr_check_heap.o)
 .comment       0x000000dc       0x6f c:/nxp/lpcxpresso_8.2.2_650/lpcxpresso/tools/bin/../lib/gcc/arm-none-eabi/5.4.1/armv7-m\libcr_eabihelpers.a(double.o)

.ARM.attributes
                0x00000000       0x31
 .ARM.attributes
                0x00000000       0x33 ./src/HallSensor.o
 .ARM.attributes
                0x00000033       0x33 ./src/cr_startup_lpc15xx.o
 .ARM.attributes
                0x00000066       0x33 ./src/crp.o
 .ARM.attributes
                0x00000099       0x33 ./src/sysinit.o
 .ARM.attributes
                0x000000cc       0x33 C:\Users\Eric\Documents\LPCXpresso_8.2.2_650\SEM-bldcControl\lpc_board_nxp_lpcxpresso_1549\Debug\liblpc_board_nxp_lpcxpresso_1549.a(board.o)
 .ARM.attributes
                0x000000ff       0x33 C:\Users\Eric\Documents\LPCXpresso_8.2.2_650\SEM-bldcControl\lpc_board_nxp_lpcxpresso_1549\Debug\liblpc_board_nxp_lpcxpresso_1549.a(board_sysinit.o)
 .ARM.attributes
                0x00000132       0x33 C:\Users\Eric\Documents\LPCXpresso_8.2.2_650\SEM-bldcControl\lpc_chip_15xx\Debug\liblpc_chip_15xx.a(adc_15xx.o)
 .ARM.attributes
                0x00000165       0x33 C:\Users\Eric\Documents\LPCXpresso_8.2.2_650\SEM-bldcControl\lpc_chip_15xx\Debug\liblpc_chip_15xx.a(chip_15xx.o)
 .ARM.attributes
                0x00000198       0x33 C:\Users\Eric\Documents\LPCXpresso_8.2.2_650\SEM-bldcControl\lpc_chip_15xx\Debug\liblpc_chip_15xx.a(clock_15xx.o)
 .ARM.attributes
                0x000001cb       0x33 C:\Users\Eric\Documents\LPCXpresso_8.2.2_650\SEM-bldcControl\lpc_chip_15xx\Debug\liblpc_chip_15xx.a(gpio_15xx.o)
 .ARM.attributes
                0x000001fe       0x33 C:\Users\Eric\Documents\LPCXpresso_8.2.2_650\SEM-bldcControl\lpc_chip_15xx\Debug\liblpc_chip_15xx.a(iocon_15xx.o)
 .ARM.attributes
                0x00000231       0x33 C:\Users\Eric\Documents\LPCXpresso_8.2.2_650\SEM-bldcControl\lpc_chip_15xx\Debug\liblpc_chip_15xx.a(swm_15xx.o)
 .ARM.attributes
                0x00000264       0x33 C:\Users\Eric\Documents\LPCXpresso_8.2.2_650\SEM-bldcControl\lpc_chip_15xx\Debug\liblpc_chip_15xx.a(sysctl_15xx.o)
 .ARM.attributes
                0x00000297       0x33 C:\Users\Eric\Documents\LPCXpresso_8.2.2_650\SEM-bldcControl\lpc_chip_15xx\Debug\liblpc_chip_15xx.a(sysinit_15xx.o)
 .ARM.attributes
                0x000002ca       0x33 c:/nxp/lpcxpresso_8.2.2_650/lpcxpresso/tools/bin/../lib/gcc/arm-none-eabi/5.4.1/../../../../arm-none-eabi/lib/armv7-m\libcr_semihost.a(_cr__main.o)
 .ARM.attributes
                0x000002fd       0x33 c:/nxp/lpcxpresso_8.2.2_650/lpcxpresso/tools/bin/../lib/gcc/arm-none-eabi/5.4.1/../../../../arm-none-eabi/lib/armv7-m\libcr_c.a(fpprintf.o)
 .ARM.attributes
                0x00000330       0x33 c:/nxp/lpcxpresso_8.2.2_650/lpcxpresso/tools/bin/../lib/gcc/arm-none-eabi/5.4.1/../../../../arm-none-eabi/lib/armv7-m\libcr_c.a(initio.o)
 .ARM.attributes
                0x00000363       0x33 c:/nxp/lpcxpresso_8.2.2_650/lpcxpresso/tools/bin/../lib/gcc/arm-none-eabi/5.4.1/../../../../arm-none-eabi/lib/armv7-m\libcr_c.a(printf.o)
 .ARM.attributes
                0x00000396       0x33 c:/nxp/lpcxpresso_8.2.2_650/lpcxpresso/tools/bin/../lib/gcc/arm-none-eabi/5.4.1/../../../../arm-none-eabi/lib/armv7-m\libcr_c.a(setvbuf.o)
 .ARM.attributes
                0x000003c9       0x33 c:/nxp/lpcxpresso_8.2.2_650/lpcxpresso/tools/bin/../lib/gcc/arm-none-eabi/5.4.1/../../../../arm-none-eabi/lib/armv7-m\libcr_c.a(stdio.o)
 .ARM.attributes
                0x000003fc       0x33 c:/nxp/lpcxpresso_8.2.2_650/lpcxpresso/tools/bin/../lib/gcc/arm-none-eabi/5.4.1/../../../../arm-none-eabi/lib/armv7-m\libcr_c.a(strlen.o)
 .ARM.attributes
                0x0000042f       0x33 c:/nxp/lpcxpresso_8.2.2_650/lpcxpresso/tools/bin/../lib/gcc/arm-none-eabi/5.4.1/../../../../arm-none-eabi/lib/armv7-m\libcr_c.a(memset.o)
 .ARM.attributes
                0x00000462       0x33 c:/nxp/lpcxpresso_8.2.2_650/lpcxpresso/tools/bin/../lib/gcc/arm-none-eabi/5.4.1/../../../../arm-none-eabi/lib/armv7-m\libcr_c.a(_deferredlazyseek.o)
 .ARM.attributes
                0x00000495       0x33 c:/nxp/lpcxpresso_8.2.2_650/lpcxpresso/tools/bin/../lib/gcc/arm-none-eabi/5.4.1/../../../../arm-none-eabi/lib/armv7-m\libcr_c.a(_fdopen.o)
 .ARM.attributes
                0x000004c8       0x33 c:/nxp/lpcxpresso_8.2.2_650/lpcxpresso/tools/bin/../lib/gcc/arm-none-eabi/5.4.1/../../../../arm-none-eabi/lib/armv7-m\libcr_c.a(_fflush.o)
 .ARM.attributes
                0x000004fb       0x33 c:/nxp/lpcxpresso_8.2.2_650/lpcxpresso/tools/bin/../lib/gcc/arm-none-eabi/5.4.1/../../../../arm-none-eabi/lib/armv7-m\libcr_c.a(_frexpl.o)
 .ARM.attributes
                0x0000052e       0x33 c:/nxp/lpcxpresso_8.2.2_650/lpcxpresso/tools/bin/../lib/gcc/arm-none-eabi/5.4.1/../../../../arm-none-eabi/lib/armv7-m\libcr_c.a(_ldexpl.o)
 .ARM.attributes
                0x00000561       0x33 c:/nxp/lpcxpresso_8.2.2_650/lpcxpresso/tools/bin/../lib/gcc/arm-none-eabi/5.4.1/../../../../arm-none-eabi/lib/armv7-m\libcr_c.a(_writebuf.o)
 .ARM.attributes
                0x00000594       0x33 c:/nxp/lpcxpresso_8.2.2_650/lpcxpresso/tools/bin/../lib/gcc/arm-none-eabi/5.4.1/../../../../arm-none-eabi/lib/armv7-m\libcr_c.a(alloc.o)
 .ARM.attributes
                0x000005c7       0x33 c:/nxp/lpcxpresso_8.2.2_650/lpcxpresso/tools/bin/../lib/gcc/arm-none-eabi/5.4.1/../../../../arm-none-eabi/lib/armv7-m\libcr_c.a(errno.o)
 .ARM.attributes
                0x000005fa       0x33 c:/nxp/lpcxpresso_8.2.2_650/lpcxpresso/tools/bin/../lib/gcc/arm-none-eabi/5.4.1/../../../../arm-none-eabi/lib/armv7-m\libcr_c.a(fclose.o)
 .ARM.attributes
                0x0000062d       0x33 c:/nxp/lpcxpresso_8.2.2_650/lpcxpresso/tools/bin/../lib/gcc/arm-none-eabi/5.4.1/../../../../arm-none-eabi/lib/armv7-m\libcr_c.a(fflush.o)
 .ARM.attributes
                0x00000660       0x33 c:/nxp/lpcxpresso_8.2.2_650/lpcxpresso/tools/bin/../lib/gcc/arm-none-eabi/5.4.1/../../../../arm-none-eabi/lib/armv7-m\libcr_c.a(fseek.o)
 .ARM.attributes
                0x00000693       0x33 c:/nxp/lpcxpresso_8.2.2_650/lpcxpresso/tools/bin/../lib/gcc/arm-none-eabi/5.4.1/../../../../arm-none-eabi/lib/armv7-m\libcr_c.a(ftell.o)
 .ARM.attributes
                0x000006c6       0x33 c:/nxp/lpcxpresso_8.2.2_650/lpcxpresso/tools/bin/../lib/gcc/arm-none-eabi/5.4.1/../../../../arm-none-eabi/lib/armv7-m\libcr_c.a(remove.o)
 .ARM.attributes
                0x000006f9       0x33 c:/nxp/lpcxpresso_8.2.2_650/lpcxpresso/tools/bin/../lib/gcc/arm-none-eabi/5.4.1/../../../../arm-none-eabi/lib/armv7-m\libcr_c.a(__init_alloc.o)
 .ARM.attributes
                0x0000072c       0x33 c:/nxp/lpcxpresso_8.2.2_650/lpcxpresso/tools/bin/../lib/gcc/arm-none-eabi/5.4.1/../../../../arm-none-eabi/lib/armv7-m\libcr_c.a(_cr_sbrk.o)
 .ARM.attributes
                0x0000075f       0x33 c:/nxp/lpcxpresso_8.2.2_650/lpcxpresso/tools/bin/../lib/gcc/arm-none-eabi/5.4.1/../../../../arm-none-eabi/lib/armv7-m\libcr_c.a(_do_fflush.o)
 .ARM.attributes
                0x00000792       0x33 c:/nxp/lpcxpresso_8.2.2_650/lpcxpresso/tools/bin/../lib/gcc/arm-none-eabi/5.4.1/../../../../arm-none-eabi/lib/armv7-m\libcr_c.a(_hugeval.o)
 .ARM.attributes
                0x000007c5       0x33 c:/nxp/lpcxpresso_8.2.2_650/lpcxpresso/tools/bin/../lib/gcc/arm-none-eabi/5.4.1/../../../../arm-none-eabi/lib/armv7-m\libcr_c.a(_cr_check_heap.o)
 .ARM.attributes
                0x000007f8       0x33 c:/nxp/lpcxpresso_8.2.2_650/lpcxpresso/tools/bin/../lib/gcc/arm-none-eabi/5.4.1/armv7-m\libcr_eabihelpers.a(double.o)
 .ARM.attributes
                0x0000082b       0x21 c:/nxp/lpcxpresso_8.2.2_650/lpcxpresso/tools/bin/../lib/gcc/arm-none-eabi/5.4.1/armv7-m\libcr_eabihelpers.a(memcpy.o)
 .ARM.attributes
                0x0000084c       0x21 c:/nxp/lpcxpresso_8.2.2_650/lpcxpresso/tools/bin/../lib/gcc/arm-none-eabi/5.4.1/../../../../arm-none-eabi/lib/armv7-m\libcr_semihost.a(__sys_appexit.o)
 .ARM.attributes
                0x0000086d       0x21 c:/nxp/lpcxpresso_8.2.2_650/lpcxpresso/tools/bin/../lib/gcc/arm-none-eabi/5.4.1/../../../../arm-none-eabi/lib/armv7-m\libcr_semihost.a(__sys_close.o)
 .ARM.attributes
                0x0000088e       0x21 c:/nxp/lpcxpresso_8.2.2_650/lpcxpresso/tools/bin/../lib/gcc/arm-none-eabi/5.4.1/../../../../arm-none-eabi/lib/armv7-m\libcr_semihost.a(__sys_flen.o)
 .ARM.attributes
                0x000008af       0x21 c:/nxp/lpcxpresso_8.2.2_650/lpcxpresso/tools/bin/../lib/gcc/arm-none-eabi/5.4.1/../../../../arm-none-eabi/lib/armv7-m\libcr_semihost.a(__sys_istty.o)
 .ARM.attributes
                0x000008d0       0x21 c:/nxp/lpcxpresso_8.2.2_650/lpcxpresso/tools/bin/../lib/gcc/arm-none-eabi/5.4.1/../../../../arm-none-eabi/lib/armv7-m\libcr_semihost.a(__sys_remove.o)
 .ARM.attributes
                0x000008f1       0x21 c:/nxp/lpcxpresso_8.2.2_650/lpcxpresso/tools/bin/../lib/gcc/arm-none-eabi/5.4.1/../../../../arm-none-eabi/lib/armv7-m\libcr_semihost.a(__sys_seek.o)
 .ARM.attributes
                0x00000912       0x21 c:/nxp/lpcxpresso_8.2.2_650/lpcxpresso/tools/bin/../lib/gcc/arm-none-eabi/5.4.1/../../../../arm-none-eabi/lib/armv7-m\libcr_semihost.a(__sys_tmpnam.o)
 .ARM.attributes
                0x00000933       0x21 c:/nxp/lpcxpresso_8.2.2_650/lpcxpresso/tools/bin/../lib/gcc/arm-none-eabi/5.4.1/../../../../arm-none-eabi/lib/armv7-m\libcr_semihost.a(__sys_write.o)

.debug_frame    0x00000000     0x1680
 .debug_frame   0x00000000      0x300 ./src/HallSensor.o
 .debug_frame   0x00000300      0x170 ./src/cr_startup_lpc15xx.o
 .debug_frame   0x00000470       0x2c ./src/sysinit.o
 .debug_frame   0x0000049c      0x318 C:\Users\Eric\Documents\LPCXpresso_8.2.2_650\SEM-bldcControl\lpc_board_nxp_lpcxpresso_1549\Debug\liblpc_board_nxp_lpcxpresso_1549.a(board.o)
 .debug_frame   0x000007b4      0x14c C:\Users\Eric\Documents\LPCXpresso_8.2.2_650\SEM-bldcControl\lpc_board_nxp_lpcxpresso_1549\Debug\liblpc_board_nxp_lpcxpresso_1549.a(board_sysinit.o)
 .debug_frame   0x00000900      0x290 C:\Users\Eric\Documents\LPCXpresso_8.2.2_650\SEM-bldcControl\lpc_chip_15xx\Debug\liblpc_chip_15xx.a(adc_15xx.o)
 .debug_frame   0x00000b90      0x104 C:\Users\Eric\Documents\LPCXpresso_8.2.2_650\SEM-bldcControl\lpc_chip_15xx\Debug\liblpc_chip_15xx.a(chip_15xx.o)
 .debug_frame   0x00000c94      0x4b0 C:\Users\Eric\Documents\LPCXpresso_8.2.2_650\SEM-bldcControl\lpc_chip_15xx\Debug\liblpc_chip_15xx.a(clock_15xx.o)
 .debug_frame   0x00001144      0x1b4 C:\Users\Eric\Documents\LPCXpresso_8.2.2_650\SEM-bldcControl\lpc_chip_15xx\Debug\liblpc_chip_15xx.a(gpio_15xx.o)
 .debug_frame   0x000012f8       0x5c C:\Users\Eric\Documents\LPCXpresso_8.2.2_650\SEM-bldcControl\lpc_chip_15xx\Debug\liblpc_chip_15xx.a(iocon_15xx.o)
 .debug_frame   0x00001354       0xd4 C:\Users\Eric\Documents\LPCXpresso_8.2.2_650\SEM-bldcControl\lpc_chip_15xx\Debug\liblpc_chip_15xx.a(swm_15xx.o)
 .debug_frame   0x00001428      0x124 C:\Users\Eric\Documents\LPCXpresso_8.2.2_650\SEM-bldcControl\lpc_chip_15xx\Debug\liblpc_chip_15xx.a(sysctl_15xx.o)
 .debug_frame   0x0000154c      0x134 C:\Users\Eric\Documents\LPCXpresso_8.2.2_650\SEM-bldcControl\lpc_chip_15xx\Debug\liblpc_chip_15xx.a(sysinit_15xx.o)
