Archive member included to satisfy reference by file (symbol)

C:\Users\Eric\Documents\LPCXpresso\SEM-bldcControl\lpc_board_nxp_lpcxpresso_1549\Debug\liblpc_board_nxp_lpcxpresso_1549.a(board.o)
                              ./example/src/blinky.o (Board_LED_Set)
C:\Users\Eric\Documents\LPCXpresso\SEM-bldcControl\lpc_board_nxp_lpcxpresso_1549\Debug\liblpc_board_nxp_lpcxpresso_1549.a(board_sysinit.o)
                              ./example/src/sysinit.o (Board_SystemInit)
C:\Users\Eric\Documents\LPCXpresso\SEM-bldcControl\lpc_chip_15xx\Debug\liblpc_chip_15xx.a(chip_15xx.o)
                              ./example/src/blinky.o (SystemCoreClockUpdate)
C:\Users\Eric\Documents\LPCXpresso\SEM-bldcControl\lpc_chip_15xx\Debug\liblpc_chip_15xx.a(clock_15xx.o)
                              C:\Users\Eric\Documents\LPCXpresso\SEM-bldcControl\lpc_board_nxp_lpcxpresso_1549\Debug\liblpc_board_nxp_lpcxpresso_1549.a(board.o) (Chip_Clock_GetMainClockRate)
C:\Users\Eric\Documents\LPCXpresso\SEM-bldcControl\lpc_chip_15xx\Debug\liblpc_chip_15xx.a(gpio_15xx.o)
                              C:\Users\Eric\Documents\LPCXpresso\SEM-bldcControl\lpc_board_nxp_lpcxpresso_1549\Debug\liblpc_board_nxp_lpcxpresso_1549.a(board.o) (Chip_GPIO_Init)
C:\Users\Eric\Documents\LPCXpresso\SEM-bldcControl\lpc_chip_15xx\Debug\liblpc_chip_15xx.a(iocon_15xx.o)
                              C:\Users\Eric\Documents\LPCXpresso\SEM-bldcControl\lpc_board_nxp_lpcxpresso_1549\Debug\liblpc_board_nxp_lpcxpresso_1549.a(board_sysinit.o) (Chip_IOCON_SetPinMuxing)
C:\Users\Eric\Documents\LPCXpresso\SEM-bldcControl\lpc_chip_15xx\Debug\liblpc_chip_15xx.a(swm_15xx.o)
                              C:\Users\Eric\Documents\LPCXpresso\SEM-bldcControl\lpc_board_nxp_lpcxpresso_1549\Debug\liblpc_board_nxp_lpcxpresso_1549.a(board.o) (Chip_SWM_MovablePinAssign)
C:\Users\Eric\Documents\LPCXpresso\SEM-bldcControl\lpc_chip_15xx\Debug\liblpc_chip_15xx.a(sysctl_15xx.o)
                              C:\Users\Eric\Documents\LPCXpresso\SEM-bldcControl\lpc_board_nxp_lpcxpresso_1549\Debug\liblpc_board_nxp_lpcxpresso_1549.a(board_sysinit.o) (Chip_SYSCTL_AssertPeriphReset)
C:\Users\Eric\Documents\LPCXpresso\SEM-bldcControl\lpc_chip_15xx\Debug\liblpc_chip_15xx.a(sysinit_15xx.o)
                              C:\Users\Eric\Documents\LPCXpresso\SEM-bldcControl\lpc_board_nxp_lpcxpresso_1549\Debug\liblpc_board_nxp_lpcxpresso_1549.a(board_sysinit.o) (Chip_SetupXtalClocking)
C:\Users\Eric\Documents\LPCXpresso\SEM-bldcControl\lpc_chip_15xx\Debug\liblpc_chip_15xx.a(uart_15xx.o)
                              C:\Users\Eric\Documents\LPCXpresso\SEM-bldcControl\lpc_board_nxp_lpcxpresso_1549\Debug\liblpc_board_nxp_lpcxpresso_1549.a(board.o) (Chip_UART_Init)
C:\Users\Eric\Documents\LPCXpresso\SEM-bldcControl\lpc_chip_15xx\Debug\liblpc_chip_15xx.a(ring_buffer.o)
                              C:\Users\Eric\Documents\LPCXpresso\SEM-bldcControl\lpc_chip_15xx\Debug\liblpc_chip_15xx.a(uart_15xx.o) (RingBuffer_Insert)
c:/nxp/lpcxpresso_8.2.2_650/lpcxpresso/tools/bin/../lib/gcc/arm-none-eabi/5.4.1/../../../../arm-none-eabi/lib/armv7-m\libcr_nohost.a(_cr__main.o)
                              ./example/src/cr_startup_lpc15xx.o (__main)
c:/nxp/lpcxpresso_8.2.2_650/lpcxpresso/tools/bin/../lib/gcc/arm-none-eabi/5.4.1/../../../../arm-none-eabi/lib/armv7-m\libcr_c.a(memcpy.o)
                              C:\Users\Eric\Documents\LPCXpresso\SEM-bldcControl\lpc_chip_15xx\Debug\liblpc_chip_15xx.a(ring_buffer.o) (memcpy)
c:/nxp/lpcxpresso_8.2.2_650/lpcxpresso/tools/bin/../lib/gcc/arm-none-eabi/5.4.1/../../../../arm-none-eabi/lib/armv7-m\libcr_c.a(initio.o)
                              c:/nxp/lpcxpresso_8.2.2_650/lpcxpresso/tools/bin/../lib/gcc/arm-none-eabi/5.4.1/../../../../arm-none-eabi/lib/armv7-m\libcr_nohost.a(_cr__main.o) (_initio)
c:/nxp/lpcxpresso_8.2.2_650/lpcxpresso/tools/bin/../lib/gcc/arm-none-eabi/5.4.1/../../../../arm-none-eabi/lib/armv7-m\libcr_c.a(setvbuf.o)
                              c:/nxp/lpcxpresso_8.2.2_650/lpcxpresso/tools/bin/../lib/gcc/arm-none-eabi/5.4.1/../../../../arm-none-eabi/lib/armv7-m\libcr_c.a(initio.o) (setvbuf)
c:/nxp/lpcxpresso_8.2.2_650/lpcxpresso/tools/bin/../lib/gcc/arm-none-eabi/5.4.1/../../../../arm-none-eabi/lib/armv7-m\libcr_c.a(stdio.o)
                              c:/nxp/lpcxpresso_8.2.2_650/lpcxpresso/tools/bin/../lib/gcc/arm-none-eabi/5.4.1/../../../../arm-none-eabi/lib/armv7-m\libcr_c.a(initio.o) (__Ciob)
c:/nxp/lpcxpresso_8.2.2_650/lpcxpresso/tools/bin/../lib/gcc/arm-none-eabi/5.4.1/../../../../arm-none-eabi/lib/armv7-m\libcr_c.a(memset.o)
                              c:/nxp/lpcxpresso_8.2.2_650/lpcxpresso/tools/bin/../lib/gcc/arm-none-eabi/5.4.1/../../../../arm-none-eabi/lib/armv7-m\libcr_c.a(initio.o) (memset)
c:/nxp/lpcxpresso_8.2.2_650/lpcxpresso/tools/bin/../lib/gcc/arm-none-eabi/5.4.1/../../../../arm-none-eabi/lib/armv7-m\libcr_c.a(__fillbuf.o)
[...]
Memory Configuration

Name             Origin             Length             Attributes
MFlash256        0x00000000         0x00040000         xr
Ram0_16          0x02000000         0x00004000         xrw
Ram1_16          0x02004000         0x00004000         xrw
Ram2_4           0x02008000         0x00001000         xrw
*default*        0x00000000         0xffffffff

Linker script and memory map

LOAD ./example/src/blinky.o
LOAD ./example/src/cr_startup_lpc15xx.o
LOAD ./example/src/sysinit.o
LOAD C:\Users\Eric\Documents\LPCXpresso\SEM-bldcControl\lpc_board_nxp_lpcxpresso_1549\Debug\liblpc_board_nxp_lpcxpresso_1549.a
LOAD C:\Users\Eric\Documents\LPCXpresso\SEM-bldcControl\lpc_chip_15xx\Debug\liblpc_chip_15xx.a
START GROUP
LOAD c:/nxp/lpcxpresso_8.2.2_650/lpcxpresso/tools/bin/../lib/gcc/arm-none-eabi/5.4.1/../../../../arm-none-eabi/lib/armv7-m\libcr_nohost.a
LOAD c:/nxp/lpcxpresso_8.2.2_650/lpcxpresso/tools/bin/../lib/gcc/arm-none-eabi/5.4.1/../../../../arm-none-eabi/lib/armv7-m\libcr_c.a
LOAD c:/nxp/lpcxpresso_8.2.2_650/lpcxpresso/tools/bin/../lib/gcc/arm-none-eabi/5.4.1/armv7-m\libcr_eabihelpers.a
END GROUP
                0x00000000                __base_MFlash256 = 0x0
                0x00000000                __base_Flash = 0x0
                0x00040000                __top_MFlash256 = 0x40000
                0x00040000                __top_Flash = 0x40000
                0x02000000                __base_Ram0_16 = 0x2000000
                0x02000000                __base_RAM = 0x2000000
                0x02004000                __top_Ram0_16 = 0x2004000
                0x02004000                __top_RAM = 0x2004000
                0x02004000                __base_Ram1_16 = 0x2004000
                0x02004000                __base_RAM2 = 0x2004000
                0x02008000                __top_Ram1_16 = 0x2008000
                0x02008000                __top_RAM2 = 0x2008000
                0x02008000                __base_Ram2_4 = 0x2008000
                0x02008000                __base_RAM3 = 0x2008000
                0x02009000                __top_Ram2_4 = 0x2009000
                0x02009000                __top_RAM3 = 0x2009000

.text           0x00000000     0x152c
 FILL mask 0xff
                0x00000000                __vectors_start__ = ABSOLUTE (.)
 *(.isr_vector)
 .isr_vector    0x00000000       0xfc ./example/src/cr_startup_lpc15xx.o
                0x00000000                g_pfnVectors
                0x000000fc                . = ALIGN (0x4)
                0x000000fc                __section_table_start = .
                0x000000fc                __data_section_table = .
                0x000000fc        0x4 LONG 0x152c LOADADDR (.data)
                0x00000100        0x4 LONG 0x2000000 ADDR (.data)
                0x00000104        0x4 LONG 0x0 SIZEOF (.data)
                0x00000108        0x4 LONG 0x152c LOADADDR (.data_RAM2)
                0x0000010c        0x4 LONG 0x2004000 ADDR (.data_RAM2)
                0x00000110        0x4 LONG 0x0 SIZEOF (.data_RAM2)
                0x00000114        0x4 LONG 0x152c LOADADDR (.data_RAM3)
                0x00000118        0x4 LONG 0x2008000 ADDR (.data_RAM3)
                0x0000011c        0x4 LONG 0x0 SIZEOF (.data_RAM3)
                0x00000120                __data_section_table_end = .
                0x00000120                __bss_section_table = .
                0x00000120        0x4 LONG 0x2000000 ADDR (.bss)
                0x00000124        0x4 LONG 0x154 SIZEOF (.bss)
                0x00000128        0x4 LONG 0x2004000 ADDR (.bss_RAM2)
                0x0000012c        0x4 LONG 0x0 SIZEOF (.bss_RAM2)
                0x00000130        0x4 LONG 0x2008000 ADDR (.bss_RAM3)
                0x00000134        0x4 LONG 0x0 SIZEOF (.bss_RAM3)
                0x00000138                __bss_section_table_end = .
                0x00000138                __section_table_end = .
 *(.after_vectors*)
 .after_vectors
                0x00000138      0x154 ./example/src/cr_startup_lpc15xx.o
                0x00000138                data_init
                0x0000017c                bss_init
                0x000001b4                ResetISR
                0x0000023c                NMI_Handler
                0x00000244                HardFault_Handler
                0x0000024c                MemManage_Handler
                0x00000254                BusFault_Handler
                0x0000025c                UsageFault_Handler
                0x00000264                SVC_Handler
                0x0000026c                DebugMon_Handler
                0x00000274                PendSV_Handler
                0x00000284                UART1_IRQHandler
                0x00000284                RTC_WAKE_IRQHandler
                0x00000284                UART0_IRQHandler
                0x00000284                RIT_IRQHandler
                0x00000284                SCT2_IRQHandler
                0x00000284                SPI1_IRQHandler
                0x00000284                PIN_INT6_IRQHandler
                0x00000284                IntDefaultHandler
                0x00000284                PIN_INT4_IRQHandler
                0x00000284                CAN_IRQHandler
                0x00000284                RTC_ALARM_IRQHandler
                0x00000284                ADC1_THCMP_IRQHandler
                0x00000284                ADC1_OVR_IRQHandler
                0x00000284                USBWakeup_IRQHandler
                0x00000284                MRT_IRQHandler
                0x00000284                UART2_IRQHandler
                0x00000284                PIN_INT5_IRQHandler
                0x00000284                SCT1_IRQHandler
                0x00000284                PIN_INT2_IRQHandler
                0x00000284                USB_FIQHandler
                0x00000284                SCT3_IRQHandler
                0x00000284                PIN_INT7_IRQHandler
                0x00000284                PIN_INT1_IRQHandler
                0x00000284                USB_IRQHandler
                0x00000284                BOD_IRQHandler
                0x00000284                ADC0B_IRQHandler
                0x00000284                ACMP0_IRQHandler
                0x00000284                ADC0_OVR_IRQHandler
                0x00000284                WDT_IRQHandler
                0x00000284                ADC1B_IRQHandler
                0x00000284                PIN_INT0_IRQHandler
                0x00000284                QEI_IRQHandler
                0x00000284                ACMP3_IRQHandler
                0x00000284                GINT0_IRQHandler
                0x00000284                DAC_IRQHandler
                0x00000284                SPI0_IRQHandler
                0x00000284                EEPROM_IRQHandler
                0x00000284                ACMP2_IRQHandler
                0x00000284                I2C0_IRQHandler
                0x00000284                ADC1A_IRQHandler
                0x00000284                DMA_IRQHandler
                0x00000284                PIN_INT3_IRQHandler
                0x00000284                ACMP1_IRQHandler
                0x00000284                SCT0_IRQHandler
                0x00000284                ADC0A_IRQHandler
                0x00000284                FMC_IRQHandler
                0x00000284                GINT1_IRQHandler
                0x00000284                ADC0_THCMP_IRQHandler
 *(.text*)
 .text.NVIC_SetPriority
                0x0000028c       0x54 ./example/src/blinky.o
 .text.SysTick_Config
                0x000002e0       0x44 ./example/src/blinky.o
 .text.Chip_Clock_SetSysTickClockDiv
                0x00000324       0x20 ./example/src/blinky.o
 .text.SysTick_Handler
                0x00000344       0x14 ./example/src/blinky.o
                0x00000344                SysTick_Handler
 .text.main     0x00000358       0x44 ./example/src/blinky.o
                0x00000358                main
 .text.SystemInit
                0x0000039c        0xc ./example/src/sysinit.o
                0x0000039c                SystemInit
 .text.Chip_GPIO_SetPinState
                0x000003a8       0x38 C:\Users\Eric\Documents\LPCXpresso\SEM-bldcControl\lpc_board_nxp_lpcxpresso_1549\Debug\liblpc_board_nxp_lpcxpresso_1549.a(board.o)
 .text.Chip_GPIO_SetPinDIROutput
                0x000003e0       0x3c C:\Users\Eric\Documents\LPCXpresso\SEM-bldcControl\lpc_board_nxp_lpcxpresso_1549\Debug\liblpc_board_nxp_lpcxpresso_1549.a(board.o)
 .text.Chip_GPIO_SetPinToggle
                0x0000041c       0x30 C:\Users\Eric\Documents\LPCXpresso\SEM-bldcControl\lpc_board_nxp_lpcxpresso_1549\Debug\liblpc_board_nxp_lpcxpresso_1549.a(board.o)
 .text.Board_LED_Init
                0x0000044c       0x5c C:\Users\Eric\Documents\LPCXpresso\SEM-bldcControl\lpc_board_nxp_lpcxpresso_1549\Debug\liblpc_board_nxp_lpcxpresso_1549.a(board.o)
 .text.Board_LED_Set
                0x000004a8       0x54 C:\Users\Eric\Documents\LPCXpresso\SEM-bldcControl\lpc_board_nxp_lpcxpresso_1549\Debug\liblpc_board_nxp_lpcxpresso_1549.a(board.o)
                0x000004a8                Board_LED_Set
 .text.Board_LED_Toggle
                0x000004fc       0x30 C:\Users\Eric\Documents\LPCXpresso\SEM-bldcControl\lpc_board_nxp_lpcxpresso_1549\Debug\liblpc_board_nxp_lpcxpresso_1549.a(board.o)
                0x000004fc                Board_LED_Toggle
 .text.Board_Init
                0x0000052c       0x14 C:\Users\Eric\Documents\LPCXpresso\SEM-bldcControl\lpc_board_nxp_lpcxpresso_1549\Debug\liblpc_board_nxp_lpcxpresso_1549.a(board.o)
                0x0000052c                Board_Init
 .text.Chip_SYSCTL_PeriphReset
                0x00000540       0x24 C:\Users\Eric\Documents\LPCXpresso\SEM-bldcControl\lpc_board_nxp_lpcxpresso_1549\Debug\liblpc_board_nxp_lpcxpresso_1549.a(board_sysinit.o)
 .text.Chip_Clock_SetUSBPLLSource
                0x00000564       0x20 C:\Users\Eric\Documents\LPCXpresso\SEM-bldcControl\lpc_board_nxp_lpcxpresso_1549\Debug\liblpc_board_nxp_lpcxpresso_1549.a(board_sysinit.o)
 .text.Chip_Clock_SetupUSBPLL
                0x00000584       0x34 C:\Users\Eric\Documents\LPCXpresso\SEM-bldcControl\lpc_board_nxp_lpcxpresso_1549\Debug\liblpc_board_nxp_lpcxpresso_1549.a(board_sysinit.o)
 .text.Chip_Clock_IsUSBPLLLocked
                0x000005b8       0x24 C:\Users\Eric\Documents\LPCXpresso\SEM-bldcControl\lpc_board_nxp_lpcxpresso_1549\Debug\liblpc_board_nxp_lpcxpresso_1549.a(board_sysinit.o)
 .text.Chip_Clock_SetSysTickClockDiv
                0x000005dc       0x20 C:\Users\Eric\Documents\LPCXpresso\SEM-bldcControl\lpc_board_nxp_lpcxpresso_1549\Debug\liblpc_board_nxp_lpcxpresso_1549.a(board_sysinit.o)
 .text.Chip_SWM_MovablePortPinAssign
                0x000005fc       0x30 C:\Users\Eric\Documents\LPCXpresso\SEM-bldcControl\lpc_board_nxp_lpcxpresso_1549\Debug\liblpc_board_nxp_lpcxpresso_1549.a(board_sysinit.o)
 .text.Board_SetupMuxing
                0x0000062c       0x80 C:\Users\Eric\Documents\LPCXpresso\SEM-bldcControl\lpc_board_nxp_lpcxpresso_1549\Debug\liblpc_board_nxp_lpcxpresso_1549.a(board_sysinit.o)
                0x0000062c                Board_SetupMuxing
 .text.Board_SetupClocking
                0x000006ac       0x3c C:\Users\Eric\Documents\LPCXpresso\SEM-bldcControl\lpc_board_nxp_lpcxpresso_1549\Debug\liblpc_board_nxp_lpcxpresso_1549.a(board_sysinit.o)
                0x000006ac                Board_SetupClocking
 .text.Board_SystemInit
                0x000006e8       0x1c C:\Users\Eric\Documents\LPCXpresso\SEM-bldcControl\lpc_board_nxp_lpcxpresso_1549\Debug\liblpc_board_nxp_lpcxpresso_1549.a(board_sysinit.o)
                0x000006e8                Board_SystemInit
 .text.SystemCoreClockUpdate
                0x00000704       0x18 C:\Users\Eric\Documents\LPCXpresso\SEM-bldcControl\lpc_chip_15xx\Debug\liblpc_chip_15xx.a(chip_15xx.o)
                0x00000704                SystemCoreClockUpdate
 .text.Chip_Clock_SetMain_A_ClockSource
                0x0000071c       0x20 C:\Users\Eric\Documents\LPCXpresso\SEM-bldcControl\lpc_chip_15xx\Debug\liblpc_chip_15xx.a(clock_15xx.o)
 .text.Chip_Clock_GetMain_A_ClockSource
                0x0000073c       0x18 C:\Users\Eric\Documents\LPCXpresso\SEM-bldcControl\lpc_chip_15xx\Debug\liblpc_chip_15xx.a(clock_15xx.o)
 .text.Chip_Clock_SetMain_B_ClockSource
                0x00000754       0x20 C:\Users\Eric\Documents\LPCXpresso\SEM-bldcControl\lpc_chip_15xx\Debug\liblpc_chip_15xx.a(clock_15xx.o)
 .text.Chip_Clock_GetMain_B_ClockSource
                0x00000774       0x18 C:\Users\Eric\Documents\LPCXpresso\SEM-bldcControl\lpc_chip_15xx\Debug\liblpc_chip_15xx.a(clock_15xx.o)
 .text.Chip_Clock_GetSysTickClockDiv
                0x0000078c       0x18 C:\Users\Eric\Documents\LPCXpresso\SEM-bldcControl\lpc_chip_15xx\Debug\liblpc_chip_15xx.a(clock_15xx.o)
 .text.Chip_Clock_GetMainOscRate
                0x000007a4       0x14 C:\Users\Eric\Documents\LPCXpresso\SEM-bldcControl\lpc_chip_15xx\Debug\liblpc_chip_15xx.a(clock_15xx.o)
 .text.Chip_Clock_GetIntOscRate
                0x000007b8       0x14 C:\Users\Eric\Documents\LPCXpresso\SEM-bldcControl\lpc_chip_15xx\Debug\liblpc_chip_15xx.a(clock_15xx.o)
 .text.Chip_Clock_GetRTCOscRate
                0x000007cc       0x14 C:\Users\Eric\Documents\LPCXpresso\SEM-bldcControl\lpc_chip_15xx\Debug\liblpc_chip_15xx.a(clock_15xx.o)
 .text.Chip_Clock_GetWDTOSCRate
                0x000007e0       0x14 C:\Users\Eric\Documents\LPCXpresso\SEM-bldcControl\lpc_chip_15xx\Debug\liblpc_chip_15xx.a(clock_15xx.o)
 .text.Chip_Clock_GetPLLFreq
                0x000007f4       0x28 C:\Users\Eric\Documents\LPCXpresso\SEM-bldcControl\lpc_chip_15xx\Debug\liblpc_chip_15xx.a(clock_15xx.o)
 .text.Chip_Clock_GetPLLInClockRate
                0x0000081c       0x38 C:\Users\Eric\Documents\LPCXpresso\SEM-bldcControl\lpc_chip_15xx\Debug\liblpc_chip_15xx.a(clock_15xx.o)
 .text.Chip_Clock_GetSystemPLLInClockRate
                0x00000854       0x1c C:\Users\Eric\Documents\LPCXpresso\SEM-bldcControl\lpc_chip_15xx\Debug\liblpc_chip_15xx.a(clock_15xx.o)
                0x00000854                Chip_Clock_GetSystemPLLInClockRate
 .text.Chip_Clock_GetSystemPLLOutClockRate
                0x00000870       0x24 C:\Users\Eric\Documents\LPCXpresso\SEM-bldcControl\lpc_chip_15xx\Debug\liblpc_chip_15xx.a(clock_15xx.o)
                0x00000870                Chip_Clock_GetSystemPLLOutClockRate
 .text.Chip_Clock_GetMain_A_ClockRate
                0x00000894       0x44 C:\Users\Eric\Documents\LPCXpresso\SEM-bldcControl\lpc_chip_15xx\Debug\liblpc_chip_15xx.a(clock_15xx.o)
                0x00000894                Chip_Clock_GetMain_A_ClockRate
 .text.Chip_Clock_GetMain_B_ClockRate
                0x000008d8       0x58 C:\Users\Eric\Documents\LPCXpresso\SEM-bldcControl\lpc_chip_15xx\Debug\liblpc_chip_15xx.a(clock_15xx.o)
                0x000008d8                Chip_Clock_GetMain_B_ClockRate
 .text.Chip_Clock_SetMainClockSource
                0x00000930       0x3c C:\Users\Eric\Documents\LPCXpresso\SEM-bldcControl\lpc_chip_15xx\Debug\liblpc_chip_15xx.a(clock_15xx.o)
                0x00000930                Chip_Clock_SetMainClockSource
 .text.Chip_Clock_GetMainClockRate
                0x0000096c       0x28 C:\Users\Eric\Documents\LPCXpresso\SEM-bldcControl\lpc_chip_15xx\Debug\liblpc_chip_15xx.a(clock_15xx.o)
                0x0000096c                Chip_Clock_GetMainClockRate
 .text.Chip_Clock_EnablePeriphClock
                0x00000994       0x54 C:\Users\Eric\Documents\LPCXpresso\SEM-bldcControl\lpc_chip_15xx\Debug\liblpc_chip_15xx.a(clock_15xx.o)
                0x00000994                Chip_Clock_EnablePeriphClock
 .text.Chip_Clock_GetSysTickClockRate
                0x000009e8       0x30 C:\Users\Eric\Documents\LPCXpresso\SEM-bldcControl\lpc_chip_15xx\Debug\liblpc_chip_15xx.a(clock_15xx.o)
                0x000009e8                Chip_Clock_GetSysTickClockRate
 .text.Chip_Clock_GetSystemClockRate
                0x00000a18       0x1c C:\Users\Eric\Documents\LPCXpresso\SEM-bldcControl\lpc_chip_15xx\Debug\liblpc_chip_15xx.a(clock_15xx.o)
                0x00000a18                Chip_Clock_GetSystemClockRate
 .text.Chip_SYSCTL_PeriphReset
                0x00000a34       0x24 C:\Users\Eric\Documents\LPCXpresso\SEM-bldcControl\lpc_chip_15xx\Debug\liblpc_chip_15xx.a(gpio_15xx.o)
 .text.Chip_GPIO_Init
                0x00000a58       0x30 C:\Users\Eric\Documents\LPCXpresso\SEM-bldcControl\lpc_chip_15xx\Debug\liblpc_chip_15xx.a(gpio_15xx.o)
                0x00000a58                Chip_GPIO_Init
 .text.Chip_IOCON_PinMuxSet
                0x00000a88       0x2c C:\Users\Eric\Documents\LPCXpresso\SEM-bldcControl\lpc_chip_15xx\Debug\liblpc_chip_15xx.a(iocon_15xx.o)
 .text.Chip_IOCON_SetPinMuxing
                0x00000ab4       0x50 C:\Users\Eric\Documents\LPCXpresso\SEM-bldcControl\lpc_chip_15xx\Debug\liblpc_chip_15xx.a(iocon_15xx.o)
                0x00000ab4                Chip_IOCON_SetPinMuxing
 .text.Chip_SWM_MovablePinAssign
                0x00000b04       0x5c C:\Users\Eric\Documents\LPCXpresso\SEM-bldcControl\lpc_chip_15xx\Debug\liblpc_chip_15xx.a(swm_15xx.o)
                0x00000b04                Chip_SWM_MovablePinAssign
 .text.Chip_SYSCTL_AssertPeriphReset
                0x00000b60       0x48 C:\Users\Eric\Documents\LPCXpresso\SEM-bldcControl\lpc_chip_15xx\Debug\liblpc_chip_15xx.a(sysctl_15xx.o)
                0x00000b60                Chip_SYSCTL_AssertPeriphReset
 .text.Chip_SYSCTL_DeassertPeriphReset
                0x00000ba8       0x4c C:\Users\Eric\Documents\LPCXpresso\SEM-bldcControl\lpc_chip_15xx\Debug\liblpc_chip_15xx.a(sysctl_15xx.o)
                0x00000ba8                Chip_SYSCTL_DeassertPeriphReset
 .text.Chip_SYSCTL_PowerDown
                0x00000bf4       0x40 C:\Users\Eric\Documents\LPCXpresso\SEM-bldcControl\lpc_chip_15xx\Debug\liblpc_chip_15xx.a(sysctl_15xx.o)
                0x00000bf4                Chip_SYSCTL_PowerDown
 .text.Chip_SYSCTL_PowerUp
                0x00000c34       0x40 C:\Users\Eric\Documents\LPCXpresso\SEM-bldcControl\lpc_chip_15xx\Debug\liblpc_chip_15xx.a(sysctl_15xx.o)
                0x00000c34                Chip_SYSCTL_PowerUp
 .text.Chip_FMC_SetFLASHAccess
                0x00000c74       0x38 C:\Users\Eric\Documents\LPCXpresso\SEM-bldcControl\lpc_chip_15xx\Debug\liblpc_chip_15xx.a(sysinit_15xx.o)
 .text.Chip_Clock_SetSystemPLLSource
                0x00000cac       0x20 C:\Users\Eric\Documents\LPCXpresso\SEM-bldcControl\lpc_chip_15xx\Debug\liblpc_chip_15xx.a(sysinit_15xx.o)
 .text.Chip_Clock_SetupSystemPLL
                0x00000ccc       0x34 C:\Users\Eric\Documents\LPCXpresso\SEM-bldcControl\lpc_chip_15xx\Debug\liblpc_chip_15xx.a(sysinit_15xx.o)
 .text.Chip_Clock_IsSystemPLLLocked
                0x00000d00       0x24 C:\Users\Eric\Documents\LPCXpresso\SEM-bldcControl\lpc_chip_15xx\Debug\liblpc_chip_15xx.a(sysinit_15xx.o)
 .text.Chip_Clock_SetSysClockDiv
                0x00000d24       0x20 C:\Users\Eric\Documents\LPCXpresso\SEM-bldcControl\lpc_chip_15xx\Debug\liblpc_chip_15xx.a(sysinit_15xx.o)
 .text.Chip_SetupXtalClocking
                0x00000d44       0x6c C:\Users\Eric\Documents\LPCXpresso\SEM-bldcControl\lpc_chip_15xx\Debug\liblpc_chip_15xx.a(sysinit_15xx.o)
                0x00000d44                Chip_SetupXtalClocking
 .text.__main   0x00000db0       0x14 c:/nxp/lpcxpresso_8.2.2_650/lpcxpresso/tools/bin/../lib/gcc/arm-none-eabi/5.4.1/../../../../arm-none-eabi/lib/armv7-m\libcr_nohost.a(_cr__main.o)
                0x00000db0                __main
 .text._initio  0x00000dc4       0xa4 c:/nxp/lpcxpresso_8.2.2_650/lpcxpresso/tools/bin/../lib/gcc/arm-none-eabi/5.4.1/../../../../arm-none-eabi/lib/armv7-m\libcr_c.a(initio.o)
                0x00000dc4                _initio
 .text.setvbuf  0x00000e68       0x40 c:/nxp/lpcxpresso_8.2.2_650/lpcxpresso/tools/bin/../lib/gcc/arm-none-eabi/5.4.1/../../../../arm-none-eabi/lib/armv7-m\libcr_c.a(setvbuf.o)
                0x00000e68                setvbuf
 .text.memset   0x00000ea8        0x4 c:/nxp/lpcxpresso_8.2.2_650/lpcxpresso/tools/bin/../lib/gcc/arm-none-eabi/5.4.1/../../../../arm-none-eabi/lib/armv7-m\libcr_c.a(memset.o)
                0x00000ea8                memset
 .text._deferredlazyseek
                0x00000eac       0x44 c:/nxp/lpcxpresso_8.2.2_650/lpcxpresso/tools/bin/../lib/gcc/arm-none-eabi/5.4.1/../../../../arm-none-eabi/lib/armv7-m\libcr_c.a(_deferredlazyseek.o)
                0x00000eac                _deferredlazyseek
 .text._fdopen  0x00000ef0       0x6a c:/nxp/lpcxpresso_8.2.2_650/lpcxpresso/tools/bin/../lib/gcc/arm-none-eabi/5.4.1/../../../../arm-none-eabi/lib/armv7-m\libcr_c.a(_fdopen.o)
                0x00000ef0                _fdopen
 .text._fflush  0x00000f5a       0x58 c:/nxp/lpcxpresso_8.2.2_650/lpcxpresso/tools/bin/../lib/gcc/arm-none-eabi/5.4.1/../../../../arm-none-eabi/lib/armv7-m\libcr_c.a(_fflush.o)
                0x00000f5a                _fflush
 *fill*         0x00000fb2        0x2 ff
 .text._Cwritebuf
                0x00000fb4       0x68 c:/nxp/lpcxpresso_8.2.2_650/lpcxpresso/tools/bin/../lib/gcc/arm-none-eabi/5.4.1/../../../../arm-none-eabi/lib/armv7-m\libcr_c.a(_writebuf.o)
                0x00000fb4                _Cwritebuf
 .text.malloc   0x0000101c       0xc8 c:/nxp/lpcxpresso_8.2.2_650/lpcxpresso/tools/bin/../lib/gcc/arm-none-eabi/5.4.1/../../../../arm-none-eabi/lib/armv7-m\libcr_c.a(alloc.o)
                0x0000101c                malloc
 .text.free     0x000010e4       0x30 c:/nxp/lpcxpresso_8.2.2_650/lpcxpresso/tools/bin/../lib/gcc/arm-none-eabi/5.4.1/../../../../arm-none-eabi/lib/armv7-m\libcr_c.a(alloc.o)
                0x000010e4                free
 .text._Csys_alloc
                0x00001114       0x20 c:/nxp/lpcxpresso_8.2.2_650/lpcxpresso/tools/bin/../lib/gcc/arm-none-eabi/5.4.1/../../../../arm-none-eabi/lib/armv7-m\libcr_c.a(alloc.o)
                0x00001114                _Csys_alloc
 .text.fclose   0x00001134       0x6c c:/nxp/lpcxpresso_8.2.2_650/lpcxpresso/tools/bin/../lib/gcc/arm-none-eabi/5.4.1/../../../../arm-none-eabi/lib/armv7-m\libcr_c.a(fclose.o)
                0x00001134                fclose
 .text.fflush   0x000011a0       0x30 c:/nxp/lpcxpresso_8.2.2_650/lpcxpresso/tools/bin/../lib/gcc/arm-none-eabi/5.4.1/../../../../arm-none-eabi/lib/armv7-m\libcr_c.a(fflush.o)
                0x000011a0                fflush
 .text.fseek    0x000011d0      0x110 c:/nxp/lpcxpresso_8.2.2_650/lpcxpresso/tools/bin/../lib/gcc/arm-none-eabi/5.4.1/../../../../arm-none-eabi/lib/armv7-m\libcr_c.a(fseek.o)
                0x000011d0                fseek
 .text.ftell    0x000012e0       0x4c c:/nxp/lpcxpresso_8.2.2_650/lpcxpresso/tools/bin/../lib/gcc/arm-none-eabi/5.4.1/../../../../arm-none-eabi/lib/armv7-m\libcr_c.a(ftell.o)
                0x000012e0                ftell
 .text.remove   0x0000132c       0x14 c:/nxp/lpcxpresso_8.2.2_650/lpcxpresso/tools/bin/../lib/gcc/arm-none-eabi/5.4.1/../../../../arm-none-eabi/lib/armv7-m\libcr_c.a(remove.o)
                0x0000132c                remove
 .text.strlen   0x00001340       0x4a c:/nxp/lpcxpresso_8.2.2_650/lpcxpresso/tools/bin/../lib/gcc/arm-none-eabi/5.4.1/../../../../arm-none-eabi/lib/armv7-m\libcr_c.a(strlen.o)
                0x00001340                strlen
 *fill*         0x0000138a        0x2 ff
 .text._sbrk    0x0000138c       0x40 c:/nxp/lpcxpresso_8.2.2_650/lpcxpresso/tools/bin/../lib/gcc/arm-none-eabi/5.4.1/../../../../arm-none-eabi/lib/armv7-m\libcr_c.a(_cr_sbrk.o)
                0x0000138c                _sbrk
 .text._do_fflush
                0x000013cc       0x44 c:/nxp/lpcxpresso_8.2.2_650/lpcxpresso/tools/bin/../lib/gcc/arm-none-eabi/5.4.1/../../../../arm-none-eabi/lib/armv7-m\libcr_c.a(_do_fflush.o)
                0x000013cc                _do_fflush
 .text.__check_heap_overflow
                0x00001410       0x18 c:/nxp/lpcxpresso_8.2.2_650/lpcxpresso/tools/bin/../lib/gcc/arm-none-eabi/5.4.1/../../../../arm-none-eabi/lib/armv7-m\libcr_c.a(_cr_check_heap.o)
                0x00001410                __check_heap_overflow
 .text.__aeabi_memset_lowlevel
                0x00001428       0x32 c:/nxp/lpcxpresso_8.2.2_650/lpcxpresso/tools/bin/../lib/gcc/arm-none-eabi/5.4.1/armv7-m\libcr_eabihelpers.a(memcpy.o)
                0x00001428                __aeabi_lowlevel_memset
 .text.__sys_appexit
                0x0000145a        0x2 c:/nxp/lpcxpresso_8.2.2_650/lpcxpresso/tools/bin/../lib/gcc/arm-none-eabi/5.4.1/../../../../arm-none-eabi/lib/armv7-m\libcr_nohost.a(__sys_appexit.o)
                0x0000145a                __sys_appexit
                0x0000145a                __exit
 .text.__sys_close
                0x0000145c        0x6 c:/nxp/lpcxpresso_8.2.2_650/lpcxpresso/tools/bin/../lib/gcc/arm-none-eabi/5.4.1/../../../../arm-none-eabi/lib/armv7-m\libcr_nohost.a(__sys_close.o)
                0x0000145c                __sys_close
 .text.__sys_flen
                0x00001462        0x6 c:/nxp/lpcxpresso_8.2.2_650/lpcxpresso/tools/bin/../lib/gcc/arm-none-eabi/5.4.1/../../../../arm-none-eabi/lib/armv7-m\libcr_nohost.a(__sys_flen.o)
                0x00001462                __sys_flen
 .text.__sys_istty
                0x00001468        0x6 c:/nxp/lpcxpresso_8.2.2_650/lpcxpresso/tools/bin/../lib/gcc/arm-none-eabi/5.4.1/../../../../arm-none-eabi/lib/armv7-m\libcr_nohost.a(__sys_istty.o)
                0x00001468                __sys_istty
 .text.__sys_remove
                0x0000146e        0x6 c:/nxp/lpcxpresso_8.2.2_650/lpcxpresso/tools/bin/../lib/gcc/arm-none-eabi/5.4.1/../../../../arm-none-eabi/lib/armv7-m\libcr_nohost.a(__sys_remove.o)
                0x0000146e                __sys_remove
 .text.__sys_seek
                0x00001474        0x6 c:/nxp/lpcxpresso_8.2.2_650/lpcxpresso/tools/bin/../lib/gcc/arm-none-eabi/5.4.1/../../../../arm-none-eabi/lib/armv7-m\libcr_nohost.a(__sys_seek.o)
                0x00001474                __sys_seek
 .text.__sys_tmpnam
                0x0000147a        0x6 c:/nxp/lpcxpresso_8.2.2_650/lpcxpresso/tools/bin/../lib/gcc/arm-none-eabi/5.4.1/../../../../arm-none-eabi/lib/armv7-m\libcr_nohost.a(__sys_tmpnam.o)
                0x0000147a                __sys_tmpnam
 .text.__sys_write
                0x00001480        0x4 c:/nxp/lpcxpresso_8.2.2_650/lpcxpresso/tools/bin/../lib/gcc/arm-none-eabi/5.4.1/../../../../arm-none-eabi/lib/armv7-m\libcr_nohost.a(__sys_write.o)
                0x00001480                __sys_write
                0x00001480                __write
 *(.rodata .rodata.* .constdata .constdata.*)
 .rodata.OscRateIn
                0x00001484        0x4 C:\Users\Eric\Documents\LPCXpresso\SEM-bldcControl\lpc_board_nxp_lpcxpresso_1549\Debug\liblpc_board_nxp_lpcxpresso_1549.a(board.o)
                0x00001484                OscRateIn
 .rodata.RTCOscRateIn
                0x00001488        0x4 C:\Users\Eric\Documents\LPCXpresso\SEM-bldcControl\lpc_board_nxp_lpcxpresso_1549\Debug\liblpc_board_nxp_lpcxpresso_1549.a(board.o)
                0x00001488                RTCOscRateIn
 .rodata.ledpins
                0x0000148c        0x3 C:\Users\Eric\Documents\LPCXpresso\SEM-bldcControl\lpc_board_nxp_lpcxpresso_1549\Debug\liblpc_board_nxp_lpcxpresso_1549.a(board.o)
 *fill*         0x0000148f        0x1 ff
 .rodata.ledports
                0x00001490        0x3 C:\Users\Eric\Documents\LPCXpresso\SEM-bldcControl\lpc_board_nxp_lpcxpresso_1549\Debug\liblpc_board_nxp_lpcxpresso_1549.a(board.o)
 *fill*         0x00001493        0x1 ff
 .rodata.ioconSetup
                0x00001494       0x74 C:\Users\Eric\Documents\LPCXpresso\SEM-bldcControl\lpc_board_nxp_lpcxpresso_1549\Debug\liblpc_board_nxp_lpcxpresso_1549.a(board_sysinit.o)
 .rodata.swmSetup
                0x00001508        0x6 C:\Users\Eric\Documents\LPCXpresso\SEM-bldcControl\lpc_board_nxp_lpcxpresso_1549\Debug\liblpc_board_nxp_lpcxpresso_1549.a(board_sysinit.o)
 .rodata.str1.1
                0x0000150e        0x4 c:/nxp/lpcxpresso_8.2.2_650/lpcxpresso/tools/bin/../lib/gcc/arm-none-eabi/5.4.1/../../../../arm-none-eabi/lib/armv7-m\libcr_c.a(initio.o)
 .rodata.str1.1
                0x00001512       0x18 c:/nxp/lpcxpresso_8.2.2_650/lpcxpresso/tools/bin/../lib/gcc/arm-none-eabi/5.4.1/../../../../arm-none-eabi/lib/armv7-m\libcr_c.a(alloc.o)
                0x0000152c                . = ALIGN (0x4)
 *fill*         0x0000152a        0x2 ff

.glue_7         0x0000152c        0x0
 .glue_7        0x0000152c        0x0 linker stubs

.glue_7t        0x0000152c        0x0
 .glue_7t       0x0000152c        0x0 linker stubs

.vfp11_veneer   0x0000152c        0x0
 .vfp11_veneer  0x0000152c        0x0 linker stubs

.v4_bx          0x0000152c        0x0
 .v4_bx         0x0000152c        0x0 linker stubs

.iplt           0x0000152c        0x0
 .iplt          0x0000152c        0x0 ./example/src/blinky.o

.rel.dyn        0x0000152c        0x0
 .rel.iplt      0x0000152c        0x0 ./example/src/blinky.o

.ARM.extab
 *(.ARM.extab* .gnu.linkonce.armextab.*)
                0x0000152c                __exidx_start = .

.ARM.exidx
 *(.ARM.exidx* .gnu.linkonce.armexidx.*)
                0x0000152c                __exidx_end = .
                0x0000152c                _etext = .

.data_RAM2      0x02004000        0x0 load address 0x0000152c
 FILL mask 0xff
                [!provide]                PROVIDE (__start_data_RAM2, .)
 *(.ramfunc.$RAM2)
 *(.ramfunc.$Ram1_16)
 *(.data.$RAM2*)
 *(.data.$Ram1_16*)
                0x02004000                . = ALIGN (0x4)
                [!provide]                PROVIDE (__end_data_RAM2, .)

.data_RAM3      0x02008000        0x0 load address 0x0000152c
 FILL mask 0xff
                [!provide]                PROVIDE (__start_data_RAM3, .)
 *(.ramfunc.$RAM3)
 *(.ramfunc.$Ram2_4)
 *(.data.$RAM3*)
 *(.data.$Ram2_4*)
                0x02008000                . = ALIGN (0x4)
                [!provide]                PROVIDE (__end_data_RAM3, .)

.uninit_RESERVED
                0x02000000        0x0
 *(.bss.$RESERVED*)
                0x02000000                . = ALIGN (0x4)
                0x02000000                _end_uninit_RESERVED = .

.data           0x02000000        0x0 load address 0x0000152c
 FILL mask 0xff
                0x02000000                _data = .
 *(vtable)
 *(.ramfunc*)
 *(.data*)
                0x02000000                . = ALIGN (0x4)
                0x02000000                _edata = .

.igot.plt       0x02000000        0x0 load address 0x0000152c
 .igot.plt      0x02000000        0x0 ./example/src/blinky.o

.bss_RAM2       0x02004000        0x0
                [!provide]                PROVIDE (__start_bss_RAM2, .)
 *(.bss.$RAM2*)
 *(.bss.$Ram1_16*)
                0x02004000                . = ALIGN ((. != 0x0)?0x4:0x1)
                [!provide]                PROVIDE (__end_bss_RAM2, .)

.bss_RAM3       0x02008000        0x0
                [!provide]                PROVIDE (__start_bss_RAM3, .)
 *(.bss.$RAM3*)
 *(.bss.$Ram2_4*)
                0x02008000                . = ALIGN ((. != 0x0)?0x4:0x1)
                [!provide]                PROVIDE (__end_bss_RAM3, .)

.bss            0x02000000      0x154
                0x02000000                _bss = .
 *(.bss*)
 .bss._extra    0x02000000        0x4 c:/nxp/lpcxpresso_8.2.2_650/lpcxpresso/tools/bin/../lib/gcc/arm-none-eabi/5.4.1/../../../../arm-none-eabi/lib/armv7-m\libcr_c.a(initio.o)
                0x02000000                _extra
 .bss.__Ciob    0x02000004      0x140 c:/nxp/lpcxpresso_8.2.2_650/lpcxpresso/tools/bin/../lib/gcc/arm-none-eabi/5.4.1/../../../../arm-none-eabi/lib/armv7-m\libcr_c.a(stdio.o)
                0x02000004                __Ciob
 .bss.__heaps   0x02000144        0x4 c:/nxp/lpcxpresso_8.2.2_650/lpcxpresso/tools/bin/../lib/gcc/arm-none-eabi/5.4.1/../../../../arm-none-eabi/lib/armv7-m\libcr_c.a(__init_alloc.o)
                0x02000144                __heaps
 .bss.__end_of_heap
                0x02000148        0x4 c:/nxp/lpcxpresso_8.2.2_650/lpcxpresso/tools/bin/../lib/gcc/arm-none-eabi/5.4.1/../../../../arm-none-eabi/lib/armv7-m\libcr_c.a(__init_alloc.o)
                0x02000148                __end_of_heap
 .bss.errno     0x0200014c        0x4 c:/nxp/lpcxpresso_8.2.2_650/lpcxpresso/tools/bin/../lib/gcc/arm-none-eabi/5.4.1/../../../../arm-none-eabi/lib/armv7-m\libcr_c.a(errno.o)
                0x0200014c                errno
 *(COMMON)
 COMMON         0x02000150        0x4 C:\Users\Eric\Documents\LPCXpresso\SEM-bldcControl\lpc_chip_15xx\Debug\liblpc_chip_15xx.a(chip_15xx.o)
                0x02000150                SystemCoreClock
                0x02000154                . = ALIGN (0x4)
                0x02000154                _ebss = .
                [!provide]                PROVIDE (end, .)

.noinit_RAM2    0x02004000        0x0
 *(.noinit.$RAM2*)
 *(.noinit.$Ram1_16*)
                0x02004000                . = ALIGN (0x4)

.noinit_RAM3    0x02008000        0x0
 *(.noinit.$RAM3*)
 *(.noinit.$Ram2_4*)
                0x02008000                . = ALIGN (0x4)

.noinit         0x02000154        0x0
                0x02000154                _noinit = .
 *(.noinit*)
                0x02000154                . = ALIGN (0x4)
                0x02000154                _end_noinit = .
                0x02000154                PROVIDE (_pvHeapStart, DEFINED (__user_heap_base)?__user_heap_base:.)
                0x02004000                PROVIDE (_vStackTop, DEFINED (__user_stack_top)?__user_stack_top:(__top_Ram0_16 - 0x0))
                [!provide]                PROVIDE (__valid_user_code_checksum, (0x0 - ((((((_vStackTop + (ResetISR + 0x1)) + (NMI_Handler + 0x1)) + (HardFault_Handler + 0x1)) + (DEFINED (MemManage_Handler)?MemManage_Handler:0x0 + 0x1)) + (DEFINED (BusFault_Handler)?BusFault_Handler:0x0 + 0x1)) + (DEFINED (UsageFault_Handler)?UsageFault_Handler:0x0 + 0x1))))
OUTPUT(periph_blinky.axf elf32-littlearm)

.debug_info     0x00000000     0x5852
 .debug_info    0x00000000      0xaef ./example/src/blinky.o
 .debug_info    0x00000aef      0x279 ./example/src/cr_startup_lpc15xx.o
 .debug_info    0x00000d68       0xd8 ./example/src/sysinit.o
 .debug_info    0x00000e40      0xa2c C:\Users\Eric\Documents\LPCXpresso\SEM-bldcControl\lpc_board_nxp_lpcxpresso_1549\Debug\liblpc_board_nxp_lpcxpresso_1549.a(board.o)
 .debug_info    0x0000186c      0xc90 C:\Users\Eric\Documents\LPCXpresso\SEM-bldcControl\lpc_board_nxp_lpcxpresso_1549\Debug\liblpc_board_nxp_lpcxpresso_1549.a(board_sysinit.o)
 .debug_info    0x000024fc      0x98d C:\Users\Eric\Documents\LPCXpresso\SEM-bldcControl\lpc_chip_15xx\Debug\liblpc_chip_15xx.a(chip_15xx.o)
 .debug_info    0x00002e89      0xd3e C:\Users\Eric\Documents\LPCXpresso\SEM-bldcControl\lpc_chip_15xx\Debug\liblpc_chip_15xx.a(clock_15xx.o)
 .debug_info    0x00003bc7      0x624 C:\Users\Eric\Documents\LPCXpresso\SEM-bldcControl\lpc_chip_15xx\Debug\liblpc_chip_15xx.a(gpio_15xx.o)
 .debug_info    0x000041eb      0x1f9 C:\Users\Eric\Documents\LPCXpresso\SEM-bldcControl\lpc_chip_15xx\Debug\liblpc_chip_15xx.a(iocon_15xx.o)
 .debug_info    0x000043e4      0x5ea C:\Users\Eric\Documents\LPCXpresso\SEM-bldcControl\lpc_chip_15xx\Debug\liblpc_chip_15xx.a(swm_15xx.o)
 .debug_info    0x000049ce      0x74c C:\Users\Eric\Documents\LPCXpresso\SEM-bldcControl\lpc_chip_15xx\Debug\liblpc_chip_15xx.a(sysctl_15xx.o)
 .debug_info    0x0000511a      0x738 C:\Users\Eric\Documents\LPCXpresso\SEM-bldcControl\lpc_chip_15xx\Debug\liblpc_chip_15xx.a(sysinit_15xx.o)

.debug_abbrev   0x00000000     0x123a
 .debug_abbrev  0x00000000      0x1e7 ./example/src/blinky.o
 .debug_abbrev  0x000001e7       0xed ./example/src/cr_startup_lpc15xx.o
 .debug_abbrev  0x000002d4       0x82 ./example/src/sysinit.o
 .debug_abbrev  0x00000356      0x20e C:\Users\Eric\Documents\LPCXpresso\SEM-bldcControl\lpc_board_nxp_lpcxpresso_1549\Debug\liblpc_board_nxp_lpcxpresso_1549.a(board.o)
 .debug_abbrev  0x00000564      0x208 C:\Users\Eric\Documents\LPCXpresso\SEM-bldcControl\lpc_board_nxp_lpcxpresso_1549\Debug\liblpc_board_nxp_lpcxpresso_1549.a(board_sysinit.o)
 .debug_abbrev  0x0000076c      0x1b3 C:\Users\Eric\Documents\LPCXpresso\SEM-bldcControl\lpc_chip_15xx\Debug\liblpc_chip_15xx.a(chip_15xx.o)
 .debug_abbrev  0x0000091f      0x285 C:\Users\Eric\Documents\LPCXpresso\SEM-bldcControl\lpc_chip_15xx\Debug\liblpc_chip_15xx.a(clock_15xx.o)
 .debug_abbrev  0x00000ba4      0x16a C:\Users\Eric\Documents\LPCXpresso\SEM-bldcControl\lpc_chip_15xx\Debug\liblpc_chip_15xx.a(gpio_15xx.o)
 .debug_abbrev  0x00000d0e      0x137 C:\Users\Eric\Documents\LPCXpresso\SEM-bldcControl\lpc_chip_15xx\Debug\liblpc_chip_15xx.a(iocon_15xx.o)
 .debug_abbrev  0x00000e45      0x13e C:\Users\Eric\Documents\LPCXpresso\SEM-bldcControl\lpc_chip_15xx\Debug\liblpc_chip_15xx.a(swm_15xx.o)
 .debug_abbrev  0x00000f83      0x12b C:\Users\Eric\Documents\LPCXpresso\SEM-bldcControl\lpc_chip_15xx\Debug\liblpc_chip_15xx.a(sysctl_15xx.o)
 .debug_abbrev  0x000010ae      0x18c C:\Users\Eric\Documents\LPCXpresso\SEM-bldcControl\lpc_chip_15xx\Debug\liblpc_chip_15xx.a(sysinit_15xx.o)

.debug_aranges  0x00000000      0x4f8
 .debug_aranges
                0x00000000       0x40 ./example/src/blinky.o
 .debug_aranges
                0x00000040       0x80 ./example/src/cr_startup_lpc15xx.o
 .debug_aranges
                0x000000c0       0x20 ./example/src/sysinit.o
 .debug_aranges
                0x000000e0       0xc0 C:\Users\Eric\Documents\LPCXpresso\SEM-bldcControl\lpc_board_nxp_lpcxpresso_1549\Debug\liblpc_board_nxp_lpcxpresso_1549.a(board.o)
 .debug_aranges
                0x000001a0       0x60 C:\Users\Eric\Documents\LPCXpresso\SEM-bldcControl\lpc_board_nxp_lpcxpresso_1549\Debug\liblpc_board_nxp_lpcxpresso_1549.a(board_sysinit.o)
 .debug_aranges
                0x00000200       0x50 C:\Users\Eric\Documents\LPCXpresso\SEM-bldcControl\lpc_chip_15xx\Debug\liblpc_chip_15xx.a(chip_15xx.o)
 .debug_aranges
                0x00000250      0x128 C:\Users\Eric\Documents\LPCXpresso\SEM-bldcControl\lpc_chip_15xx\Debug\liblpc_chip_15xx.a(clock_15xx.o)
 .debug_aranges
                0x00000378       0x70 C:\Users\Eric\Documents\LPCXpresso\SEM-bldcControl\lpc_chip_15xx\Debug\liblpc_chip_15xx.a(gpio_15xx.o)
 .debug_aranges
                0x000003e8       0x28 C:\Users\Eric\Documents\LPCXpresso\SEM-bldcControl\lpc_chip_15xx\Debug\liblpc_chip_15xx.a(iocon_15xx.o)
 .debug_aranges
                0x00000410       0x40 C:\Users\Eric\Documents\LPCXpresso\SEM-bldcControl\lpc_chip_15xx\Debug\liblpc_chip_15xx.a(swm_15xx.o)
 .debug_aranges
                0x00000450       0x50 C:\Users\Eric\Documents\LPCXpresso\SEM-bldcControl\lpc_chip_15xx\Debug\liblpc_chip_15xx.a(sysctl_15xx.o)
 .debug_aranges
                0x000004a0       0x58 C:\Users\Eric\Documents\LPCXpresso\SEM-bldcControl\lpc_chip_15xx\Debug\liblpc_chip_15xx.a(sysinit_15xx.o)

.debug_ranges   0x00000000      0x438
 .debug_ranges  0x00000000       0x30 ./example/src/blinky.o
 .debug_ranges  0x00000030       0x70 ./example/src/cr_startup_lpc15xx.o
 .debug_ranges  0x000000a0       0x10 ./example/src/sysinit.o
 .debug_ranges  0x000000b0       0xb0 C:\Users\Eric\Documents\LPCXpresso\SEM-bldcControl\lpc_board_nxp_lpcxpresso_1549\Debug\liblpc_board_nxp_lpcxpresso_1549.a(board.o)
 .debug_ranges  0x00000160       0x50 C:\Users\Eric\Documents\LPCXpresso\SEM-bldcControl\lpc_board_nxp_lpcxpresso_1549\Debug\liblpc_board_nxp_lpcxpresso_1549.a(board_sysinit.o)
 .debug_ranges  0x000001b0       0x40 C:\Users\Eric\Documents\LPCXpresso\SEM-bldcControl\lpc_chip_15xx\Debug\liblpc_chip_15xx.a(chip_15xx.o)
 .debug_ranges  0x000001f0      0x118 C:\Users\Eric\Documents\LPCXpresso\SEM-bldcControl\lpc_chip_15xx\Debug\liblpc_chip_15xx.a(clock_15xx.o)
 .debug_ranges  0x00000308       0x60 C:\Users\Eric\Documents\LPCXpresso\SEM-bldcControl\lpc_chip_15xx\Debug\liblpc_chip_15xx.a(gpio_15xx.o)
 .debug_ranges  0x00000368       0x18 C:\Users\Eric\Documents\LPCXpresso\SEM-bldcControl\lpc_chip_15xx\Debug\liblpc_chip_15xx.a(iocon_15xx.o)
 .debug_ranges  0x00000380       0x30 C:\Users\Eric\Documents\LPCXpresso\SEM-bldcControl\lpc_chip_15xx\Debug\liblpc_chip_15xx.a(swm_15xx.o)
 .debug_ranges  0x000003b0       0x40 C:\Users\Eric\Documents\LPCXpresso\SEM-bldcControl\lpc_chip_15xx\Debug\liblpc_chip_15xx.a(sysctl_15xx.o)
 .debug_ranges  0x000003f0       0x48 C:\Users\Eric\Documents\LPCXpresso\SEM-bldcControl\lpc_chip_15xx\Debug\liblpc_chip_15xx.a(sysinit_15xx.o)

.debug_macro    0x00000000     0x54e8
 .debug_macro   0x00000000      0x274 ./example/src/blinky.o
 .debug_macro   0x00000274      0x886 ./example/src/blinky.o
 .debug_macro   0x00000afa       0x10 ./example/src/blinky.o
 .debug_macro   0x00000b0a      0x12d ./example/src/blinky.o
 .debug_macro   0x00000c37      0x5b2 ./example/src/blinky.o
 .debug_macro   0x000011e9       0x22 ./example/src/blinky.o
 .debug_macro   0x0000120b       0x7b ./example/src/blinky.o
 .debug_macro   0x00001286       0x10 ./example/src/blinky.o
 .debug_macro   0x00001296       0x2d ./example/src/blinky.o
 .debug_macro   0x000012c3       0x3a ./example/src/blinky.o
 .debug_macro   0x000012fd       0x2d ./example/src/blinky.o
 .debug_macro   0x0000132a      0xa7d ./example/src/blinky.o
 .debug_macro   0x00001da7      0x1b4 ./example/src/blinky.o
 .debug_macro   0x00001f5b       0xca ./example/src/blinky.o
 .debug_macro   0x00002025       0x18 ./example/src/blinky.o
 .debug_macro   0x0000203d       0xb2 ./example/src/blinky.o
 .debug_macro   0x000020ef       0x70 ./example/src/blinky.o
 .debug_macro   0x0000215f       0x46 ./example/src/blinky.o
 .debug_macro   0x000021a5       0xd0 ./example/src/blinky.o
 .debug_macro   0x00002275       0x40 ./example/src/blinky.o
 .debug_macro   0x000022b5      0x233 ./example/src/blinky.o
 .debug_macro   0x000024e8       0x16 ./example/src/blinky.o
 .debug_macro   0x000024fe       0x88 ./example/src/blinky.o
 .debug_macro   0x00002586       0x34 ./example/src/blinky.o
 .debug_macro   0x000025ba       0x6a ./example/src/blinky.o
 .debug_macro   0x00002624       0x40 ./example/src/blinky.o
 .debug_macro   0x00002664       0x1c ./example/src/blinky.o
 .debug_macro   0x00002680       0x16 ./example/src/blinky.o
 .debug_macro   0x00002696      0x10c ./example/src/blinky.o
 .debug_macro   0x000027a2      0x2a9 ./example/src/blinky.o
 .debug_macro   0x00002a4b       0x76 ./example/src/blinky.o
 .debug_macro   0x00002ac1       0x22 ./example/src/blinky.o
 .debug_macro   0x00002ae3      0x152 ./example/src/blinky.o
 .debug_macro   0x00002c35       0x82 ./example/src/blinky.o
 .debug_macro   0x00002cb7       0xe6 ./example/src/blinky.o
 .debug_macro   0x00002d9d       0x3a ./example/src/blinky.o
 .debug_macro   0x00002dd7       0x34 ./example/src/blinky.o
 .debug_macro   0x00002e0b       0x10 ./example/src/blinky.o
 .debug_macro   0x00002e1b       0x76 ./example/src/blinky.o
 .debug_macro   0x00002e91       0x58 ./example/src/blinky.o
 .debug_macro   0x00002ee9      0x2ca ./example/src/blinky.o
 .debug_macro   0x000031b3      0x22b ./example/src/blinky.o
 .debug_macro   0x000033de       0x2e ./example/src/blinky.o
 .debug_macro   0x0000340c       0x3a ./example/src/blinky.o
 .debug_macro   0x00003446       0x9a ./example/src/blinky.o
 .debug_macro   0x000034e0       0x20 ./example/src/blinky.o
 .debug_macro   0x00003500       0x23 ./example/src/cr_startup_lpc15xx.o
 .debug_macro   0x00003523      0x26e ./example/src/sysinit.o
 .debug_macro   0x00003791      0x284 C:\Users\Eric\Documents\LPCXpresso\SEM-bldcControl\lpc_board_nxp_lpcxpresso_1549\Debug\liblpc_board_nxp_lpcxpresso_1549.a(board.o)
 .debug_macro   0x00003a15      0x886 C:\Users\Eric\Documents\LPCXpresso\SEM-bldcControl\lpc_board_nxp_lpcxpresso_1549\Debug\liblpc_board_nxp_lpcxpresso_1549.a(board.o)
 .debug_macro   0x0000429b       0x12 C:\Users\Eric\Documents\LPCXpresso\SEM-bldcControl\lpc_board_nxp_lpcxpresso_1549\Debug\liblpc_board_nxp_lpcxpresso_1549.a(board.o)
 .debug_macro   0x000042ad      0x288 C:\Users\Eric\Documents\LPCXpresso\SEM-bldcControl\lpc_board_nxp_lpcxpresso_1549\Debug\liblpc_board_nxp_lpcxpresso_1549.a(board_sysinit.o)
 .debug_macro   0x00004535      0x239 C:\Users\Eric\Documents\LPCXpresso\SEM-bldcControl\lpc_chip_15xx\Debug\liblpc_chip_15xx.a(chip_15xx.o)
 .debug_macro   0x0000476e      0x239 C:\Users\Eric\Documents\LPCXpresso\SEM-bldcControl\lpc_chip_15xx\Debug\liblpc_chip_15xx.a(clock_15xx.o)
 .debug_macro   0x000049a7      0x239 C:\Users\Eric\Documents\LPCXpresso\SEM-bldcControl\lpc_chip_15xx\Debug\liblpc_chip_15xx.a(gpio_15xx.o)
 .debug_macro   0x00004be0      0x239 C:\Users\Eric\Documents\LPCXpresso\SEM-bldcControl\lpc_chip_15xx\Debug\liblpc_chip_15xx.a(iocon_15xx.o)
 .debug_macro   0x00004e19      0x245 C:\Users\Eric\Documents\LPCXpresso\SEM-bldcControl\lpc_chip_15xx\Debug\liblpc_chip_15xx.a(swm_15xx.o)
 .debug_macro   0x0000505e      0x251 C:\Users\Eric\Documents\LPCXpresso\SEM-bldcControl\lpc_chip_15xx\Debug\liblpc_chip_15xx.a(sysctl_15xx.o)
 .debug_macro   0x000052af      0x239 C:\Users\Eric\Documents\LPCXpresso\SEM-bldcControl\lpc_chip_15xx\Debug\liblpc_chip_15xx.a(sysinit_15xx.o)

.debug_line     0x00000000     0x3a0e
 .debug_line    0x00000000      0x523 ./example/src/blinky.o
 .debug_line    0x00000523       0xde ./example/src/cr_startup_lpc15xx.o
 .debug_line    0x00000601      0x4ad ./example/src/sysinit.o
 .debug_line    0x00000aae      0x694 C:\Users\Eric\Documents\LPCXpresso\SEM-bldcControl\lpc_board_nxp_lpcxpresso_1549\Debug\liblpc_board_nxp_lpcxpresso_1549.a(board.o)
 .debug_line    0x00001142      0x592 C:\Users\Eric\Documents\LPCXpresso\SEM-bldcControl\lpc_board_nxp_lpcxpresso_1549\Debug\liblpc_board_nxp_lpcxpresso_1549.a(board_sysinit.o)
 .debug_line    0x000016d4      0x4b4 C:\Users\Eric\Documents\LPCXpresso\SEM-bldcControl\lpc_chip_15xx\Debug\liblpc_chip_15xx.a(chip_15xx.o)
 .debug_line    0x00001b88      0x708 C:\Users\Eric\Documents\LPCXpresso\SEM-bldcControl\lpc_chip_15xx\Debug\liblpc_chip_15xx.a(clock_15xx.o)
 .debug_line    0x00002290      0x50c C:\Users\Eric\Documents\LPCXpresso\SEM-bldcControl\lpc_chip_15xx\Debug\liblpc_chip_15xx.a(gpio_15xx.o)
 .debug_line    0x0000279c      0x454 C:\Users\Eric\Documents\LPCXpresso\SEM-bldcControl\lpc_chip_15xx\Debug\liblpc_chip_15xx.a(iocon_15xx.o)
 .debug_line    0x00002bf0      0x47f C:\Users\Eric\Documents\LPCXpresso\SEM-bldcControl\lpc_chip_15xx\Debug\liblpc_chip_15xx.a(swm_15xx.o)
 .debug_line    0x0000306f      0x4b6 C:\Users\Eric\Documents\LPCXpresso\SEM-bldcControl\lpc_chip_15xx\Debug\liblpc_chip_15xx.a(sysctl_15xx.o)
 .debug_line    0x00003525      0x4e9 C:\Users\Eric\Documents\LPCXpresso\SEM-bldcControl\lpc_chip_15xx\Debug\liblpc_chip_15xx.a(sysinit_15xx.o)

.debug_str      0x00000000    0x120a8
 .debug_str     0x00000000     0xfb78 ./example/src/blinky.o
                               0xfc63 (size before relaxing)
 .debug_str     0x0000fb78      0x1d5 ./example/src/cr_startup_lpc15xx.o
                               0x26c2 (size before relaxing)
 .debug_str     0x0000fd4d       0x19 ./example/src/sysinit.o
                               0xf559 (size before relaxing)
 .debug_str     0x0000fd66      0xa15 C:\Users\Eric\Documents\LPCXpresso\SEM-bldcControl\lpc_board_nxp_lpcxpresso_1549\Debug\liblpc_board_nxp_lpcxpresso_1549.a(board.o)
                               0xff20 (size before relaxing)
 .debug_str     0x0001077b      0x5fe C:\Users\Eric\Documents\LPCXpresso\SEM-bldcControl\lpc_board_nxp_lpcxpresso_1549\Debug\liblpc_board_nxp_lpcxpresso_1549.a(board_sysinit.o)
                              0x10547 (size before relaxing)
 .debug_str     0x00010d79      0x153 C:\Users\Eric\Documents\LPCXpresso\SEM-bldcControl\lpc_chip_15xx\Debug\liblpc_chip_15xx.a(chip_15xx.o)
                               0xfcae (size before relaxing)
 .debug_str     0x00010ecc      0x89d C:\Users\Eric\Documents\LPCXpresso\SEM-bldcControl\lpc_chip_15xx\Debug\liblpc_chip_15xx.a(clock_15xx.o)
                              0x100ae (size before relaxing)
 .debug_str     0x00011769       0xdf C:\Users\Eric\Documents\LPCXpresso\SEM-bldcControl\lpc_chip_15xx\Debug\liblpc_chip_15xx.a(gpio_15xx.o)
                               0xf75b (size before relaxing)
 .debug_str     0x00011848       0x41 C:\Users\Eric\Documents\LPCXpresso\SEM-bldcControl\lpc_chip_15xx\Debug\liblpc_chip_15xx.a(iocon_15xx.o)
                               0xf278 (size before relaxing)
 .debug_str     0x00011889      0x55d C:\Users\Eric\Documents\LPCXpresso\SEM-bldcControl\lpc_chip_15xx\Debug\liblpc_chip_15xx.a(swm_15xx.o)
                               0xfc80 (size before relaxing)
 .debug_str     0x00011de6      0x183 C:\Users\Eric\Documents\LPCXpresso\SEM-bldcControl\lpc_chip_15xx\Debug\liblpc_chip_15xx.a(sysctl_15xx.o)
                               0xf765 (size before relaxing)
 .debug_str     0x00011f69      0x13f C:\Users\Eric\Documents\LPCXpresso\SEM-bldcControl\lpc_chip_15xx\Debug\liblpc_chip_15xx.a(sysinit_15xx.o)
                               0xf754 (size before relaxing)

.comment        0x00000000       0xdc
 .comment       0x00000000       0x6e ./example/src/blinky.o
                                 0x6f (size before relaxing)
 .comment       0x0000006e       0x6f ./example/src/cr_startup_lpc15xx.o
 .comment       0x0000006e       0x6f ./example/src/sysinit.o
 .comment       0x0000006e       0x6f C:\Users\Eric\Documents\LPCXpresso\SEM-bldcControl\lpc_board_nxp_lpcxpresso_1549\Debug\liblpc_board_nxp_lpcxpresso_1549.a(board.o)
 .comment       0x0000006e       0x6f C:\Users\Eric\Documents\LPCXpresso\SEM-bldcControl\lpc_board_nxp_lpcxpresso_1549\Debug\liblpc_board_nxp_lpcxpresso_1549.a(board_sysinit.o)
 .comment       0x0000006e       0x6f C:\Users\Eric\Documents\LPCXpresso\SEM-bldcControl\lpc_chip_15xx\Debug\liblpc_chip_15xx.a(chip_15xx.o)
 .comment       0x0000006e       0x6f C:\Users\Eric\Documents\LPCXpresso\SEM-bldcControl\lpc_chip_15xx\Debug\liblpc_chip_15xx.a(clock_15xx.o)
 .comment       0x0000006e       0x6f C:\Users\Eric\Documents\LPCXpresso\SEM-bldcControl\lpc_chip_15xx\Debug\liblpc_chip_15xx.a(gpio_15xx.o)
 .comment       0x0000006e       0x6f C:\Users\Eric\Documents\LPCXpresso\SEM-bldcControl\lpc_chip_15xx\Debug\liblpc_chip_15xx.a(iocon_15xx.o)
 .comment       0x0000006e       0x6f C:\Users\Eric\Documents\LPCXpresso\SEM-bldcControl\lpc_chip_15xx\Debug\liblpc_chip_15xx.a(swm_15xx.o)
 .comment       0x0000006e       0x6f C:\Users\Eric\Documents\LPCXpresso\SEM-bldcControl\lpc_chip_15xx\Debug\liblpc_chip_15xx.a(sysctl_15xx.o)
 .comment       0x0000006e       0x6f C:\Users\Eric\Documents\LPCXpresso\SEM-bldcControl\lpc_chip_15xx\Debug\liblpc_chip_15xx.a(sysinit_15xx.o)
 .comment       0x0000006e       0x6e c:/nxp/lpcxpresso_8.2.2_650/lpcxpresso/tools/bin/../lib/gcc/arm-none-eabi/5.4.1/../../../../arm-none-eabi/lib/armv7-m\libcr_nohost.a(_cr__main.o)
                                 0x6f (size before relaxing)
 .comment       0x000000dc       0x6f c:/nxp/lpcxpresso_8.2.2_650/lpcxpresso/tools/bin/../lib/gcc/arm-none-eabi/5.4.1/../../../../arm-none-eabi/lib/armv7-m\libcr_c.a(initio.o)
 .comment       0x000000dc       0x6f c:/nxp/lpcxpresso_8.2.2_650/lpcxpresso/tools/bin/../lib/gcc/arm-none-eabi/5.4.1/../../../../arm-none-eabi/lib/armv7-m\libcr_c.a(setvbuf.o)
 .comment       0x000000dc       0x6f c:/nxp/lpcxpresso_8.2.2_650/lpcxpresso/tools/bin/../lib/gcc/arm-none-eabi/5.4.1/../../../../arm-none-eabi/lib/armv7-m\libcr_c.a(stdio.o)
 .comment       0x000000dc       0x6f c:/nxp/lpcxpresso_8.2.2_650/lpcxpresso/tools/bin/../lib/gcc/arm-none-eabi/5.4.1/../../../../arm-none-eabi/lib/armv7-m\libcr_c.a(memset.o)
 .comment       0x000000dc       0x6f c:/nxp/lpcxpresso_8.2.2_650/lpcxpresso/tools/bin/../lib/gcc/arm-none-eabi/5.4.1/../../../../arm-none-eabi/lib/armv7-m\libcr_c.a(_deferredlazyseek.o)
 .comment       0x000000dc       0x6f c:/nxp/lpcxpresso_8.2.2_650/lpcxpresso/tools/bin/../lib/gcc/arm-none-eabi/5.4.1/../../../../arm-none-eabi/lib/armv7-m\libcr_c.a(_fdopen.o)
 .comment       0x000000dc       0x6f c:/nxp/lpcxpresso_8.2.2_650/lpcxpresso/tools/bin/../lib/gcc/arm-none-eabi/5.4.1/../../../../arm-none-eabi/lib/armv7-m\libcr_c.a(_fflush.o)
 .comment       0x000000dc       0x6f c:/nxp/lpcxpresso_8.2.2_650/lpcxpresso/tools/bin/../lib/gcc/arm-none-eabi/5.4.1/../../../../arm-none-eabi/lib/armv7-m\libcr_c.a(_writebuf.o)
 .comment       0x000000dc       0x6f c:/nxp/lpcxpresso_8.2.2_650/lpcxpresso/tools/bin/../lib/gcc/arm-none-eabi/5.4.1/../../../../arm-none-eabi/lib/armv7-m\libcr_c.a(alloc.o)
 .comment       0x000000dc       0x6f c:/nxp/lpcxpresso_8.2.2_650/lpcxpresso/tools/bin/../lib/gcc/arm-none-eabi/5.4.1/../../../../arm-none-eabi/lib/armv7-m\libcr_c.a(fclose.o)
 .comment       0x000000dc       0x6f c:/nxp/lpcxpresso_8.2.2_650/lpcxpresso/tools/bin/../lib/gcc/arm-none-eabi/5.4.1/../../../../arm-none-eabi/lib/armv7-m\libcr_c.a(fflush.o)
 .comment       0x000000dc       0x6f c:/nxp/lpcxpresso_8.2.2_650/lpcxpresso/tools/bin/../lib/gcc/arm-none-eabi/5.4.1/../../../../arm-none-eabi/lib/armv7-m\libcr_c.a(fseek.o)
 .comment       0x000000dc       0x6f c:/nxp/lpcxpresso_8.2.2_650/lpcxpresso/tools/bin/../lib/gcc/arm-none-eabi/5.4.1/../../../../arm-none-eabi/lib/armv7-m\libcr_c.a(ftell.o)
 .comment       0x000000dc       0x6f c:/nxp/lpcxpresso_8.2.2_650/lpcxpresso/tools/bin/../lib/gcc/arm-none-eabi/5.4.1/../../../../arm-none-eabi/lib/armv7-m\libcr_c.a(remove.o)
 .comment       0x000000dc       0x6f c:/nxp/lpcxpresso_8.2.2_650/lpcxpresso/tools/bin/../lib/gcc/arm-none-eabi/5.4.1/../../../../arm-none-eabi/lib/armv7-m\libcr_c.a(strlen.o)
 .comment       0x000000dc       0x6f c:/nxp/lpcxpresso_8.2.2_650/lpcxpresso/tools/bin/../lib/gcc/arm-none-eabi/5.4.1/../../../../arm-none-eabi/lib/armv7-m\libcr_c.a(__init_alloc.o)
 .comment       0x000000dc       0x6f c:/nxp/lpcxpresso_8.2.2_650/lpcxpresso/tools/bin/../lib/gcc/arm-none-eabi/5.4.1/../../../../arm-none-eabi/lib/armv7-m\libcr_c.a(_cr_sbrk.o)
 .comment       0x000000dc       0x6f c:/nxp/lpcxpresso_8.2.2_650/lpcxpresso/tools/bin/../lib/gcc/arm-none-eabi/5.4.1/../../../../arm-none-eabi/lib/armv7-m\libcr_c.a(_do_fflush.o)
 .comment       0x000000dc       0x6f c:/nxp/lpcxpresso_8.2.2_650/lpcxpresso/tools/bin/../lib/gcc/arm-none-eabi/5.4.1/../../../../arm-none-eabi/lib/armv7-m\libcr_c.a(errno.o)
 .comment       0x000000dc       0x6f c:/nxp/lpcxpresso_8.2.2_650/lpcxpresso/tools/bin/../lib/gcc/arm-none-eabi/5.4.1/../../../../arm-none-eabi/lib/armv7-m\libcr_c.a(_cr_check_heap.o)
 .comment       0x000000dc       0x6f c:/nxp/lpcxpresso_8.2.2_650/lpcxpresso/tools/bin/../lib/gcc/arm-none-eabi/5.4.1/../../../../arm-none-eabi/lib/armv7-m\libcr_nohost.a(__sys_appexit.o)
 .comment       0x000000dc       0x6f c:/nxp/lpcxpresso_8.2.2_650/lpcxpresso/tools/bin/../lib/gcc/arm-none-eabi/5.4.1/../../../../arm-none-eabi/lib/armv7-m\libcr_nohost.a(__sys_close.o)
 .comment       0x000000dc       0x6f c:/nxp/lpcxpresso_8.2.2_650/lpcxpresso/tools/bin/../lib/gcc/arm-none-eabi/5.4.1/../../../../arm-none-eabi/lib/armv7-m\libcr_nohost.a(__sys_flen.o)
 .comment       0x000000dc       0x6f c:/nxp/lpcxpresso_8.2.2_650/lpcxpresso/tools/bin/../lib/gcc/arm-none-eabi/5.4.1/../../../../arm-none-eabi/lib/armv7-m\libcr_nohost.a(__sys_istty.o)
 .comment       0x000000dc       0x6f c:/nxp/lpcxpresso_8.2.2_650/lpcxpresso/tools/bin/../lib/gcc/arm-none-eabi/5.4.1/../../../../arm-none-eabi/lib/armv7-m\libcr_nohost.a(__sys_remove.o)
 .comment       0x000000dc       0x6f c:/nxp/lpcxpresso_8.2.2_650/lpcxpresso/tools/bin/../lib/gcc/arm-none-eabi/5.4.1/../../../../arm-none-eabi/lib/armv7-m\libcr_nohost.a(__sys_seek.o)
 .comment       0x000000dc       0x6f c:/nxp/lpcxpresso_8.2.2_650/lpcxpresso/tools/bin/../lib/gcc/arm-none-eabi/5.4.1/../../../../arm-none-eabi/lib/armv7-m\libcr_nohost.a(__sys_tmpnam.o)
 .comment       0x000000dc       0x6f c:/nxp/lpcxpresso_8.2.2_650/lpcxpresso/tools/bin/../lib/gcc/arm-none-eabi/5.4.1/../../../../arm-none-eabi/lib/armv7-m\libcr_nohost.a(__sys_write.o)

.ARM.attributes
                0x00000000       0x31
 .ARM.attributes
                0x00000000       0x33 ./example/src/blinky.o
 .ARM.attributes
                0x00000033       0x33 ./example/src/cr_startup_lpc15xx.o
 .ARM.attributes
                0x00000066       0x33 ./example/src/sysinit.o
 .ARM.attributes
                0x00000099       0x33 C:\Users\Eric\Documents\LPCXpresso\SEM-bldcControl\lpc_board_nxp_lpcxpresso_1549\Debug\liblpc_board_nxp_lpcxpresso_1549.a(board.o)
 .ARM.attributes
                0x000000cc       0x33 C:\Users\Eric\Documents\LPCXpresso\SEM-bldcControl\lpc_board_nxp_lpcxpresso_1549\Debug\liblpc_board_nxp_lpcxpresso_1549.a(board_sysinit.o)
 .ARM.attributes
                0x000000ff       0x33 C:\Users\Eric\Documents\LPCXpresso\SEM-bldcControl\lpc_chip_15xx\Debug\liblpc_chip_15xx.a(chip_15xx.o)
 .ARM.attributes
                0x00000132       0x33 C:\Users\Eric\Documents\LPCXpresso\SEM-bldcControl\lpc_chip_15xx\Debug\liblpc_chip_15xx.a(clock_15xx.o)
 .ARM.attributes
                0x00000165       0x33 C:\Users\Eric\Documents\LPCXpresso\SEM-bldcControl\lpc_chip_15xx\Debug\liblpc_chip_15xx.a(gpio_15xx.o)
 .ARM.attributes
                0x00000198       0x33 C:\Users\Eric\Documents\LPCXpresso\SEM-bldcControl\lpc_chip_15xx\Debug\liblpc_chip_15xx.a(iocon_15xx.o)
 .ARM.attributes
                0x000001cb       0x33 C:\Users\Eric\Documents\LPCXpresso\SEM-bldcControl\lpc_chip_15xx\Debug\liblpc_chip_15xx.a(swm_15xx.o)
 .ARM.attributes
                0x000001fe       0x33 C:\Users\Eric\Documents\LPCXpresso\SEM-bldcControl\lpc_chip_15xx\Debug\liblpc_chip_15xx.a(sysctl_15xx.o)
 .ARM.attributes
                0x00000231       0x33 C:\Users\Eric\Documents\LPCXpresso\SEM-bldcControl\lpc_chip_15xx\Debug\liblpc_chip_15xx.a(sysinit_15xx.o)
 .ARM.attributes
                0x00000264       0x33 c:/nxp/lpcxpresso_8.2.2_650/lpcxpresso/tools/bin/../lib/gcc/arm-none-eabi/5.4.1/../../../../arm-none-eabi/lib/armv7-m\libcr_nohost.a(_cr__main.o)
 .ARM.attributes
                0x00000297       0x33 c:/nxp/lpcxpresso_8.2.2_650/lpcxpresso/tools/bin/../lib/gcc/arm-none-eabi/5.4.1/../../../../arm-none-eabi/lib/armv7-m\libcr_c.a(initio.o)
 .ARM.attributes
                0x000002ca       0x33 c:/nxp/lpcxpresso_8.2.2_650/lpcxpresso/tools/bin/../lib/gcc/arm-none-eabi/5.4.1/../../../../arm-none-eabi/lib/armv7-m\libcr_c.a(setvbuf.o)
 .ARM.attributes
                0x000002fd       0x33 c:/nxp/lpcxpresso_8.2.2_650/lpcxpresso/tools/bin/../lib/gcc/arm-none-eabi/5.4.1/../../../../arm-none-eabi/lib/armv7-m\libcr_c.a(stdio.o)
 .ARM.attributes
                0x00000330       0x33 c:/nxp/lpcxpresso_8.2.2_650/lpcxpresso/tools/bin/../lib/gcc/arm-none-eabi/5.4.1/../../../../arm-none-eabi/lib/armv7-m\libcr_c.a(memset.o)
 .ARM.attributes
                0x00000363       0x33 c:/nxp/lpcxpresso_8.2.2_650/lpcxpresso/tools/bin/../lib/gcc/arm-none-eabi/5.4.1/../../../../arm-none-eabi/lib/armv7-m\libcr_c.a(_deferredlazyseek.o)
 .ARM.attributes
                0x00000396       0x33 c:/nxp/lpcxpresso_8.2.2_650/lpcxpresso/tools/bin/../lib/gcc/arm-none-eabi/5.4.1/../../../../arm-none-eabi/lib/armv7-m\libcr_c.a(_fdopen.o)
 .ARM.attributes
                0x000003c9       0x33 c:/nxp/lpcxpresso_8.2.2_650/lpcxpresso/tools/bin/../lib/gcc/arm-none-eabi/5.4.1/../../../../arm-none-eabi/lib/armv7-m\libcr_c.a(_fflush.o)
 .ARM.attributes
                0x000003fc       0x33 c:/nxp/lpcxpresso_8.2.2_650/lpcxpresso/tools/bin/../lib/gcc/arm-none-eabi/5.4.1/../../../../arm-none-eabi/lib/armv7-m\libcr_c.a(_writebuf.o)
 .ARM.attributes
                0x0000042f       0x33 c:/nxp/lpcxpresso_8.2.2_650/lpcxpresso/tools/bin/../lib/gcc/arm-none-eabi/5.4.1/../../../../arm-none-eabi/lib/armv7-m\libcr_c.a(alloc.o)
 .ARM.attributes
                0x00000462       0x33 c:/nxp/lpcxpresso_8.2.2_650/lpcxpresso/tools/bin/../lib/gcc/arm-none-eabi/5.4.1/../../../../arm-none-eabi/lib/armv7-m\libcr_c.a(fclose.o)
 .ARM.attributes
                0x00000495       0x33 c:/nxp/lpcxpresso_8.2.2_650/lpcxpresso/tools/bin/../lib/gcc/arm-none-eabi/5.4.1/../../../../arm-none-eabi/lib/armv7-m\libcr_c.a(fflush.o)
 .ARM.attributes
                0x000004c8       0x33 c:/nxp/lpcxpresso_8.2.2_650/lpcxpresso/tools/bin/../lib/gcc/arm-none-eabi/5.4.1/../../../../arm-none-eabi/lib/armv7-m\libcr_c.a(fseek.o)
 .ARM.attributes
                0x000004fb       0x33 c:/nxp/lpcxpresso_8.2.2_650/lpcxpresso/tools/bin/../lib/gcc/arm-none-eabi/5.4.1/../../../../arm-none-eabi/lib/armv7-m\libcr_c.a(ftell.o)
 .ARM.attributes
                0x0000052e       0x33 c:/nxp/lpcxpresso_8.2.2_650/lpcxpresso/tools/bin/../lib/gcc/arm-none-eabi/5.4.1/../../../../arm-none-eabi/lib/armv7-m\libcr_c.a(remove.o)
 .ARM.attributes
                0x00000561       0x33 c:/nxp/lpcxpresso_8.2.2_650/lpcxpresso/tools/bin/../lib/gcc/arm-none-eabi/5.4.1/../../../../arm-none-eabi/lib/armv7-m\libcr_c.a(strlen.o)
 .ARM.attributes
                0x00000594       0x33 c:/nxp/lpcxpresso_8.2.2_650/lpcxpresso/tools/bin/../lib/gcc/arm-none-eabi/5.4.1/../../../../arm-none-eabi/lib/armv7-m\libcr_c.a(__init_alloc.o)
 .ARM.attributes
                0x000005c7       0x33 c:/nxp/lpcxpresso_8.2.2_650/lpcxpresso/tools/bin/../lib/gcc/arm-none-eabi/5.4.1/../../../../arm-none-eabi/lib/armv7-m\libcr_c.a(_cr_sbrk.o)
 .ARM.attributes
                0x000005fa       0x33 c:/nxp/lpcxpresso_8.2.2_650/lpcxpresso/tools/bin/../lib/gcc/arm-none-eabi/5.4.1/../../../../arm-none-eabi/lib/armv7-m\libcr_c.a(_do_fflush.o)
 .ARM.attributes
                0x0000062d       0x33 c:/nxp/lpcxpresso_8.2.2_650/lpcxpresso/tools/bin/../lib/gcc/arm-none-eabi/5.4.1/../../../../arm-none-eabi/lib/armv7-m\libcr_c.a(errno.o)
 .ARM.attributes
                0x00000660       0x33 c:/nxp/lpcxpresso_8.2.2_650/lpcxpresso/tools/bin/../lib/gcc/arm-none-eabi/5.4.1/../../../../arm-none-eabi/lib/armv7-m\libcr_c.a(_cr_check_heap.o)
 .ARM.attributes
                0x00000693       0x21 c:/nxp/lpcxpresso_8.2.2_650/lpcxpresso/tools/bin/../lib/gcc/arm-none-eabi/5.4.1/armv7-m\libcr_eabihelpers.a(memcpy.o)
 .ARM.attributes
                0x000006b4       0x33 c:/nxp/lpcxpresso_8.2.2_650/lpcxpresso/tools/bin/../lib/gcc/arm-none-eabi/5.4.1/../../../../arm-none-eabi/lib/armv7-m\libcr_nohost.a(__sys_appexit.o)
 .ARM.attributes
                0x000006e7       0x33 c:/nxp/lpcxpresso_8.2.2_650/lpcxpresso/tools/bin/../lib/gcc/arm-none-eabi/5.4.1/../../../../arm-none-eabi/lib/armv7-m\libcr_nohost.a(__sys_close.o)
 .ARM.attributes
                0x0000071a       0x33 c:/nxp/lpcxpresso_8.2.2_650/lpcxpresso/tools/bin/../lib/gcc/arm-none-eabi/5.4.1/../../../../arm-none-eabi/lib/armv7-m\libcr_nohost.a(__sys_flen.o)
 .ARM.attributes
                0x0000074d       0x33 c:/nxp/lpcxpresso_8.2.2_650/lpcxpresso/tools/bin/../lib/gcc/arm-none-eabi/5.4.1/../../../../arm-none-eabi/lib/armv7-m\libcr_nohost.a(__sys_istty.o)
 .ARM.attributes
                0x00000780       0x33 c:/nxp/lpcxpresso_8.2.2_650/lpcxpresso/tools/bin/../lib/gcc/arm-none-eabi/5.4.1/../../../../arm-none-eabi/lib/armv7-m\libcr_nohost.a(__sys_remove.o)
 .ARM.attributes
                0x000007b3       0x33 c:/nxp/lpcxpresso_8.2.2_650/lpcxpresso/tools/bin/../lib/gcc/arm-none-eabi/5.4.1/../../../../arm-none-eabi/lib/armv7-m\libcr_nohost.a(__sys_seek.o)
 .ARM.attributes
                0x000007e6       0x33 c:/nxp/lpcxpresso_8.2.2_650/lpcxpresso/tools/bin/../lib/gcc/arm-none-eabi/5.4.1/../../../../arm-none-eabi/lib/armv7-m\libcr_nohost.a(__sys_tmpnam.o)
 .ARM.attributes
                0x00000819       0x33 c:/nxp/lpcxpresso_8.2.2_650/lpcxpresso/tools/bin/../lib/gcc/arm-none-eabi/5.4.1/../../../../arm-none-eabi/lib/armv7-m\libcr_nohost.a(__sys_write.o)

.debug_frame    0x00000000     0x11b0
 .debug_frame   0x00000000       0xc0 ./example/src/blinky.o
 .debug_frame   0x000000c0      0x170 ./example/src/cr_startup_lpc15xx.o
 .debug_frame   0x00000230       0x2c ./example/src/sysinit.o
 .debug_frame   0x0000025c      0x318 C:\Users\Eric\Documents\LPCXpresso\SEM-bldcControl\lpc_board_nxp_lpcxpresso_1549\Debug\liblpc_board_nxp_lpcxpresso_1549.a(board.o)
 .debug_frame   0x00000574      0x14c C:\Users\Eric\Documents\LPCXpresso\SEM-bldcControl\lpc_board_nxp_lpcxpresso_1549\Debug\liblpc_board_nxp_lpcxpresso_1549.a(board_sysinit.o)
 .debug_frame   0x000006c0      0x104 C:\Users\Eric\Documents\LPCXpresso\SEM-bldcControl\lpc_chip_15xx\Debug\liblpc_chip_15xx.a(chip_15xx.o)
 .debug_frame   0x000007c4      0x4b0 C:\Users\Eric\Documents\LPCXpresso\SEM-bldcControl\lpc_chip_15xx\Debug\liblpc_chip_15xx.a(clock_15xx.o)
 .debug_frame   0x00000c74      0x1b4 C:\Users\Eric\Documents\LPCXpresso\SEM-bldcControl\lpc_chip_15xx\Debug\liblpc_chip_15xx.a(gpio_15xx.o)
 .debug_frame   0x00000e28       0x5c C:\Users\Eric\Documents\LPCXpresso\SEM-bldcControl\lpc_chip_15xx\Debug\liblpc_chip_15xx.a(iocon_15xx.o)
 .debug_frame   0x00000e84       0xd4 C:\Users\Eric\Documents\LPCXpresso\SEM-bldcControl\lpc_chip_15xx\Debug\liblpc_chip_15xx.a(swm_15xx.o)
 .debug_frame   0x00000f58      0x124 C:\Users\Eric\Documents\LPCXpresso\SEM-bldcControl\lpc_chip_15xx\Debug\liblpc_chip_15xx.a(sysctl_15xx.o)
 .debug_frame   0x0000107c      0x134 C:\Users\Eric\Documents\LPCXpresso\SEM-bldcControl\lpc_chip_15xx\Debug\liblpc_chip_15xx.a(sysinit_15xx.o)
