17:01:50 **** Clean-only build of configuration Debug for project periph_sct_pwm ****
make -r clean 
rm -rf  ./example/src/cr_startup_lpc15xx.o ./example/src/sct_pwm.o ./example/src/sysinit.o  ./example/src/cr_startup_lpc15xx.d ./example/src/sct_pwm.d ./example/src/sysinit.d  periph_sct_pwm.axf
 
17:01:51 **** Build of configuration Debug for project periph_sct_pwm ****
make -r all 
Building file: ../example/src/cr_startup_lpc15xx.c
Invoking: MCU C Compiler
arm-none-eabi-gcc -DDEBUG -D__CODE_RED -D__USE_LPCOPEN -D__REDLIB__ -DCORE_M3 -O0 -g3 -Wall -c -fmessage-length=0 -fno-builtin -ffunction-sections -fdata-sections -mcpu=cortex-m3 -mthumb -specs=redlib.specs -MMD -MP -MF"example/src/cr_startup_lpc15xx.d" -MT"example/src/cr_startup_lpc15xx.o" -MT"example/src/cr_startup_lpc15xx.d" -o "example/src/cr_startup_lpc15xx.o" "../example/src/cr_startup_lpc15xx.c"
Finished building: ../example/src/cr_startup_lpc15xx.c
 
Building file: ../example/src/sct_pwm.c
Invoking: MCU C Compiler
arm-none-eabi-gcc -DDEBUG -D__CODE_RED -D__USE_LPCOPEN -D__REDLIB__ -DCORE_M3 -O0 -g3 -Wall -c -fmessage-length=0 -fno-builtin -ffunction-sections -fdata-sections -mcpu=cortex-m3 -mthumb -D__REDLIB__ -specs=redlib.specs -MMD -MP -MF"example/src/sct_pwm.d" -MT"example/src/sct_pwm.d" -o "example/src/sct_pwm.o" "../example/src/sct_pwm.c"
../example/src/sct_pwm.c:1:19: fatal error: board.h: No such file or directory
compilation terminated.
make: *** [example/src/sct_pwm.o] Error 1
17:01:55 **** Incremental Build of configuration Debug for project periph_sct_pwm ****
make -r all 
Building file: ../example/src/sct_pwm.c
Invoking: MCU C Compiler
arm-none-eabi-gcc -DDEBUG -D__CODE_RED -D__USE_LPCOPEN -D__REDLIB__ -DCORE_M3 -O0 -g3 -Wall -c -fmessage-length=0 -fno-builtin -ffunction-sections -fdata-sections -mcpu=cortex-m3 -mthumb -D__REDLIB__ -specs=redlib.specs -MMD -MP -MF"example/src/sct_pwm.d" -MT"example/src/sct_pwm.d" -o "example/src/sct_pwm.o" "../example/src/sct_pwm.c"
../example/src/sct_pwm.c:1:19: fatal error: board.h: No such file or directory
compilation terminated.
make: *** [example/src/sct_pwm.o] Error 1
10:08:44 **** Clean-only build of configuration Debug for project lpc_board_nxp_lpcxpresso_1549 ****
make -r clean 
rm -rf  ./src/board.o ./src/board_sysinit.o  ./src/board.d ./src/board_sysinit.d  liblpc_board_nxp_lpcxpresso_1549.a
 
10:08:45 **** Build of configuration Debug for project lpc_board_nxp_lpcxpresso_1549 ****
make -r all 
Building file: ../src/board.c
Invoking: MCU C Compiler
arm-none-eabi-gcc -D__REDLIB__ -DDEBUG -D__CODE_RED -D__USE_LPCOPEN -DCORE_M3 -I"C:\Users\Eric\Documents\LPCXpresso_8.2.2_650\SEM-bldcControl\lpc_chip_15xx\inc" -I"C:\Users\Eric\Documents\LPCXpresso_8.2.2_650\SEM-bldcControl\lpc_board_nxp_lpcxpresso_1549\inc" -O0 -g3 -Wall -c -fmessage-length=0 -fno-builtin -ffunction-sections -fdata-sections -mcpu=cortex-m3 -mthumb -specs=redlib.specs -MMD -MP -MF"src/board.d" -MT"src/board.o" -MT"src/board.d" -o "src/board.o" "../src/board.c"
Finished building: ../src/board.c
 
Building file: ../src/board_sysinit.c
Invoking: MCU C Compiler
arm-none-eabi-gcc -D__REDLIB__ -DDEBUG -D__CODE_RED -D__USE_LPCOPEN -DCORE_M3 -I"C:\Users\Eric\Documents\LPCXpresso_8.2.2_650\SEM-bldcControl\lpc_chip_15xx\inc" -I"C:\Users\Eric\Documents\LPCXpresso_8.2.2_650\SEM-bldcControl\lpc_board_nxp_lpcxpresso_1549\inc" -O0 -g3 -Wall -c -fmessage-length=0 -fno-builtin -ffunction-sections -fdata-sections -mcpu=cortex-m3 -mthumb -specs=redlib.specs -MMD -MP -MF"src/board_sysinit.d" -MT"src/board_sysinit.o" -MT"src/board_sysinit.d" -o "src/board_sysinit.o" "../src/board_sysinit.c"
Finished building: ../src/board_sysinit.c
 
Building target: liblpc_board_nxp_lpcxpresso_1549.a
Invoking: MCU Archiver
arm-none-eabi-ar -r  "liblpc_board_nxp_lpcxpresso_1549.a"  ./src/board.o ./src/board_sysinit.o   
c:\nxp\LPCXpresso_8.2.2_650\lpcxpresso\tools\bin\arm-none-eabi-ar.exe: creating liblpc_board_nxp_lpcxpresso_1549.a
Finished building target: liblpc_board_nxp_lpcxpresso_1549.a
 
make --no-print-directory post-build
Performing post-build steps
arm-none-eabi-size "liblpc_board_nxp_lpcxpresso_1549.a" ; # arm-none-eabi-objdump -h -S "liblpc_board_nxp_lpcxpresso_1549.a" >"liblpc_board_nxp_lpcxpresso_1549.lss"
   text	   data	    bss	    dec	    hex	filename
   1233	      0	      0	   1233	    4d1	board.o (ex liblpc_board_nxp_lpcxpresso_1549.a)
    574	      0	      0	    574	    23e	board_sysinit.o (ex liblpc_board_nxp_lpcxpresso_1549.a)
 
10:08:53 **** Clean-only build of configuration Debug for project lpc_chip_15xx ****
make -r clean 
rm -rf  ./src/acmp_15xx.o ./src/adc_15xx.o ./src/chip_15xx.o ./src/clock_15xx.o ./src/crc_15xx.o ./src/dac_15xx.o ./src/dma_15xx.o ./src/eeprom.o ./src/gpio_15xx.o ./src/i2c_common_15xx.o ./src/i2cm_15xx.o ./src/i2cs_15xx.o ./src/iap.o ./src/iocon_15xx.o ./src/pinint_15xx.o ./src/pmu_15xx.o ./src/ring_buffer.o ./src/ritimer_15xx.o ./src/rtc_15xx.o ./src/sct_15xx.o ./src/sct_pwm_15xx.o ./src/sctipu_15xx.o ./src/spi_15xx.o ./src/stopwatch_15xx.o ./src/swm_15xx.o ./src/sysctl_15xx.o ./src/sysinit_15xx.o ./src/uart_15xx.o ./src/wwdt_15xx.o  ./src/acmp_15xx.d ./src/adc_15xx.d ./src/chip_15xx.d ./src/clock_15xx.d ./src/crc_15xx.d ./src/dac_15xx.d ./src/dma_15xx.d ./src/eeprom.d ./src/gpio_15xx.d ./src/i2c_common_15xx.d ./src/i2cm_15xx.d ./src/i2cs_15xx.d ./src/iap.d ./src/iocon_15xx.d ./src/pinint_15xx.d ./src/pmu_15xx.d ./src/ring_buffer.d ./src/ritimer_15xx.d ./src/rtc_15xx.d ./src/sct_15xx.d ./src/sct_pwm_15xx.d ./src/sctipu_15xx.d ./src/spi_15xx.d ./src/stopwatch_15xx.d ./src/swm_15xx.d ./src/sysctl_15xx.d ./src/sysinit_15xx.d ./src/uart_15xx.d ./src/wwdt_15xx.d  liblpc_chip_15xx.a
 
10:08:53 **** Build of configuration Debug for project lpc_chip_15xx ****
make -r all 
Building file: ../src/acmp_15xx.c
Invoking: MCU C Compiler
arm-none-eabi-gcc -D__REDLIB__ -DDEBUG -D__CODE_RED -D__USE_LPCOPEN -DCORE_M3 -I"C:\Users\Eric\Documents\LPCXpresso_8.2.2_650\SEM-bldcControl\lpc_chip_15xx\inc" -O0 -g3 -Wall -c -fmessage-length=0 -fno-builtin -ffunction-sections -fdata-sections -mcpu=cortex-m3 -mthumb -specs=redlib.specs -MMD -MP -MF"src/acmp_15xx.d" -MT"src/acmp_15xx.o" -MT"src/acmp_15xx.d" -o "src/acmp_15xx.o" "../src/acmp_15xx.c"
Finished building: ../src/acmp_15xx.c
 
Building file: ../src/adc_15xx.c
Invoking: MCU C Compiler
arm-none-eabi-gcc -D__REDLIB__ -DDEBUG -D__CODE_RED -D__USE_LPCOPEN -DCORE_M3 -I"C:\Users\Eric\Documents\LPCXpresso_8.2.2_650\SEM-bldcControl\lpc_chip_15xx\inc" -O0 -g3 -Wall -c -fmessage-length=0 -fno-builtin -ffunction-sections -fdata-sections -mcpu=cortex-m3 -mthumb -specs=redlib.specs -MMD -MP -MF"src/adc_15xx.d" -MT"src/adc_15xx.o" -MT"src/adc_15xx.d" -o "src/adc_15xx.o" "../src/adc_15xx.c"
Finished building: ../src/adc_15xx.c
 
Building file: ../src/chip_15xx.c
Invoking: MCU C Compiler
arm-none-eabi-gcc -D__REDLIB__ -DDEBUG -D__CODE_RED -D__USE_LPCOPEN -DCORE_M3 -I"C:\Users\Eric\Documents\LPCXpresso_8.2.2_650\SEM-bldcControl\lpc_chip_15xx\inc" -O0 -g3 -Wall -c -fmessage-length=0 -fno-builtin -ffunction-sections -fdata-sections -mcpu=cortex-m3 -mthumb -specs=redlib.specs -MMD -MP -MF"src/chip_15xx.d" -MT"src/chip_15xx.o" -MT"src/chip_15xx.d" -o "src/chip_15xx.o" "../src/chip_15xx.c"
Finished building: ../src/chip_15xx.c
 
Building file: ../src/clock_15xx.c
Invoking: MCU C Compiler
arm-none-eabi-gcc -D__REDLIB__ -DDEBUG -D__CODE_RED -D__USE_LPCOPEN -DCORE_M3 -I"C:\Users\Eric\Documents\LPCXpresso_8.2.2_650\SEM-bldcControl\lpc_chip_15xx\inc" -O0 -g3 -Wall -c -fmessage-length=0 -fno-builtin -ffunction-sections -fdata-sections -mcpu=cortex-m3 -mthumb -specs=redlib.specs -MMD -MP -MF"src/clock_15xx.d" -MT"src/clock_15xx.o" -MT"src/clock_15xx.d" -o "src/clock_15xx.o" "../src/clock_15xx.c"
Finished building: ../src/clock_15xx.c
 
Building file: ../src/crc_15xx.c
Invoking: MCU C Compiler
arm-none-eabi-gcc -D__REDLIB__ -DDEBUG -D__CODE_RED -D__USE_LPCOPEN -DCORE_M3 -I"C:\Users\Eric\Documents\LPCXpresso_8.2.2_650\SEM-bldcControl\lpc_chip_15xx\inc" -O0 -g3 -Wall -c -fmessage-length=0 -fno-builtin -ffunction-sections -fdata-sections -mcpu=cortex-m3 -mthumb -specs=redlib.specs -MMD -MP -MF"src/crc_15xx.d" -MT"src/crc_15xx.o" -MT"src/crc_15xx.d" -o "src/crc_15xx.o" "../src/crc_15xx.c"
Finished building: ../src/crc_15xx.c
 
Building file: ../src/dac_15xx.c
Invoking: MCU C Compiler
arm-none-eabi-gcc -D__REDLIB__ -DDEBUG -D__CODE_RED -D__USE_LPCOPEN -DCORE_M3 -I"C:\Users\Eric\Documents\LPCXpresso_8.2.2_650\SEM-bldcControl\lpc_chip_15xx\inc" -O0 -g3 -Wall -c -fmessage-length=0 -fno-builtin -ffunction-sections -fdata-sections -mcpu=cortex-m3 -mthumb -specs=redlib.specs -MMD -MP -MF"src/dac_15xx.d" -MT"src/dac_15xx.o" -MT"src/dac_15xx.d" -o "src/dac_15xx.o" "../src/dac_15xx.c"
Finished building: ../src/dac_15xx.c
 
Building file: ../src/dma_15xx.c
Invoking: MCU C Compiler
arm-none-eabi-gcc -D__REDLIB__ -DDEBUG -D__CODE_RED -D__USE_LPCOPEN -DCORE_M3 -I"C:\Users\Eric\Documents\LPCXpresso_8.2.2_650\SEM-bldcControl\lpc_chip_15xx\inc" -O0 -g3 -Wall -c -fmessage-length=0 -fno-builtin -ffunction-sections -fdata-sections -mcpu=cortex-m3 -mthumb -specs=redlib.specs -MMD -MP -MF"src/dma_15xx.d" -MT"src/dma_15xx.o" -MT"src/dma_15xx.d" -o "src/dma_15xx.o" "../src/dma_15xx.c"
Finished building: ../src/dma_15xx.c
 
Building file: ../src/eeprom.c
Invoking: MCU C Compiler
arm-none-eabi-gcc -D__REDLIB__ -DDEBUG -D__CODE_RED -D__USE_LPCOPEN -DCORE_M3 -I"C:\Users\Eric\Documents\LPCXpresso_8.2.2_650\SEM-bldcControl\lpc_chip_15xx\inc" -O0 -g3 -Wall -c -fmessage-length=0 -fno-builtin -ffunction-sections -fdata-sections -mcpu=cortex-m3 -mthumb -specs=redlib.specs -MMD -MP -MF"src/eeprom.d" -MT"src/eeprom.o" -MT"src/eeprom.d" -o "src/eeprom.o" "../src/eeprom.c"
Finished building: ../src/eeprom.c
 
Building file: ../src/gpio_15xx.c
Invoking: MCU C Compiler
arm-none-eabi-gcc -D__REDLIB__ -DDEBUG -D__CODE_RED -D__USE_LPCOPEN -DCORE_M3 -I"C:\Users\Eric\Documents\LPCXpresso_8.2.2_650\SEM-bldcControl\lpc_chip_15xx\inc" -O0 -g3 -Wall -c -fmessage-length=0 -fno-builtin -ffunction-sections -fdata-sections -mcpu=cortex-m3 -mthumb -specs=redlib.specs -MMD -MP -MF"src/gpio_15xx.d" -MT"src/gpio_15xx.o" -MT"src/gpio_15xx.d" -o "src/gpio_15xx.o" "../src/gpio_15xx.c"
Finished building: ../src/gpio_15xx.c
 
Building file: ../src/i2c_common_15xx.c
Invoking: MCU C Compiler
arm-none-eabi-gcc -D__REDLIB__ -DDEBUG -D__CODE_RED -D__USE_LPCOPEN -DCORE_M3 -I"C:\Users\Eric\Documents\LPCXpresso_8.2.2_650\SEM-bldcControl\lpc_chip_15xx\inc" -O0 -g3 -Wall -c -fmessage-length=0 -fno-builtin -ffunction-sections -fdata-sections -mcpu=cortex-m3 -mthumb -specs=redlib.specs -MMD -MP -MF"src/i2c_common_15xx.d" -MT"src/i2c_common_15xx.o" -MT"src/i2c_common_15xx.d" -o "src/i2c_common_15xx.o" "../src/i2c_common_15xx.c"
Finished building: ../src/i2c_common_15xx.c
 
Building file: ../src/i2cm_15xx.c
Invoking: MCU C Compiler
arm-none-eabi-gcc -D__REDLIB__ -DDEBUG -D__CODE_RED -D__USE_LPCOPEN -DCORE_M3 -I"C:\Users\Eric\Documents\LPCXpresso_8.2.2_650\SEM-bldcControl\lpc_chip_15xx\inc" -O0 -g3 -Wall -c -fmessage-length=0 -fno-builtin -ffunction-sections -fdata-sections -mcpu=cortex-m3 -mthumb -specs=redlib.specs -MMD -MP -MF"src/i2cm_15xx.d" -MT"src/i2cm_15xx.o" -MT"src/i2cm_15xx.d" -o "src/i2cm_15xx.o" "../src/i2cm_15xx.c"
Finished building: ../src/i2cm_15xx.c
 
Building file: ../src/i2cs_15xx.c
Invoking: MCU C Compiler
arm-none-eabi-gcc -D__REDLIB__ -DDEBUG -D__CODE_RED -D__USE_LPCOPEN -DCORE_M3 -I"C:\Users\Eric\Documents\LPCXpresso_8.2.2_650\SEM-bldcControl\lpc_chip_15xx\inc" -O0 -g3 -Wall -c -fmessage-length=0 -fno-builtin -ffunction-sections -fdata-sections -mcpu=cortex-m3 -mthumb -specs=redlib.specs -MMD -MP -MF"src/i2cs_15xx.d" -MT"src/i2cs_15xx.o" -MT"src/i2cs_15xx.d" -o "src/i2cs_15xx.o" "../src/i2cs_15xx.c"
Finished building: ../src/i2cs_15xx.c
 
Building file: ../src/iap.c
Invoking: MCU C Compiler
arm-none-eabi-gcc -D__REDLIB__ -DDEBUG -D__CODE_RED -D__USE_LPCOPEN -DCORE_M3 -I"C:\Users\Eric\Documents\LPCXpresso_8.2.2_650\SEM-bldcControl\lpc_chip_15xx\inc" -O0 -g3 -Wall -c -fmessage-length=0 -fno-builtin -ffunction-sections -fdata-sections -mcpu=cortex-m3 -mthumb -specs=redlib.specs -MMD -MP -MF"src/iap.d" -MT"src/iap.o" -MT"src/iap.d" -o "src/iap.o" "../src/iap.c"
Finished building: ../src/iap.c
 
Building file: ../src/iocon_15xx.c
Invoking: MCU C Compiler
arm-none-eabi-gcc -D__REDLIB__ -DDEBUG -D__CODE_RED -D__USE_LPCOPEN -DCORE_M3 -I"C:\Users\Eric\Documents\LPCXpresso_8.2.2_650\SEM-bldcControl\lpc_chip_15xx\inc" -O0 -g3 -Wall -c -fmessage-length=0 -fno-builtin -ffunction-sections -fdata-sections -mcpu=cortex-m3 -mthumb -specs=redlib.specs -MMD -MP -MF"src/iocon_15xx.d" -MT"src/iocon_15xx.o" -MT"src/iocon_15xx.d" -o "src/iocon_15xx.o" "../src/iocon_15xx.c"
Finished building: ../src/iocon_15xx.c
 
Building file: ../src/pinint_15xx.c
Invoking: MCU C Compiler
arm-none-eabi-gcc -D__REDLIB__ -DDEBUG -D__CODE_RED -D__USE_LPCOPEN -DCORE_M3 -I"C:\Users\Eric\Documents\LPCXpresso_8.2.2_650\SEM-bldcControl\lpc_chip_15xx\inc" -O0 -g3 -Wall -c -fmessage-length=0 -fno-builtin -ffunction-sections -fdata-sections -mcpu=cortex-m3 -mthumb -specs=redlib.specs -MMD -MP -MF"src/pinint_15xx.d" -MT"src/pinint_15xx.o" -MT"src/pinint_15xx.d" -o "src/pinint_15xx.o" "../src/pinint_15xx.c"
Finished building: ../src/pinint_15xx.c
 
Building file: ../src/pmu_15xx.c
Invoking: MCU C Compiler
arm-none-eabi-gcc -D__REDLIB__ -DDEBUG -D__CODE_RED -D__USE_LPCOPEN -DCORE_M3 -I"C:\Users\Eric\Documents\LPCXpresso_8.2.2_650\SEM-bldcControl\lpc_chip_15xx\inc" -O0 -g3 -Wall -c -fmessage-length=0 -fno-builtin -ffunction-sections -fdata-sections -mcpu=cortex-m3 -mthumb -specs=redlib.specs -MMD -MP -MF"src/pmu_15xx.d" -MT"src/pmu_15xx.o" -MT"src/pmu_15xx.d" -o "src/pmu_15xx.o" "../src/pmu_15xx.c"
Finished building: ../src/pmu_15xx.c
 
Building file: ../src/ring_buffer.c
Invoking: MCU C Compiler
arm-none-eabi-gcc -D__REDLIB__ -DDEBUG -D__CODE_RED -D__USE_LPCOPEN -DCORE_M3 -I"C:\Users\Eric\Documents\LPCXpresso_8.2.2_650\SEM-bldcControl\lpc_chip_15xx\inc" -O0 -g3 -Wall -c -fmessage-length=0 -fno-builtin -ffunction-sections -fdata-sections -mcpu=cortex-m3 -mthumb -specs=redlib.specs -MMD -MP -MF"src/ring_buffer.d" -MT"src/ring_buffer.o" -MT"src/ring_buffer.d" -o "src/ring_buffer.o" "../src/ring_buffer.c"
Finished building: ../src/ring_buffer.c
 
Building file: ../src/ritimer_15xx.c
Invoking: MCU C Compiler
arm-none-eabi-gcc -D__REDLIB__ -DDEBUG -D__CODE_RED -D__USE_LPCOPEN -DCORE_M3 -I"C:\Users\Eric\Documents\LPCXpresso_8.2.2_650\SEM-bldcControl\lpc_chip_15xx\inc" -O0 -g3 -Wall -c -fmessage-length=0 -fno-builtin -ffunction-sections -fdata-sections -mcpu=cortex-m3 -mthumb -specs=redlib.specs -MMD -MP -MF"src/ritimer_15xx.d" -MT"src/ritimer_15xx.o" -MT"src/ritimer_15xx.d" -o "src/ritimer_15xx.o" "../src/ritimer_15xx.c"
Finished building: ../src/ritimer_15xx.c
 
Building file: ../src/rtc_15xx.c
Invoking: MCU C Compiler
arm-none-eabi-gcc -D__REDLIB__ -DDEBUG -D__CODE_RED -D__USE_LPCOPEN -DCORE_M3 -I"C:\Users\Eric\Documents\LPCXpresso_8.2.2_650\SEM-bldcControl\lpc_chip_15xx\inc" -O0 -g3 -Wall -c -fmessage-length=0 -fno-builtin -ffunction-sections -fdata-sections -mcpu=cortex-m3 -mthumb -specs=redlib.specs -MMD -MP -MF"src/rtc_15xx.d" -MT"src/rtc_15xx.o" -MT"src/rtc_15xx.d" -o "src/rtc_15xx.o" "../src/rtc_15xx.c"
Finished building: ../src/rtc_15xx.c
 
Building file: ../src/sct_15xx.c
Invoking: MCU C Compiler
arm-none-eabi-gcc -D__REDLIB__ -DDEBUG -D__CODE_RED -D__USE_LPCOPEN -DCORE_M3 -I"C:\Users\Eric\Documents\LPCXpresso_8.2.2_650\SEM-bldcControl\lpc_chip_15xx\inc" -O0 -g3 -Wall -c -fmessage-length=0 -fno-builtin -ffunction-sections -fdata-sections -mcpu=cortex-m3 -mthumb -specs=redlib.specs -MMD -MP -MF"src/sct_15xx.d" -MT"src/sct_15xx.o" -MT"src/sct_15xx.d" -o "src/sct_15xx.o" "../src/sct_15xx.c"
Finished building: ../src/sct_15xx.c
 
Building file: ../src/sct_pwm_15xx.c
Invoking: MCU C Compiler
arm-none-eabi-gcc -D__REDLIB__ -DDEBUG -D__CODE_RED -D__USE_LPCOPEN -DCORE_M3 -I"C:\Users\Eric\Documents\LPCXpresso_8.2.2_650\SEM-bldcControl\lpc_chip_15xx\inc" -O0 -g3 -Wall -c -fmessage-length=0 -fno-builtin -ffunction-sections -fdata-sections -mcpu=cortex-m3 -mthumb -specs=redlib.specs -MMD -MP -MF"src/sct_pwm_15xx.d" -MT"src/sct_pwm_15xx.o" -MT"src/sct_pwm_15xx.d" -o "src/sct_pwm_15xx.o" "../src/sct_pwm_15xx.c"
Finished building: ../src/sct_pwm_15xx.c
 
Building file: ../src/sctipu_15xx.c
Invoking: MCU C Compiler
arm-none-eabi-gcc -D__REDLIB__ -DDEBUG -D__CODE_RED -D__USE_LPCOPEN -DCORE_M3 -I"C:\Users\Eric\Documents\LPCXpresso_8.2.2_650\SEM-bldcControl\lpc_chip_15xx\inc" -O0 -g3 -Wall -c -fmessage-length=0 -fno-builtin -ffunction-sections -fdata-sections -mcpu=cortex-m3 -mthumb -specs=redlib.specs -MMD -MP -MF"src/sctipu_15xx.d" -MT"src/sctipu_15xx.o" -MT"src/sctipu_15xx.d" -o "src/sctipu_15xx.o" "../src/sctipu_15xx.c"
Finished building: ../src/sctipu_15xx.c
 
Building file: ../src/spi_15xx.c
Invoking: MCU C Compiler
arm-none-eabi-gcc -D__REDLIB__ -DDEBUG -D__CODE_RED -D__USE_LPCOPEN -DCORE_M3 -I"C:\Users\Eric\Documents\LPCXpresso_8.2.2_650\SEM-bldcControl\lpc_chip_15xx\inc" -O0 -g3 -Wall -c -fmessage-length=0 -fno-builtin -ffunction-sections -fdata-sections -mcpu=cortex-m3 -mthumb -specs=redlib.specs -MMD -MP -MF"src/spi_15xx.d" -MT"src/spi_15xx.o" -MT"src/spi_15xx.d" -o "src/spi_15xx.o" "../src/spi_15xx.c"
Finished building: ../src/spi_15xx.c
 
Building file: ../src/stopwatch_15xx.c
Invoking: MCU C Compiler
arm-none-eabi-gcc -D__REDLIB__ -DDEBUG -D__CODE_RED -D__USE_LPCOPEN -DCORE_M3 -I"C:\Users\Eric\Documents\LPCXpresso_8.2.2_650\SEM-bldcControl\lpc_chip_15xx\inc" -O0 -g3 -Wall -c -fmessage-length=0 -fno-builtin -ffunction-sections -fdata-sections -mcpu=cortex-m3 -mthumb -specs=redlib.specs -MMD -MP -MF"src/stopwatch_15xx.d" -MT"src/stopwatch_15xx.o" -MT"src/stopwatch_15xx.d" -o "src/stopwatch_15xx.o" "../src/stopwatch_15xx.c"
Finished building: ../src/stopwatch_15xx.c
 
Building file: ../src/swm_15xx.c
Invoking: MCU C Compiler
arm-none-eabi-gcc -D__REDLIB__ -DDEBUG -D__CODE_RED -D__USE_LPCOPEN -DCORE_M3 -I"C:\Users\Eric\Documents\LPCXpresso_8.2.2_650\SEM-bldcControl\lpc_chip_15xx\inc" -O0 -g3 -Wall -c -fmessage-length=0 -fno-builtin -ffunction-sections -fdata-sections -mcpu=cortex-m3 -mthumb -specs=redlib.specs -MMD -MP -MF"src/swm_15xx.d" -MT"src/swm_15xx.o" -MT"src/swm_15xx.d" -o "src/swm_15xx.o" "../src/swm_15xx.c"
Finished building: ../src/swm_15xx.c
 
Building file: ../src/sysctl_15xx.c
Invoking: MCU C Compiler
arm-none-eabi-gcc -D__REDLIB__ -DDEBUG -D__CODE_RED -D__USE_LPCOPEN -DCORE_M3 -I"C:\Users\Eric\Documents\LPCXpresso_8.2.2_650\SEM-bldcControl\lpc_chip_15xx\inc" -O0 -g3 -Wall -c -fmessage-length=0 -fno-builtin -ffunction-sections -fdata-sections -mcpu=cortex-m3 -mthumb -specs=redlib.specs -MMD -MP -MF"src/sysctl_15xx.d" -MT"src/sysctl_15xx.o" -MT"src/sysctl_15xx.d" -o "src/sysctl_15xx.o" "../src/sysctl_15xx.c"
Finished building: ../src/sysctl_15xx.c
 
Building file: ../src/sysinit_15xx.c
Invoking: MCU C Compiler
arm-none-eabi-gcc -D__REDLIB__ -DDEBUG -D__CODE_RED -D__USE_LPCOPEN -DCORE_M3 -I"C:\Users\Eric\Documents\LPCXpresso_8.2.2_650\SEM-bldcControl\lpc_chip_15xx\inc" -O0 -g3 -Wall -c -fmessage-length=0 -fno-builtin -ffunction-sections -fdata-sections -mcpu=cortex-m3 -mthumb -specs=redlib.specs -MMD -MP -MF"src/sysinit_15xx.d" -MT"src/sysinit_15xx.o" -MT"src/sysinit_15xx.d" -o "src/sysinit_15xx.o" "../src/sysinit_15xx.c"
../src/sysinit_15xx.c: In function 'Chip_SetupIrcClocking':
../src/sysinit_15xx.c:53:15: warning: unused variable 'i' [-Wunused-variable]
  volatile int i;
               ^
Finished building: ../src/sysinit_15xx.c
 
Building file: ../src/uart_15xx.c
Invoking: MCU C Compiler
arm-none-eabi-gcc -D__REDLIB__ -DDEBUG -D__CODE_RED -D__USE_LPCOPEN -DCORE_M3 -I"C:\Users\Eric\Documents\LPCXpresso_8.2.2_650\SEM-bldcControl\lpc_chip_15xx\inc" -O0 -g3 -Wall -c -fmessage-length=0 -fno-builtin -ffunction-sections -fdata-sections -mcpu=cortex-m3 -mthumb -specs=redlib.specs -MMD -MP -MF"src/uart_15xx.d" -MT"src/uart_15xx.o" -MT"src/uart_15xx.d" -o "src/uart_15xx.o" "../src/uart_15xx.c"
Finished building: ../src/uart_15xx.c
 
Building file: ../src/wwdt_15xx.c
Invoking: MCU C Compiler
arm-none-eabi-gcc -D__REDLIB__ -DDEBUG -D__CODE_RED -D__USE_LPCOPEN -DCORE_M3 -I"C:\Users\Eric\Documents\LPCXpresso_8.2.2_650\SEM-bldcControl\lpc_chip_15xx\inc" -O0 -g3 -Wall -c -fmessage-length=0 -fno-builtin -ffunction-sections -fdata-sections -mcpu=cortex-m3 -mthumb -specs=redlib.specs -MMD -MP -MF"src/wwdt_15xx.d" -MT"src/wwdt_15xx.o" -MT"src/wwdt_15xx.d" -o "src/wwdt_15xx.o" "../src/wwdt_15xx.c"
Finished building: ../src/wwdt_15xx.c
 
Building target: liblpc_chip_15xx.a
Invoking: MCU Archiver
arm-none-eabi-ar -r  "liblpc_chip_15xx.a"  ./src/acmp_15xx.o ./src/adc_15xx.o ./src/chip_15xx.o ./src/clock_15xx.o ./src/crc_15xx.o ./src/dac_15xx.o ./src/dma_15xx.o ./src/eeprom.o ./src/gpio_15xx.o ./src/i2c_common_15xx.o ./src/i2cm_15xx.o ./src/i2cs_15xx.o ./src/iap.o ./src/iocon_15xx.o ./src/pinint_15xx.o ./src/pmu_15xx.o ./src/ring_buffer.o ./src/ritimer_15xx.o ./src/rtc_15xx.o ./src/sct_15xx.o ./src/sct_pwm_15xx.o ./src/sctipu_15xx.o ./src/spi_15xx.o ./src/stopwatch_15xx.o ./src/swm_15xx.o ./src/sysctl_15xx.o ./src/sysinit_15xx.o ./src/uart_15xx.o ./src/wwdt_15xx.o   
c:\nxp\LPCXpresso_8.2.2_650\lpcxpresso\tools\bin\arm-none-eabi-ar.exe: creating liblpc_chip_15xx.a
Finished building target: liblpc_chip_15xx.a
 
make --no-print-directory post-build
Performing post-build steps
arm-none-eabi-size "liblpc_chip_15xx.a" ; # arm-none-eabi-objdump -h -S "liblpc_chip_15xx.a" >"liblpc_chip_15xx.lss"
   text	   data	    bss	    dec	    hex	filename
    620	      0	      0	    620	    26c	acmp_15xx.o (ex liblpc_chip_15xx.a)
    812	      0	      0	    812	    32c	adc_15xx.o (ex liblpc_chip_15xx.a)
    300	      0	      0	    300	    12c	chip_15xx.o (ex liblpc_chip_15xx.a)
   1664	      0	      0	   1664	    680	clock_15xx.o (ex liblpc_chip_15xx.a)
    504	      0	      0	    504	    1f8	crc_15xx.o (ex liblpc_chip_15xx.a)
     64	      0	      0	     64	     40	dac_15xx.o (ex liblpc_chip_15xx.a)
    300	      0	      0	    300	    12c	dma_15xx.o (ex liblpc_chip_15xx.a)
    192	      0	      0	    192	     c0	eeprom.o (ex liblpc_chip_15xx.a)
    696	      0	      0	    696	    2b8	gpio_15xx.o (ex liblpc_chip_15xx.a)
     88	      0	      0	     88	     58	i2c_common_15xx.o (ex liblpc_chip_15xx.a)
    872	      0	      0	    872	    368	i2cm_15xx.o (ex liblpc_chip_15xx.a)
    448	      0	      0	    448	    1c0	i2cs_15xx.o (ex liblpc_chip_15xx.a)
    608	      0	      0	    608	    260	iap.o (ex liblpc_chip_15xx.a)
    124	      0	      0	    124	     7c	iocon_15xx.o (ex liblpc_chip_15xx.a)
      0	      0	      0	      0	      0	pinint_15xx.o (ex liblpc_chip_15xx.a)
    288	      0	      0	    288	    120	pmu_15xx.o (ex liblpc_chip_15xx.a)
    972	      0	      0	    972	    3cc	ring_buffer.o (ex liblpc_chip_15xx.a)
    644	      0	      0	    644	    284	ritimer_15xx.o (ex liblpc_chip_15xx.a)
      0	      0	      0	      0	      0	rtc_15xx.o (ex liblpc_chip_15xx.a)
    328	      0	      0	    328	    148	sct_15xx.o (ex liblpc_chip_15xx.a)
    416	      0	      0	    416	    1a0	sct_pwm_15xx.o (ex liblpc_chip_15xx.a)
    140	      0	      0	    140	     8c	sctipu_15xx.o (ex liblpc_chip_15xx.a)
   1788	      0	      0	   1788	    6fc	spi_15xx.o (ex liblpc_chip_15xx.a)
    328	      0	     12	    340	    154	stopwatch_15xx.o (ex liblpc_chip_15xx.a)
    356	      0	      0	    356	    164	swm_15xx.o (ex liblpc_chip_15xx.a)
    436	      0	      0	    436	    1b4	sysctl_15xx.o (ex liblpc_chip_15xx.a)
    420	      0	      0	    420	    1a4	sysinit_15xx.o (ex liblpc_chip_15xx.a)
   1136	      0	      0	   1136	    470	uart_15xx.o (ex liblpc_chip_15xx.a)
    116	      0	      0	    116	     74	wwdt_15xx.o (ex liblpc_chip_15xx.a)
 
10:09:24 **** Build of configuration Debug for project periph_adc ****
make -r all 
Building file: ../example/src/adc.c
Invoking: MCU C Compiler
arm-none-eabi-gcc -DDEBUG -D__CODE_RED -D__USE_LPCOPEN -D__REDLIB__ -DCORE_M3 -I"C:\Users\Eric\Documents\LPCXpresso_8.2.2_650\SEM-bldcControl\lpc_chip_15xx\inc" -I"C:\Users\Eric\Documents\LPCXpresso_8.2.2_650\SEM-bldcControl\lpc_board_nxp_lpcxpresso_1549\inc" -O0 -g3 -Wall -c -fmessage-length=0 -fno-builtin -ffunction-sections -fdata-sections -mcpu=cortex-m3 -mthumb -specs=redlib.specs -MMD -MP -MF"example/src/adc.d" -MT"example/src/adc.o" -MT"example/src/adc.d" -o "example/src/adc.o" "../example/src/adc.c"
Finished building: ../example/src/adc.c
 
Building file: ../example/src/cr_startup_lpc15xx.c
Invoking: MCU C Compiler
arm-none-eabi-gcc -DDEBUG -D__CODE_RED -D__USE_LPCOPEN -D__REDLIB__ -DCORE_M3 -I"C:\Users\Eric\Documents\LPCXpresso_8.2.2_650\SEM-bldcControl\lpc_chip_15xx\inc" -I"C:\Users\Eric\Documents\LPCXpresso_8.2.2_650\SEM-bldcControl\lpc_board_nxp_lpcxpresso_1549\inc" -O0 -g3 -Wall -c -fmessage-length=0 -fno-builtin -ffunction-sections -fdata-sections -mcpu=cortex-m3 -mthumb -specs=redlib.specs -MMD -MP -MF"example/src/cr_startup_lpc15xx.d" -MT"example/src/cr_startup_lpc15xx.o" -MT"example/src/cr_startup_lpc15xx.d" -o "example/src/cr_startup_lpc15xx.o" "../example/src/cr_startup_lpc15xx.c"
Finished building: ../example/src/cr_startup_lpc15xx.c
 
Building file: ../example/src/sysinit.c
Invoking: MCU C Compiler
arm-none-eabi-gcc -DDEBUG -D__CODE_RED -D__USE_LPCOPEN -D__REDLIB__ -DCORE_M3 -I"C:\Users\Eric\Documents\LPCXpresso_8.2.2_650\SEM-bldcControl\lpc_chip_15xx\inc" -I"C:\Users\Eric\Documents\LPCXpresso_8.2.2_650\SEM-bldcControl\lpc_board_nxp_lpcxpresso_1549\inc" -O0 -g3 -Wall -c -fmessage-length=0 -fno-builtin -ffunction-sections -fdata-sections -mcpu=cortex-m3 -mthumb -specs=redlib.specs -MMD -MP -MF"example/src/sysinit.d" -MT"example/src/sysinit.o" -MT"example/src/sysinit.d" -o "example/src/sysinit.o" "../example/src/sysinit.c"
Finished building: ../example/src/sysinit.c
 
Building target: periph_adc.axf
Invoking: MCU Linker
arm-none-eabi-gcc -nostdlib -L"C:\Users\Eric\Documents\LPCXpresso_8.2.2_650\SEM-bldcControl\lpc_chip_15xx\Debug" -L"C:\Users\Eric\Documents\LPCXpresso_8.2.2_650\SEM-bldcControl\lpc_board_nxp_lpcxpresso_1549\Debug" -Xlinker -Map="periph_adc.map" -Xlinker --gc-sections -mcpu=cortex-m3 -mthumb -T "periph_adc_Debug.ld" -o "periph_adc.axf"  ./example/src/adc.o ./example/src/cr_startup_lpc15xx.o ./example/src/sysinit.o   -llpc_board_nxp_lpcxpresso_1549 -llpc_chip_15xx
Finished building target: periph_adc.axf
 
make --no-print-directory post-build
Performing post-build steps
arm-none-eabi-size "periph_adc.axf"; # arm-none-eabi-objcopy -v -O binary "periph_adc.axf" "periph_adc.bin" ; # checksum -p LPC1549 -d "periph_adc.bin";
   text	   data	    bss	    dec	    hex	filename
  15608	      0	    348	  15956	   3e54	periph_adc.axf
 
10:09:31 **** Incremental Build of configuration Debug for project periph_adc ****
make -r all 
make: Nothing to be done for `all'.
10:45:07 **** Incremental Build of configuration Debug for project lpc_board_nxp_lpcxpresso_1549 ****
make -r all 
make: Nothing to be done for `all'.
10:45:11 **** Incremental Build of configuration Debug for project lpc_chip_15xx ****
make -r all 
make: Nothing to be done for `all'.
10:45:26 **** Incremental Build of configuration Debug for project lpc_board_nxp_lpcxpresso_1549 ****
make -r all 
make: Nothing to be done for `all'.
10:45:28 **** Incremental Build of configuration Debug for project lpc_chip_15xx ****
make -r all 
make: Nothing to be done for `all'.
10:45:30 **** Incremental Build of configuration Debug for project periph_adc ****
make -r all 
Building file: ../example/src/adc.c
Invoking: MCU C Compiler
arm-none-eabi-gcc -DDEBUG -D__CODE_RED -D__USE_LPCOPEN -D__REDLIB__ -DCORE_M3 -I"C:\Users\Eric\Documents\LPCXpresso_8.2.2_650\SEM-bldcControl\lpc_chip_15xx\inc" -I"C:\Users\Eric\Documents\LPCXpresso_8.2.2_650\SEM-bldcControl\lpc_board_nxp_lpcxpresso_1549\inc" -O0 -g3 -Wall -c -fmessage-length=0 -fno-builtin -ffunction-sections -fdata-sections -mcpu=cortex-m3 -mthumb -specs=redlib.specs -MMD -MP -MF"example/src/adc.d" -MT"example/src/adc.o" -MT"example/src/adc.d" -o "example/src/adc.o" "../example/src/adc.c"
Finished building: ../example/src/adc.c
 
Building target: periph_adc.axf
Invoking: MCU Linker
arm-none-eabi-gcc -nostdlib -L"C:\Users\Eric\Documents\LPCXpresso_8.2.2_650\SEM-bldcControl\lpc_chip_15xx\Debug" -L"C:\Users\Eric\Documents\LPCXpresso_8.2.2_650\SEM-bldcControl\lpc_board_nxp_lpcxpresso_1549\Debug" -Xlinker -Map="periph_adc.map" -Xlinker --gc-sections -mcpu=cortex-m3 -mthumb -T "periph_adc_Debug.ld" -o "periph_adc.axf"  ./example/src/adc.o ./example/src/cr_startup_lpc15xx.o ./example/src/sysinit.o   -llpc_board_nxp_lpcxpresso_1549 -llpc_chip_15xx
Finished building target: periph_adc.axf
 
make --no-print-directory post-build
Performing post-build steps
arm-none-eabi-size "periph_adc.axf"; # arm-none-eabi-objcopy -v -O binary "periph_adc.axf" "periph_adc.bin" ; # checksum -p LPC1549 -d "periph_adc.bin";
   text	   data	    bss	    dec	    hex	filename
  15608	      0	    348	  15956	   3e54	periph_adc.axf
 
10:45:35 **** Incremental Build of configuration Debug for project periph_adc ****
make -r all 
make: Nothing to be done for `all'.
10:47:19 **** Incremental Build of configuration Debug for project lpc_board_nxp_lpcxpresso_1549 ****
make -r all 
make: Nothing to be done for `all'.
10:47:21 **** Incremental Build of configuration Debug for project lpc_chip_15xx ****
make -r all 
make: Nothing to be done for `all'.
10:47:23 **** Incremental Build of configuration Debug for project periph_adc ****
make -r all 
make: Nothing to be done for `all'.
10:47:26 **** Incremental Build of configuration Debug for project periph_adc ****
make -r all 
make: Nothing to be done for `all'.
10:54:52 **** Incremental Build of configuration Debug for project lpc_board_nxp_lpcxpresso_1549 ****
make -r all 
make: Nothing to be done for `all'.
10:54:57 **** Incremental Build of configuration Debug for project lpc_chip_15xx ****
make -r all 
make: Nothing to be done for `all'.
10:54:59 **** Incremental Build of configuration Debug for project periph_adc ****
make -r all 
Building file: ../example/src/adc.c
Invoking: MCU C Compiler
arm-none-eabi-gcc -DDEBUG -D__CODE_RED -D__USE_LPCOPEN -D__REDLIB__ -DCORE_M3 -I"C:\Users\Eric\Documents\LPCXpresso_8.2.2_650\SEM-bldcControl\lpc_chip_15xx\inc" -I"C:\Users\Eric\Documents\LPCXpresso_8.2.2_650\SEM-bldcControl\lpc_board_nxp_lpcxpresso_1549\inc" -O0 -g3 -Wall -c -fmessage-length=0 -fno-builtin -ffunction-sections -fdata-sections -mcpu=cortex-m3 -mthumb -specs=redlib.specs -MMD -MP -MF"example/src/adc.d" -MT"example/src/adc.o" -MT"example/src/adc.d" -o "example/src/adc.o" "../example/src/adc.c"
Finished building: ../example/src/adc.c
 
Building target: periph_adc.axf
Invoking: MCU Linker
arm-none-eabi-gcc -nostdlib -L"C:\Users\Eric\Documents\LPCXpresso_8.2.2_650\SEM-bldcControl\lpc_chip_15xx\Debug" -L"C:\Users\Eric\Documents\LPCXpresso_8.2.2_650\SEM-bldcControl\lpc_board_nxp_lpcxpresso_1549\Debug" -Xlinker -Map="periph_adc.map" -Xlinker --gc-sections -mcpu=cortex-m3 -mthumb -T "periph_adc_Debug.ld" -o "periph_adc.axf"  ./example/src/adc.o ./example/src/cr_startup_lpc15xx.o ./example/src/sysinit.o   -llpc_board_nxp_lpcxpresso_1549 -llpc_chip_15xx
Finished building target: periph_adc.axf
 
make --no-print-directory post-build
Performing post-build steps
arm-none-eabi-size "periph_adc.axf"; # arm-none-eabi-objcopy -v -O binary "periph_adc.axf" "periph_adc.bin" ; # checksum -p LPC1549 -d "periph_adc.bin";
   text	   data	    bss	    dec	    hex	filename
  15616	      0	    348	  15964	   3e5c	periph_adc.axf
 
10:55:04 **** Incremental Build of configuration Debug for project periph_adc ****
make -r all 
make: Nothing to be done for `all'.
10:57:11 **** Incremental Build of configuration Debug for project lpc_board_nxp_lpcxpresso_1549 ****
make -r all 
make: Nothing to be done for `all'.
10:57:13 **** Incremental Build of configuration Debug for project lpc_chip_15xx ****
make -r all 
make: Nothing to be done for `all'.
10:57:14 **** Clean-only build of configuration Debug for project periph_adc ****
make -r clean 
rm -rf  ./example/src/adc.o ./example/src/cr_startup_lpc15xx.o ./example/src/sysinit.o  ./example/src/adc.d ./example/src/cr_startup_lpc15xx.d ./example/src/sysinit.d  periph_adc.axf
 
10:57:15 **** Incremental Build of configuration Debug for project periph_adc ****
make -r all 
Building file: ../example/src/adc.c
Invoking: MCU C Compiler
arm-none-eabi-gcc -DDEBUG -D__CODE_RED -D__USE_LPCOPEN -D__REDLIB__ -DCORE_M3 -I"C:\Users\Eric\Documents\LPCXpresso_8.2.2_650\SEM-bldcControl\lpc_chip_15xx\inc" -I"C:\Users\Eric\Documents\LPCXpresso_8.2.2_650\SEM-bldcControl\lpc_board_nxp_lpcxpresso_1549\inc" -O0 -g3 -Wall -c -fmessage-length=0 -fno-builtin -ffunction-sections -fdata-sections -mcpu=cortex-m3 -mthumb -specs=redlib.specs -MMD -MP -MF"example/src/adc.d" -MT"example/src/adc.o" -MT"example/src/adc.d" -o "example/src/adc.o" "../example/src/adc.c"
Finished building: ../example/src/adc.c
 
Building file: ../example/src/cr_startup_lpc15xx.c
Invoking: MCU C Compiler
arm-none-eabi-gcc -DDEBUG -D__CODE_RED -D__USE_LPCOPEN -D__REDLIB__ -DCORE_M3 -I"C:\Users\Eric\Documents\LPCXpresso_8.2.2_650\SEM-bldcControl\lpc_chip_15xx\inc" -I"C:\Users\Eric\Documents\LPCXpresso_8.2.2_650\SEM-bldcControl\lpc_board_nxp_lpcxpresso_1549\inc" -O0 -g3 -Wall -c -fmessage-length=0 -fno-builtin -ffunction-sections -fdata-sections -mcpu=cortex-m3 -mthumb -specs=redlib.specs -MMD -MP -MF"example/src/cr_startup_lpc15xx.d" -MT"example/src/cr_startup_lpc15xx.o" -MT"example/src/cr_startup_lpc15xx.d" -o "example/src/cr_startup_lpc15xx.o" "../example/src/cr_startup_lpc15xx.c"
Finished building: ../example/src/cr_startup_lpc15xx.c
 
Building file: ../example/src/sysinit.c
Invoking: MCU C Compiler
arm-none-eabi-gcc -DDEBUG -D__CODE_RED -D__USE_LPCOPEN -D__REDLIB__ -DCORE_M3 -I"C:\Users\Eric\Documents\LPCXpresso_8.2.2_650\SEM-bldcControl\lpc_chip_15xx\inc" -I"C:\Users\Eric\Documents\LPCXpresso_8.2.2_650\SEM-bldcControl\lpc_board_nxp_lpcxpresso_1549\inc" -O0 -g3 -Wall -c -fmessage-length=0 -fno-builtin -ffunction-sections -fdata-sections -mcpu=cortex-m3 -mthumb -specs=redlib.specs -MMD -MP -MF"example/src/sysinit.d" -MT"example/src/sysinit.o" -MT"example/src/sysinit.d" -o "example/src/sysinit.o" "../example/src/sysinit.c"
Finished building: ../example/src/sysinit.c
 
Building target: periph_adc.axf
Invoking: MCU Linker
arm-none-eabi-gcc -nostdlib -L"C:\Users\Eric\Documents\LPCXpresso_8.2.2_650\SEM-bldcControl\lpc_chip_15xx\Debug" -L"C:\Users\Eric\Documents\LPCXpresso_8.2.2_650\SEM-bldcControl\lpc_board_nxp_lpcxpresso_1549\Debug" -Xlinker -Map="periph_adc.map" -Xlinker --gc-sections -mcpu=cortex-m3 -mthumb -T "periph_adc_Debug.ld" -o "periph_adc.axf"  ./example/src/adc.o ./example/src/cr_startup_lpc15xx.o ./example/src/sysinit.o   -llpc_board_nxp_lpcxpresso_1549 -llpc_chip_15xx
Finished building target: periph_adc.axf
 
make --no-print-directory post-build
Performing post-build steps
arm-none-eabi-size "periph_adc.axf"; # arm-none-eabi-objcopy -v -O binary "periph_adc.axf" "periph_adc.bin" ; # checksum -p LPC1549 -d "periph_adc.bin";
   text	   data	    bss	    dec	    hex	filename
  15672	      0	    348	  16020	   3e94	periph_adc.axf
 
10:57:21 **** Incremental Build of configuration Debug for project periph_adc ****
make -r all 
make: Nothing to be done for `all'.
10:58:20 **** Incremental Build of configuration Debug for project lpc_board_nxp_lpcxpresso_1549 ****
make -r all 
make: Nothing to be done for `all'.
10:58:22 **** Incremental Build of configuration Debug for project lpc_chip_15xx ****
make -r all 
make: Nothing to be done for `all'.
10:58:24 **** Incremental Build of configuration Debug for project periph_adc ****
make -r all 
Building file: ../example/src/adc.c
Invoking: MCU C Compiler
arm-none-eabi-gcc -DDEBUG -D__CODE_RED -D__USE_LPCOPEN -D__REDLIB__ -DCORE_M3 -I"C:\Users\Eric\Documents\LPCXpresso_8.2.2_650\SEM-bldcControl\lpc_chip_15xx\inc" -I"C:\Users\Eric\Documents\LPCXpresso_8.2.2_650\SEM-bldcControl\lpc_board_nxp_lpcxpresso_1549\inc" -O0 -g3 -Wall -c -fmessage-length=0 -fno-builtin -ffunction-sections -fdata-sections -mcpu=cortex-m3 -mthumb -specs=redlib.specs -MMD -MP -MF"example/src/adc.d" -MT"example/src/adc.o" -MT"example/src/adc.d" -o "example/src/adc.o" "../example/src/adc.c"
Finished building: ../example/src/adc.c
 
Building target: periph_adc.axf
Invoking: MCU Linker
arm-none-eabi-gcc -nostdlib -L"C:\Users\Eric\Documents\LPCXpresso_8.2.2_650\SEM-bldcControl\lpc_chip_15xx\Debug" -L"C:\Users\Eric\Documents\LPCXpresso_8.2.2_650\SEM-bldcControl\lpc_board_nxp_lpcxpresso_1549\Debug" -Xlinker -Map="periph_adc.map" -Xlinker --gc-sections -mcpu=cortex-m3 -mthumb -T "periph_adc_Debug.ld" -o "periph_adc.axf"  ./example/src/adc.o ./example/src/cr_startup_lpc15xx.o ./example/src/sysinit.o   -llpc_board_nxp_lpcxpresso_1549 -llpc_chip_15xx
Finished building target: periph_adc.axf
 
make --no-print-directory post-build
Performing post-build steps
arm-none-eabi-size "periph_adc.axf"; # arm-none-eabi-objcopy -v -O binary "periph_adc.axf" "periph_adc.bin" ; # checksum -p LPC1549 -d "periph_adc.bin";
   text	   data	    bss	    dec	    hex	filename
  15656	      0	    348	  16004	   3e84	periph_adc.axf
 
10:58:28 **** Incremental Build of configuration Debug for project periph_adc ****
make -r all 
make: Nothing to be done for `all'.
11:12:19 **** Incremental Build of configuration Debug for project lpc_board_nxp_lpcxpresso_1549 ****
make -r all 
make: Nothing to be done for `all'.
11:12:25 **** Incremental Build of configuration Debug for project lpc_chip_15xx ****
make -r all 
make: Nothing to be done for `all'.
11:12:27 **** Incremental Build of configuration Debug for project periph_adc ****
make -r all 
Building file: ../example/src/adc.c
Invoking: MCU C Compiler
arm-none-eabi-gcc -DDEBUG -D__CODE_RED -D__USE_LPCOPEN -D__REDLIB__ -DCORE_M3 -I"C:\Users\Eric\Documents\LPCXpresso_8.2.2_650\SEM-bldcControl\lpc_chip_15xx\inc" -I"C:\Users\Eric\Documents\LPCXpresso_8.2.2_650\SEM-bldcControl\lpc_board_nxp_lpcxpresso_1549\inc" -O0 -g3 -Wall -c -fmessage-length=0 -fno-builtin -ffunction-sections -fdata-sections -mcpu=cortex-m3 -mthumb -specs=redlib.specs -MMD -MP -MF"example/src/adc.d" -MT"example/src/adc.o" -MT"example/src/adc.d" -o "example/src/adc.o" "../example/src/adc.c"
Finished building: ../example/src/adc.c
 
Building target: periph_adc.axf
Invoking: MCU Linker
arm-none-eabi-gcc -nostdlib -L"C:\Users\Eric\Documents\LPCXpresso_8.2.2_650\SEM-bldcControl\lpc_chip_15xx\Debug" -L"C:\Users\Eric\Documents\LPCXpresso_8.2.2_650\SEM-bldcControl\lpc_board_nxp_lpcxpresso_1549\Debug" -Xlinker -Map="periph_adc.map" -Xlinker --gc-sections -mcpu=cortex-m3 -mthumb -T "periph_adc_Debug.ld" -o "periph_adc.axf"  ./example/src/adc.o ./example/src/cr_startup_lpc15xx.o ./example/src/sysinit.o   -llpc_board_nxp_lpcxpresso_1549 -llpc_chip_15xx
Finished building target: periph_adc.axf
 
make --no-print-directory post-build
Performing post-build steps
arm-none-eabi-size "periph_adc.axf"; # arm-none-eabi-objcopy -v -O binary "periph_adc.axf" "periph_adc.bin" ; # checksum -p LPC1549 -d "periph_adc.bin";
   text	   data	    bss	    dec	    hex	filename
  15656	      0	    348	  16004	   3e84	periph_adc.axf
 
11:12:32 **** Incremental Build of configuration Debug for project periph_adc ****
make -r all 
make: Nothing to be done for `all'.
11:18:09 **** Incremental Build of configuration Debug for project lpc_board_nxp_lpcxpresso_1549 ****
make -r all 
make: Nothing to be done for `all'.
11:18:11 **** Incremental Build of configuration Debug for project lpc_chip_15xx ****
make -r all 
make: Nothing to be done for `all'.
11:18:13 **** Incremental Build of configuration Debug for project periph_adc ****
make -r all 
Building file: ../example/src/adc.c
Invoking: MCU C Compiler
arm-none-eabi-gcc -DDEBUG -D__CODE_RED -D__USE_LPCOPEN -D__REDLIB__ -DCORE_M3 -I"C:\Users\Eric\Documents\LPCXpresso_8.2.2_650\SEM-bldcControl\lpc_chip_15xx\inc" -I"C:\Users\Eric\Documents\LPCXpresso_8.2.2_650\SEM-bldcControl\lpc_board_nxp_lpcxpresso_1549\inc" -O0 -g3 -Wall -c -fmessage-length=0 -fno-builtin -ffunction-sections -fdata-sections -mcpu=cortex-m3 -mthumb -specs=redlib.specs -MMD -MP -MF"example/src/adc.d" -MT"example/src/adc.o" -MT"example/src/adc.d" -o "example/src/adc.o" "../example/src/adc.c"
../example/src/adc.c: In function 'ADC1_THCMP_IRQHandler':
../example/src/adc.c:179:3: error: 'threshold1Crossed' undeclared (first use in this function)
   threshold1Crossed = true;
   ^
../example/src/adc.c:179:3: note: each undeclared identifier is reported only once for each function it appears in
../example/src/adc.c: In function 'main':
../example/src/adc.c:279:7: error: 'threshold1Crossed' undeclared (first use in this function)
   if (threshold1Crossed) {
       ^
make: *** [example/src/adc.o] Error 1
11:18:16 **** Incremental Build of configuration Debug for project periph_adc ****
make -r all 
Building file: ../example/src/adc.c
Invoking: MCU C Compiler
arm-none-eabi-gcc -DDEBUG -D__CODE_RED -D__USE_LPCOPEN -D__REDLIB__ -DCORE_M3 -I"C:\Users\Eric\Documents\LPCXpresso_8.2.2_650\SEM-bldcControl\lpc_chip_15xx\inc" -I"C:\Users\Eric\Documents\LPCXpresso_8.2.2_650\SEM-bldcControl\lpc_board_nxp_lpcxpresso_1549\inc" -O0 -g3 -Wall -c -fmessage-length=0 -fno-builtin -ffunction-sections -fdata-sections -mcpu=cortex-m3 -mthumb -specs=redlib.specs -MMD -MP -MF"example/src/adc.d" -MT"example/src/adc.o" -MT"example/src/adc.d" -o "example/src/adc.o" "../example/src/adc.c"
../example/src/adc.c: In function 'ADC1_THCMP_IRQHandler':
../example/src/adc.c:179:3: error: 'threshold1Crossed' undeclared (first use in this function)
   threshold1Crossed = true;
   ^
../example/src/adc.c:179:3: note: each undeclared identifier is reported only once for each function it appears in
../example/src/adc.c: In function 'main':
../example/src/adc.c:279:7: error: 'threshold1Crossed' undeclared (first use in this function)
   if (threshold1Crossed) {
       ^
make: *** [example/src/adc.o] Error 1
11:19:55 **** Incremental Build of configuration Debug for project lpc_board_nxp_lpcxpresso_1549 ****
make -r all 
make: Nothing to be done for `all'.
11:19:57 **** Incremental Build of configuration Debug for project lpc_chip_15xx ****
make -r all 
make: Nothing to be done for `all'.
11:19:59 **** Incremental Build of configuration Debug for project periph_adc ****
make -r all 
Building file: ../example/src/adc.c
Invoking: MCU C Compiler
arm-none-eabi-gcc -DDEBUG -D__CODE_RED -D__USE_LPCOPEN -D__REDLIB__ -DCORE_M3 -I"C:\Users\Eric\Documents\LPCXpresso_8.2.2_650\SEM-bldcControl\lpc_chip_15xx\inc" -I"C:\Users\Eric\Documents\LPCXpresso_8.2.2_650\SEM-bldcControl\lpc_board_nxp_lpcxpresso_1549\inc" -O0 -g3 -Wall -c -fmessage-length=0 -fno-builtin -ffunction-sections -fdata-sections -mcpu=cortex-m3 -mthumb -specs=redlib.specs -MMD -MP -MF"example/src/adc.d" -MT"example/src/adc.o" -MT"example/src/adc.d" -o "example/src/adc.o" "../example/src/adc.c"
Finished building: ../example/src/adc.c
 
Building target: periph_adc.axf
Invoking: MCU Linker
arm-none-eabi-gcc -nostdlib -L"C:\Users\Eric\Documents\LPCXpresso_8.2.2_650\SEM-bldcControl\lpc_chip_15xx\Debug" -L"C:\Users\Eric\Documents\LPCXpresso_8.2.2_650\SEM-bldcControl\lpc_board_nxp_lpcxpresso_1549\Debug" -Xlinker -Map="periph_adc.map" -Xlinker --gc-sections -mcpu=cortex-m3 -mthumb -T "periph_adc_Debug.ld" -o "periph_adc.axf"  ./example/src/adc.o ./example/src/cr_startup_lpc15xx.o ./example/src/sysinit.o   -llpc_board_nxp_lpcxpresso_1549 -llpc_chip_15xx
Finished building target: periph_adc.axf
 
make --no-print-directory post-build
Performing post-build steps
arm-none-eabi-size "periph_adc.axf"; # arm-none-eabi-objcopy -v -O binary "periph_adc.axf" "periph_adc.bin" ; # checksum -p LPC1549 -d "periph_adc.bin";
   text	   data	    bss	    dec	    hex	filename
  15656	      0	    348	  16004	   3e84	periph_adc.axf
 
11:20:04 **** Incremental Build of configuration Debug for project periph_adc ****
make -r all 
make: Nothing to be done for `all'.
11:22:36 **** Incremental Build of configuration Debug for project lpc_board_nxp_lpcxpresso_1549 ****
make -r all 
make: Nothing to be done for `all'.
11:22:38 **** Incremental Build of configuration Debug for project lpc_chip_15xx ****
make -r all 
make: Nothing to be done for `all'.
11:22:40 **** Incremental Build of configuration Debug for project periph_adc ****
make -r all 
Building file: ../example/src/adc.c
Invoking: MCU C Compiler
arm-none-eabi-gcc -DDEBUG -D__CODE_RED -D__USE_LPCOPEN -D__REDLIB__ -DCORE_M3 -I"C:\Users\Eric\Documents\LPCXpresso_8.2.2_650\SEM-bldcControl\lpc_chip_15xx\inc" -I"C:\Users\Eric\Documents\LPCXpresso_8.2.2_650\SEM-bldcControl\lpc_board_nxp_lpcxpresso_1549\inc" -O0 -g3 -Wall -c -fmessage-length=0 -fno-builtin -ffunction-sections -fdata-sections -mcpu=cortex-m3 -mthumb -specs=redlib.specs -MMD -MP -MF"example/src/adc.d" -MT"example/src/adc.o" -MT"example/src/adc.d" -o "example/src/adc.o" "../example/src/adc.c"
Finished building: ../example/src/adc.c
 
Building target: periph_adc.axf
Invoking: MCU Linker
arm-none-eabi-gcc -nostdlib -L"C:\Users\Eric\Documents\LPCXpresso_8.2.2_650\SEM-bldcControl\lpc_chip_15xx\Debug" -L"C:\Users\Eric\Documents\LPCXpresso_8.2.2_650\SEM-bldcControl\lpc_board_nxp_lpcxpresso_1549\Debug" -Xlinker -Map="periph_adc.map" -Xlinker --gc-sections -mcpu=cortex-m3 -mthumb -T "periph_adc_Debug.ld" -o "periph_adc.axf"  ./example/src/adc.o ./example/src/cr_startup_lpc15xx.o ./example/src/sysinit.o   -llpc_board_nxp_lpcxpresso_1549 -llpc_chip_15xx
Command canceled
11:22:52 **** Incremental Build of configuration Debug for project lpc_board_nxp_lpcxpresso_1549 ****
make -r all 
make: Nothing to be done for `all'.
11:22:54 **** Incremental Build of configuration Debug for project lpc_chip_15xx ****
make -r all 
make: Nothing to be done for `all'.
11:22:56 **** Build of configuration Debug for project periph_adc ****
make -r all 
Building target: periph_adc.axf
Invoking: MCU Linker
arm-none-eabi-gcc -nostdlib -L"C:\Users\Eric\Documents\LPCXpresso_8.2.2_650\SEM-bldcControl\lpc_chip_15xx\Debug" -L"C:\Users\Eric\Documents\LPCXpresso_8.2.2_650\SEM-bldcControl\lpc_board_nxp_lpcxpresso_1549\Debug" -Xlinker -Map="periph_adc.map" -Xlinker --gc-sections -mcpu=cortex-m3 -mthumb -T "periph_adc_Debug.ld" -o "periph_adc.axf"  ./example/src/adc.o ./example/src/cr_startup_lpc15xx.o ./example/src/sysinit.o   -llpc_board_nxp_lpcxpresso_1549 -llpc_chip_15xx
Finished building target: periph_adc.axf
 
make --no-print-directory post-build
Performing post-build steps
arm-none-eabi-size "periph_adc.axf"; # arm-none-eabi-objcopy -v -O binary "periph_adc.axf" "periph_adc.bin" ; # checksum -p LPC1549 -d "periph_adc.bin";
   text	   data	    bss	    dec	    hex	filename
  15656	      0	    348	  16004	   3e84	periph_adc.axf
 
11:23:00 **** Incremental Build of configuration Debug for project periph_adc ****
make -r all 
make: Nothing to be done for `all'.
11:28:49 **** Incremental Build of configuration Debug for project lpc_board_nxp_lpcxpresso_1549 ****
make -r all 
make: Nothing to be done for `all'.
11:28:51 **** Incremental Build of configuration Debug for project lpc_chip_15xx ****
make -r all 
make: Nothing to be done for `all'.
11:28:53 **** Build of configuration Debug for project Copy of periph_adc ****
make -r all 
Building file: ../example/src/Copyadc.c
Invoking: MCU C Compiler
arm-none-eabi-gcc -DDEBUG -D__CODE_RED -D__USE_LPCOPEN -D__REDLIB__ -DCORE_M3 -I"C:\Users\Eric\Documents\LPCXpresso_8.2.2_650\SEM-bldcControl\lpc_chip_15xx\inc" -I"C:\Users\Eric\Documents\LPCXpresso_8.2.2_650\SEM-bldcControl\lpc_board_nxp_lpcxpresso_1549\inc" -O0 -g3 -Wall -c -fmessage-length=0 -fno-builtin -ffunction-sections -fdata-sections -mcpu=cortex-m3 -mthumb -specs=redlib.specs -MMD -MP -MF"example/src/Copyadc.d" -MT"example/src/Copyadc.o" -MT"example/src/Copyadc.d" -o "example/src/Copyadc.o" "../example/src/Copyadc.c"
Finished building: ../example/src/Copyadc.c
 
Building file: ../example/src/cr_startup_lpc15xx.c
Invoking: MCU C Compiler
arm-none-eabi-gcc -DDEBUG -D__CODE_RED -D__USE_LPCOPEN -D__REDLIB__ -DCORE_M3 -I"C:\Users\Eric\Documents\LPCXpresso_8.2.2_650\SEM-bldcControl\lpc_chip_15xx\inc" -I"C:\Users\Eric\Documents\LPCXpresso_8.2.2_650\SEM-bldcControl\lpc_board_nxp_lpcxpresso_1549\inc" -O0 -g3 -Wall -c -fmessage-length=0 -fno-builtin -ffunction-sections -fdata-sections -mcpu=cortex-m3 -mthumb -specs=redlib.specs -MMD -MP -MF"example/src/cr_startup_lpc15xx.d" -MT"example/src/cr_startup_lpc15xx.o" -MT"example/src/cr_startup_lpc15xx.d" -o "example/src/cr_startup_lpc15xx.o" "../example/src/cr_startup_lpc15xx.c"
Finished building: ../example/src/cr_startup_lpc15xx.c
 
Building file: ../example/src/sysinit.c
Invoking: MCU C Compiler
arm-none-eabi-gcc -DDEBUG -D__CODE_RED -D__USE_LPCOPEN -D__REDLIB__ -DCORE_M3 -I"C:\Users\Eric\Documents\LPCXpresso_8.2.2_650\SEM-bldcControl\lpc_chip_15xx\inc" -I"C:\Users\Eric\Documents\LPCXpresso_8.2.2_650\SEM-bldcControl\lpc_board_nxp_lpcxpresso_1549\inc" -O0 -g3 -Wall -c -fmessage-length=0 -fno-builtin -ffunction-sections -fdata-sections -mcpu=cortex-m3 -mthumb -specs=redlib.specs -MMD -MP -MF"example/src/sysinit.d" -MT"example/src/sysinit.o" -MT"example/src/sysinit.d" -o "example/src/sysinit.o" "../example/src/sysinit.c"
Finished building: ../example/src/sysinit.c
 
Building target: Copy of periph_adc.axf
Invoking: MCU Linker
arm-none-eabi-gcc -nostdlib -L"C:\Users\Eric\Documents\LPCXpresso_8.2.2_650\SEM-bldcControl\lpc_chip_15xx\Debug" -L"C:\Users\Eric\Documents\LPCXpresso_8.2.2_650\SEM-bldcControl\lpc_board_nxp_lpcxpresso_1549\Debug" -Xlinker -Map="Copy of periph_adc.map" -Xlinker --gc-sections -mcpu=cortex-m3 -mthumb -T "periph_adc_Debug.ld" -o "Copy of periph_adc.axf"  ./example/src/Copyadc.o ./example/src/cr_startup_lpc15xx.o ./example/src/sysinit.o   -llpc_board_nxp_lpcxpresso_1549 -llpc_chip_15xx
Finished building target: Copy of periph_adc.axf
 
make --no-print-directory post-build
Performing post-build steps
arm-none-eabi-size "Copy of periph_adc.axf"; # arm-none-eabi-objcopy -v -O binary "Copy of periph_adc.axf" "Copy of periph_adc.bin" ; # checksum -p LPC1549 -d "Copy of periph_adc.bin";
   text	   data	    bss	    dec	    hex	filename
  15608	      0	    348	  15956	   3e54	Copy of periph_adc.axf
 
11:28:59 **** Incremental Build of configuration Debug for project Copy of periph_adc ****
make -r all 
make: Nothing to be done for `all'.
11:30:29 **** Incremental Build of configuration Debug for project lpc_board_nxp_lpcxpresso_1549 ****
make -r all 
make: Nothing to be done for `all'.
11:30:31 **** Incremental Build of configuration Debug for project lpc_chip_15xx ****
make -r all 
make: Nothing to be done for `all'.
11:30:32 **** Clean-only build of configuration Debug for project Copy of periph_adc ****
make -r clean 
rm -rf  ./example/src/Copyadc.o ./example/src/cr_startup_lpc15xx.o ./example/src/sysinit.o  ./example/src/Copyadc.d ./example/src/cr_startup_lpc15xx.d ./example/src/sysinit.d  "Copy of periph_adc.axf"
 
11:30:33 **** Incremental Build of configuration Debug for project Copy of periph_adc ****
make -r all 
Building file: ../example/src/Copyadc.c
Invoking: MCU C Compiler
arm-none-eabi-gcc -DDEBUG -D__CODE_RED -D__USE_LPCOPEN -D__REDLIB__ -DCORE_M3 -I"C:\Users\Eric\Documents\LPCXpresso_8.2.2_650\SEM-bldcControl\lpc_chip_15xx\inc" -I"C:\Users\Eric\Documents\LPCXpresso_8.2.2_650\SEM-bldcControl\lpc_board_nxp_lpcxpresso_1549\inc" -O0 -g3 -Wall -c -fmessage-length=0 -fno-builtin -ffunction-sections -fdata-sections -mcpu=cortex-m3 -mthumb -specs=redlib.specs -MMD -MP -MF"example/src/Copyadc.d" -MT"example/src/Copyadc.o" -MT"example/src/Copyadc.d" -o "example/src/Copyadc.o" "../example/src/Copyadc.c"
Finished building: ../example/src/Copyadc.c
 
Building file: ../example/src/cr_startup_lpc15xx.c
Invoking: MCU C Compiler
arm-none-eabi-gcc -DDEBUG -D__CODE_RED -D__USE_LPCOPEN -D__REDLIB__ -DCORE_M3 -I"C:\Users\Eric\Documents\LPCXpresso_8.2.2_650\SEM-bldcControl\lpc_chip_15xx\inc" -I"C:\Users\Eric\Documents\LPCXpresso_8.2.2_650\SEM-bldcControl\lpc_board_nxp_lpcxpresso_1549\inc" -O0 -g3 -Wall -c -fmessage-length=0 -fno-builtin -ffunction-sections -fdata-sections -mcpu=cortex-m3 -mthumb -specs=redlib.specs -MMD -MP -MF"example/src/cr_startup_lpc15xx.d" -MT"example/src/cr_startup_lpc15xx.o" -MT"example/src/cr_startup_lpc15xx.d" -o "example/src/cr_startup_lpc15xx.o" "../example/src/cr_startup_lpc15xx.c"
Finished building: ../example/src/cr_startup_lpc15xx.c
 
Building file: ../example/src/sysinit.c
Invoking: MCU C Compiler
arm-none-eabi-gcc -DDEBUG -D__CODE_RED -D__USE_LPCOPEN -D__REDLIB__ -DCORE_M3 -I"C:\Users\Eric\Documents\LPCXpresso_8.2.2_650\SEM-bldcControl\lpc_chip_15xx\inc" -I"C:\Users\Eric\Documents\LPCXpresso_8.2.2_650\SEM-bldcControl\lpc_board_nxp_lpcxpresso_1549\inc" -O0 -g3 -Wall -c -fmessage-length=0 -fno-builtin -ffunction-sections -fdata-sections -mcpu=cortex-m3 -mthumb -specs=redlib.specs -MMD -MP -MF"example/src/sysinit.d" -MT"example/src/sysinit.o" -MT"example/src/sysinit.d" -o "example/src/sysinit.o" "../example/src/sysinit.c"
Finished building: ../example/src/sysinit.c
 
Building target: Copy of periph_adc.axf
Invoking: MCU Linker
arm-none-eabi-gcc -nostdlib -L"C:\Users\Eric\Documents\LPCXpresso_8.2.2_650\SEM-bldcControl\lpc_chip_15xx\Debug" -L"C:\Users\Eric\Documents\LPCXpresso_8.2.2_650\SEM-bldcControl\lpc_board_nxp_lpcxpresso_1549\Debug" -Xlinker -Map="Copy of periph_adc.map" -Xlinker --gc-sections -mcpu=cortex-m3 -mthumb -T "Copy_of_periph_adc_Debug.ld" -o "Copy of periph_adc.axf"  ./example/src/Copyadc.o ./example/src/cr_startup_lpc15xx.o ./example/src/sysinit.o   -llpc_board_nxp_lpcxpresso_1549 -llpc_chip_15xx
Finished building target: Copy of periph_adc.axf
 
make --no-print-directory post-build
Performing post-build steps
arm-none-eabi-size "Copy of periph_adc.axf"; # arm-none-eabi-objcopy -v -O binary "Copy of periph_adc.axf" "Copy of periph_adc.bin" ; # checksum -p LPC1549 -d "Copy of periph_adc.bin";
   text	   data	    bss	    dec	    hex	filename
  15656	      0	    348	  16004	   3e84	Copy of periph_adc.axf
 
11:30:40 **** Incremental Build of configuration Debug for project Copy of periph_adc ****
make -r all 
make: Nothing to be done for `all'.
11:36:37 **** Incremental Build of configuration Debug for project lpc_board_nxp_lpcxpresso_1549 ****
make -r all 
make: Nothing to be done for `all'.
11:36:39 **** Incremental Build of configuration Debug for project lpc_chip_15xx ****
make -r all 
make: Nothing to be done for `all'.
11:36:41 **** Incremental Build of configuration Debug for project Copy of periph_adc ****
make -r all 
Building file: ../example/src/Copyadc.c
Invoking: MCU C Compiler
arm-none-eabi-gcc -DDEBUG -D__CODE_RED -D__USE_LPCOPEN -D__REDLIB__ -DCORE_M3 -I"C:\Users\Eric\Documents\LPCXpresso_8.2.2_650\SEM-bldcControl\lpc_chip_15xx\inc" -I"C:\Users\Eric\Documents\LPCXpresso_8.2.2_650\SEM-bldcControl\lpc_board_nxp_lpcxpresso_1549\inc" -O0 -g3 -Wall -c -fmessage-length=0 -fno-builtin -ffunction-sections -fdata-sections -mcpu=cortex-m3 -mthumb -specs=redlib.specs -MMD -MP -MF"example/src/Copyadc.d" -MT"example/src/Copyadc.o" -MT"example/src/Copyadc.d" -o "example/src/Copyadc.o" "../example/src/Copyadc.c"
Finished building: ../example/src/Copyadc.c
 
Building target: Copy of periph_adc.axf
Invoking: MCU Linker
arm-none-eabi-gcc -nostdlib -L"C:\Users\Eric\Documents\LPCXpresso_8.2.2_650\SEM-bldcControl\lpc_chip_15xx\Debug" -L"C:\Users\Eric\Documents\LPCXpresso_8.2.2_650\SEM-bldcControl\lpc_board_nxp_lpcxpresso_1549\Debug" -Xlinker -Map="Copy of periph_adc.map" -Xlinker --gc-sections -mcpu=cortex-m3 -mthumb -T "Copy_of_periph_adc_Debug.ld" -o "Copy of periph_adc.axf"  ./example/src/Copyadc.o ./example/src/cr_startup_lpc15xx.o ./example/src/sysinit.o   -llpc_board_nxp_lpcxpresso_1549 -llpc_chip_15xx
Finished building target: Copy of periph_adc.axf
 
make --no-print-directory post-build
Performing post-build steps
arm-none-eabi-size "Copy of periph_adc.axf"; # arm-none-eabi-objcopy -v -O binary "Copy of periph_adc.axf" "Copy of periph_adc.bin" ; # checksum -p LPC1549 -d "Copy of periph_adc.bin";
   text	   data	    bss	    dec	    hex	filename
  15656	      0	    348	  16004	   3e84	Copy of periph_adc.axf
 
11:36:46 **** Incremental Build of configuration Debug for project Copy of periph_adc ****
make -r all 
make: Nothing to be done for `all'.
15:42:46 **** Incremental Build of configuration Debug for project lpc_board_nxp_lpcxpresso_1549 ****
make -r all 
make: Nothing to be done for `all'.
15:42:49 **** Incremental Build of configuration Debug for project lpc_chip_15xx ****
make -r all 
make: Nothing to be done for `all'.
15:42:52 **** Build of configuration Debug for project HallSensor ****
make -r all 
Building file: ../src/HallSensor.c
Invoking: MCU C Compiler
arm-none-eabi-gcc -DDEBUG -D__CODE_RED -DCORE_M3 -D__USE_LPCOPEN -D__LPC15XX__ -D__REDLIB__ -I"C:\Users\Eric\Documents\LPCXpresso_8.2.2_650\SEM-bldcControl\lpc_board_nxp_lpcxpresso_1549\inc" -I"C:\Users\Eric\Documents\LPCXpresso_8.2.2_650\SEM-bldcControl\lpc_chip_15xx\inc" -O0 -fno-common -g3 -Wall -c -fmessage-length=0 -fno-builtin -ffunction-sections -fdata-sections -mcpu=cortex-m3 -mthumb -specs=redlib.specs -MMD -MP -MF"src/HallSensor.d" -MT"src/HallSensor.o" -MT"src/HallSensor.d" -o "src/HallSensor.o" "../src/HallSensor.c"
../src/HallSensor.c: In function 'main':
../src/HallSensor.c:80:38: error: 'pADC' undeclared (first use in this function)
      rawSample = Chip_ADC_GetDataReg(pADC, 0);
                                      ^
../src/HallSensor.c:80:38: note: each undeclared identifier is reported only once for each function it appears in
make: *** [src/HallSensor.o] Error 1
15:42:54 **** Incremental Build of configuration Debug for project HallSensor ****
make -r all 
Building file: ../src/HallSensor.c
Invoking: MCU C Compiler
arm-none-eabi-gcc -DDEBUG -D__CODE_RED -DCORE_M3 -D__USE_LPCOPEN -D__LPC15XX__ -D__REDLIB__ -I"C:\Users\Eric\Documents\LPCXpresso_8.2.2_650\SEM-bldcControl\lpc_board_nxp_lpcxpresso_1549\inc" -I"C:\Users\Eric\Documents\LPCXpresso_8.2.2_650\SEM-bldcControl\lpc_chip_15xx\inc" -O0 -fno-common -g3 -Wall -c -fmessage-length=0 -fno-builtin -ffunction-sections -fdata-sections -mcpu=cortex-m3 -mthumb -specs=redlib.specs -MMD -MP -MF"src/HallSensor.d" -MT"src/HallSensor.o" -MT"src/HallSensor.d" -o "src/HallSensor.o" "../src/HallSensor.c"
../src/HallSensor.c: In function 'main':
../src/HallSensor.c:80:38: error: 'pADC' undeclared (first use in this function)
      rawSample = Chip_ADC_GetDataReg(pADC, 0);
                                      ^
../src/HallSensor.c:80:38: note: each undeclared identifier is reported only once for each function it appears in
make: *** [src/HallSensor.o] Error 1
15:45:59 **** Incremental Build of configuration Debug for project lpc_board_nxp_lpcxpresso_1549 ****
make -r all 
make: Nothing to be done for `all'.
15:46:00 **** Incremental Build of configuration Debug for project lpc_chip_15xx ****
make -r all 
make: Nothing to be done for `all'.
15:46:01 **** Incremental Build of configuration Debug for project HallSensor ****
make -r all 
Building file: ../src/HallSensor.c
Invoking: MCU C Compiler
arm-none-eabi-gcc -DDEBUG -D__CODE_RED -DCORE_M3 -D__USE_LPCOPEN -D__LPC15XX__ -D__REDLIB__ -I"C:\Users\Eric\Documents\LPCXpresso_8.2.2_650\SEM-bldcControl\lpc_board_nxp_lpcxpresso_1549\inc" -I"C:\Users\Eric\Documents\LPCXpresso_8.2.2_650\SEM-bldcControl\lpc_chip_15xx\inc" -O0 -fno-common -g3 -Wall -c -fmessage-length=0 -fno-builtin -ffunction-sections -fdata-sections -mcpu=cortex-m3 -mthumb -specs=redlib.specs -MMD -MP -MF"src/HallSensor.d" -MT"src/HallSensor.o" -MT"src/HallSensor.d" -o "src/HallSensor.o" "../src/HallSensor.c"
../src/HallSensor.c: In function 'main':
../src/HallSensor.c:80:38: error: 'LPC_ADC' undeclared (first use in this function)
      rawSample = Chip_ADC_GetDataReg(LPC_ADC, 0);
                                      ^
../src/HallSensor.c:80:38: note: each undeclared identifier is reported only once for each function it appears in
make: *** [src/HallSensor.o] Error 1
15:46:03 **** Incremental Build of configuration Debug for project HallSensor ****
make -r all 
Building file: ../src/HallSensor.c
Invoking: MCU C Compiler
arm-none-eabi-gcc -DDEBUG -D__CODE_RED -DCORE_M3 -D__USE_LPCOPEN -D__LPC15XX__ -D__REDLIB__ -I"C:\Users\Eric\Documents\LPCXpresso_8.2.2_650\SEM-bldcControl\lpc_board_nxp_lpcxpresso_1549\inc" -I"C:\Users\Eric\Documents\LPCXpresso_8.2.2_650\SEM-bldcControl\lpc_chip_15xx\inc" -O0 -fno-common -g3 -Wall -c -fmessage-length=0 -fno-builtin -ffunction-sections -fdata-sections -mcpu=cortex-m3 -mthumb -specs=redlib.specs -MMD -MP -MF"src/HallSensor.d" -MT"src/HallSensor.o" -MT"src/HallSensor.d" -o "src/HallSensor.o" "../src/HallSensor.c"
../src/HallSensor.c: In function 'main':
../src/HallSensor.c:80:38: error: 'LPC_ADC' undeclared (first use in this function)
      rawSample = Chip_ADC_GetDataReg(LPC_ADC, 0);
                                      ^
../src/HallSensor.c:80:38: note: each undeclared identifier is reported only once for each function it appears in
make: *** [src/HallSensor.o] Error 1
15:48:45 **** Incremental Build of configuration Debug for project lpc_board_nxp_lpcxpresso_1549 ****
make -r all 
make: Nothing to be done for `all'.
15:48:45 **** Incremental Build of configuration Debug for project lpc_chip_15xx ****
make -r all 
make: Nothing to be done for `all'.
15:48:46 **** Incremental Build of configuration Debug for project HallSensor ****
make -r all 
Building file: ../src/HallSensor.c
Invoking: MCU C Compiler
arm-none-eabi-gcc -DDEBUG -D__CODE_RED -DCORE_M3 -D__USE_LPCOPEN -D__LPC15XX__ -D__REDLIB__ -I"C:\Users\Eric\Documents\LPCXpresso_8.2.2_650\SEM-bldcControl\lpc_board_nxp_lpcxpresso_1549\inc" -I"C:\Users\Eric\Documents\LPCXpresso_8.2.2_650\SEM-bldcControl\lpc_chip_15xx\inc" -O0 -fno-common -g3 -Wall -c -fmessage-length=0 -fno-builtin -ffunction-sections -fdata-sections -mcpu=cortex-m3 -mthumb -specs=redlib.specs -MMD -MP -MF"src/HallSensor.d" -MT"src/HallSensor.o" -MT"src/HallSensor.d" -o "src/HallSensor.o" "../src/HallSensor.c"
Finished building: ../src/HallSensor.c
 
Building file: ../src/cr_startup_lpc15xx.c
Invoking: MCU C Compiler
arm-none-eabi-gcc -DDEBUG -D__CODE_RED -DCORE_M3 -D__USE_LPCOPEN -D__LPC15XX__ -D__REDLIB__ -I"C:\Users\Eric\Documents\LPCXpresso_8.2.2_650\SEM-bldcControl\lpc_board_nxp_lpcxpresso_1549\inc" -I"C:\Users\Eric\Documents\LPCXpresso_8.2.2_650\SEM-bldcControl\lpc_chip_15xx\inc" -O0 -fno-common -g3 -Wall -c -fmessage-length=0 -fno-builtin -ffunction-sections -fdata-sections -mcpu=cortex-m3 -mthumb -specs=redlib.specs -MMD -MP -MF"src/cr_startup_lpc15xx.d" -MT"src/cr_startup_lpc15xx.o" -MT"src/cr_startup_lpc15xx.d" -o "src/cr_startup_lpc15xx.o" "../src/cr_startup_lpc15xx.c"
Finished building: ../src/cr_startup_lpc15xx.c
 
Building file: ../src/crp.c
Invoking: MCU C Compiler
arm-none-eabi-gcc -DDEBUG -D__CODE_RED -DCORE_M3 -D__USE_LPCOPEN -D__LPC15XX__ -D__REDLIB__ -I"C:\Users\Eric\Documents\LPCXpresso_8.2.2_650\SEM-bldcControl\lpc_board_nxp_lpcxpresso_1549\inc" -I"C:\Users\Eric\Documents\LPCXpresso_8.2.2_650\SEM-bldcControl\lpc_chip_15xx\inc" -O0 -fno-common -g3 -Wall -c -fmessage-length=0 -fno-builtin -ffunction-sections -fdata-sections -mcpu=cortex-m3 -mthumb -specs=redlib.specs -MMD -MP -MF"src/crp.d" -MT"src/crp.o" -MT"src/crp.d" -o "src/crp.o" "../src/crp.c"
Finished building: ../src/crp.c
 
Building file: ../src/sysinit.c
Invoking: MCU C Compiler
arm-none-eabi-gcc -DDEBUG -D__CODE_RED -DCORE_M3 -D__USE_LPCOPEN -D__LPC15XX__ -D__REDLIB__ -I"C:\Users\Eric\Documents\LPCXpresso_8.2.2_650\SEM-bldcControl\lpc_board_nxp_lpcxpresso_1549\inc" -I"C:\Users\Eric\Documents\LPCXpresso_8.2.2_650\SEM-bldcControl\lpc_chip_15xx\inc" -O0 -fno-common -g3 -Wall -c -fmessage-length=0 -fno-builtin -ffunction-sections -fdata-sections -mcpu=cortex-m3 -mthumb -specs=redlib.specs -MMD -MP -MF"src/sysinit.d" -MT"src/sysinit.o" -MT"src/sysinit.d" -o "src/sysinit.o" "../src/sysinit.c"
Finished building: ../src/sysinit.c
 
Building target: HallSensor.axf
Invoking: MCU Linker
arm-none-eabi-gcc -nostdlib -L"C:\Users\Eric\Documents\LPCXpresso_8.2.2_650\SEM-bldcControl\lpc_board_nxp_lpcxpresso_1549\Debug" -L"C:\Users\Eric\Documents\LPCXpresso_8.2.2_650\SEM-bldcControl\lpc_chip_15xx\Debug" -Xlinker -Map="HallSensor.map" -Xlinker --gc-sections -Xlinker -print-memory-usage -mcpu=cortex-m3 -mthumb -T "HallSensor_Debug.ld" -o "HallSensor.axf"  ./src/HallSensor.o ./src/cr_startup_lpc15xx.o ./src/crp.o ./src/sysinit.o   -llpc_board_nxp_lpcxpresso_1549 -llpc_chip_15xx
Memory region         Used Size  Region Size  %age Used
       MFlash256:       13320 B       256 KB      5.08%
         Ram0_16:         340 B        16 KB      2.08%
         Ram1_16:          0 GB        16 KB      0.00%
c:/nxp/lpcxpresso_8.2.2_650/lpcxpresso/tools/bin/../lib/gcc/arm-none-eabi/5.4.1/../../../../arm-none-eabi/lib/armv7-m\libcr_c.a(fpprintf.o): In function `printf':
fpprintf.c:(.text.printf+0x38): undefined reference to `__sys_write'
c:/nxp/lpcxpresso_8.2.2_650/lpcxpresso/tools/bin/../lib/gcc/arm-none-eabi/5.4.1/../../../../arm-none-eabi/lib/armv7-m\libcr_c.a(_deferredlazyseek.o): In function `__flsbuf':
          Ram2_4:          0 GB         4 KB      0.00%
_deferredlazyseek.c:(.text.__flsbuf+0x84): undefined reference to `__sys_istty'
c:/nxp/lpcxpresso_8.2.2_650/lpcxpresso/tools/bin/../lib/gcc/arm-none-eabi/5.4.1/../../../../arm-none-eabi/lib/armv7-m\libcr_c.a(_writebuf.o): In function `_Cwritebuf':
_writebuf.c:(.text._Cwritebuf+0x14): undefined reference to `__sys_flen'
_writebuf.c:(.text._Cwritebuf+0x28): undefined reference to `__sys_seek'
_writebuf.c:(.text._Cwritebuf+0x40): undefined reference to `__sys_write'
c:/nxp/lpcxpresso_8.2.2_650/lpcxpresso/tools/bin/../lib/gcc/arm-none-eabi/5.4.1/../../../../arm-none-eabi/lib/armv7-m\libcr_c.a(alloc.o): In function `_Csys_alloc':
alloc.c:(.text._Csys_alloc+0xe): undefined reference to `__sys_write'
alloc.c:(.text._Csys_alloc+0x12): undefined reference to `__sys_appexit'
c:/nxp/lpcxpresso_8.2.2_650/lpcxpresso/tools/bin/../lib/gcc/arm-none-eabi/5.4.1/../../../../arm-none-eabi/lib/armv7-m\libcr_c.a(fseek.o): In function `fseek':
fseek.c:(.text.fseek+0x1a): undefined reference to `__sys_istty'
fseek.c:(.text.fseek+0x44): undefined reference to `__sys_flen'
collect2.exe: error: ld returned 1 exit status
make: *** [HallSensor.axf] Error 1
15:48:50 **** Incremental Build of configuration Debug for project HallSensor ****
make -r all 
Building target: HallSensor.axf
Invoking: MCU Linker
arm-none-eabi-gcc -nostdlib -L"C:\Users\Eric\Documents\LPCXpresso_8.2.2_650\SEM-bldcControl\lpc_board_nxp_lpcxpresso_1549\Debug" -L"C:\Users\Eric\Documents\LPCXpresso_8.2.2_650\SEM-bldcControl\lpc_chip_15xx\Debug" -Xlinker -Map="HallSensor.map" -Xlinker --gc-sections -Xlinker -print-memory-usage -mcpu=cortex-m3 -mthumb -T "HallSensor_Debug.ld" -o "HallSensor.axf"  ./src/HallSensor.o ./src/cr_startup_lpc15xx.o ./src/crp.o ./src/sysinit.o   -llpc_board_nxp_lpcxpresso_1549 -llpc_chip_15xx
Memory region         Used Size  Region Size  %age Used
       MFlash256:       13320 B       256 KB      5.08%
         Ram0_16:         340 B        16 KB      2.08%
         Ram1_16:          0 GB        16 KB      0.00%
c:/nxp/lpcxpresso_8.2.2_650/lpcxpresso/tools/bin/../lib/gcc/arm-none-eabi/5.4.1/../../../../arm-none-eabi/lib/armv7-m\libcr_c.a(fpprintf.o): In function `printf':
fpprintf.c:(.text.printf+0x38): undefined reference to `__sys_write'
c:/nxp/lpcxpresso_8.2.2_650/lpcxpresso/tools/bin/../lib/gcc/arm-none-eabi/5.4.1/../../../../arm-none-eabi/lib/armv7-m\libcr_c.a(_deferredlazyseek.o): In function `__flsbuf':
_deferredlazyseek.c:(.text.__flsbuf+0x84): undefined reference to `__sys_istty'
c:/nxp/lpcxpresso_8.2.2_650/lpcxpresso/tools/bin/../lib/gcc/arm-none-eabi/5.4.1/../../../../arm-none-eabi/lib/armv7-m\libcr_c.a(_writebuf.o): In function `_Cwritebuf':
_writebuf.c:(.text._Cwritebuf+0x14): undefined reference to `__sys_flen'
_writebuf.c:(.text._Cwritebuf+0x28): undefined reference to `__sys_seek'
_writebuf.c:(.text._Cwritebuf+0x40): undefined reference to `__sys_write'
c:/nxp/lpcxpresso_8.2.2_650/lpcxpresso/tools/bin/../lib/gcc/arm-none-eabi/5.4.1/../../../../arm-none-eabi/lib/armv7-m\libcr_c.a(alloc.o): In function `_Csys_alloc':
alloc.c:(.text._Csys_alloc+0xe): undefined reference to `__sys_write'
alloc.c:(.text._Csys_alloc+0x12): undefined reference to `__sys_appexit'
c:/nxp/lpcxpresso_8.2.2_650/lpcxpresso/tools/bin/../lib/gcc/arm-none-eabi/5.4.1/../../../../arm-none-eabi/lib/armv7-m\libcr_c.a(fseek.o): In function `fseek':
fseek.c:(.text.fseek+0x1a): undefined reference to `__sys_istty'
fseek.c:(.text.fseek+0x44): undefined reference to `__sys_flen'
collect2.exe: error: ld returned 1 exit status
          Ram2_4:          0 GB         4 KB      0.00%
make: *** [HallSensor.axf] Error 1
15:53:15 **** Incremental Build of configuration Debug for project HallSensor ****
make -r all 
Building file: ../src/HallSensor.c
Invoking: MCU C Compiler
arm-none-eabi-gcc -DDEBUG -D__CODE_RED -DCORE_M3 -D__USE_LPCOPEN -D__LPC15XX__ -D__REDLIB__ -I"C:\Users\Eric\Documents\LPCXpresso_8.2.2_650\SEM-bldcControl\lpc_board_nxp_lpcxpresso_1549\inc" -I"C:\Users\Eric\Documents\LPCXpresso_8.2.2_650\SEM-bldcControl\lpc_chip_15xx\inc" -O0 -fno-common -g3 -Wall -c -fmessage-length=0 -fno-builtin -ffunction-sections -fdata-sections -mcpu=cortex-m3 -mthumb -specs=redlib.specs -MMD -MP -MF"src/HallSensor.d" -MT"src/HallSensor.o" -MT"src/HallSensor.d" -o "src/HallSensor.o" "../src/HallSensor.c"
Finished building: ../src/HallSensor.c
 
Building target: HallSensor.axf
Invoking: MCU Linker
arm-none-eabi-gcc -nostdlib -L"C:\Users\Eric\Documents\LPCXpresso_8.2.2_650\SEM-bldcControl\lpc_board_nxp_lpcxpresso_1549\Debug" -L"C:\Users\Eric\Documents\LPCXpresso_8.2.2_650\SEM-bldcControl\lpc_chip_15xx\Debug" -Xlinker -Map="HallSensor.map" -Xlinker --gc-sections -Xlinker -print-memory-usage -mcpu=cortex-m3 -mthumb -T "HallSensor_Debug.ld" -o "HallSensor.axf"  ./src/HallSensor.o ./src/cr_startup_lpc15xx.o ./src/crp.o ./src/sysinit.o   -llpc_board_nxp_lpcxpresso_1549 -llpc_chip_15xx
Memory region         Used Size  Region Size  %age Used
       MFlash256:       13320 B       256 KB      5.08%
c:/nxp/lpcxpresso_8.2.2_650/lpcxpresso/tools/bin/../lib/gcc/arm-none-eabi/5.4.1/../../../../arm-none-eabi/lib/armv7-m\libcr_c.a(fpprintf.o): In function `printf':
fpprintf.c:(.text.printf+0x38): undefined reference to `__sys_write'
         Ram0_16:         340 B        16 KB      2.08%
c:/nxp/lpcxpresso_8.2.2_650/lpcxpresso/tools/bin/../lib/gcc/arm-none-eabi/5.4.1/../../../../arm-none-eabi/lib/armv7-m\libcr_c.a(_deferredlazyseek.o): In function `__flsbuf':
_deferredlazyseek.c:(.text.__flsbuf+0x84): undefined reference to `__sys_istty'
c:/nxp/lpcxpresso_8.2.2_650/lpcxpresso/tools/bin/../lib/gcc/arm-none-eabi/5.4.1/../../../../arm-none-eabi/lib/armv7-m\libcr_c.a(_writebuf.o): In function `_Cwritebuf':
_writebuf.c:(.text._Cwritebuf+0x14): undefined reference to `__sys_flen'
_writebuf.c:(.text._Cwritebuf+0x28): undefined reference to `__sys_seek'
         Ram1_16:          0 GB        16 KB      0.00%
_writebuf.c:(.text._Cwritebuf+0x40): undefined reference to `__sys_write'
c:/nxp/lpcxpresso_8.2.2_650/lpcxpresso/tools/bin/../lib/gcc/arm-none-eabi/5.4.1/../../../../arm-none-eabi/lib/armv7-m\libcr_c.a(alloc.o): In function `_Csys_alloc':
alloc.c:(.text._Csys_alloc+0xe): undefined reference to `__sys_write'
alloc.c:(.text._Csys_alloc+0x12): undefined reference to `__sys_appexit'
c:/nxp/lpcxpresso_8.2.2_650/lpcxpresso/tools/bin/../lib/gcc/arm-none-eabi/5.4.1/../../../../arm-none-eabi/lib/armv7-m\libcr_c.a(fseek.o): In function `fseek':
fseek.c:(.text.fseek+0x1a): undefined reference to `__sys_istty'
fseek.c:(.text.fseek+0x44): undefined reference to `__sys_flen'
collect2.exe: error: ld returned 1 exit status
          Ram2_4:          0 GB         4 KB      0.00%
make: *** [HallSensor.axf] Error 1
15:54:36 **** Incremental Build of configuration Debug for project HallSensor ****
make -r all 
Building target: HallSensor.axf
Invoking: MCU Linker
arm-none-eabi-gcc -nostdlib -L"C:\Users\Eric\Documents\LPCXpresso_8.2.2_650\SEM-bldcControl\lpc_board_nxp_lpcxpresso_1549\Debug" -L"C:\Users\Eric\Documents\LPCXpresso_8.2.2_650\SEM-bldcControl\lpc_chip_15xx\Debug" -Xlinker -Map="HallSensor.map" -Xlinker --gc-sections -Xlinker -print-memory-usage -mcpu=cortex-m3 -mthumb -T "HallSensor_Debug.ld" -o "HallSensor.axf"  ./src/HallSensor.o ./src/cr_startup_lpc15xx.o ./src/crp.o ./src/sysinit.o   -llpc_board_nxp_lpcxpresso_1549 -llpc_chip_15xx
Memory region         Used Size  Region Size  %age Used
       MFlash256:       13320 B       256 KB      5.08%
         Ram0_16:         340 B        16 KB      2.08%
c:/nxp/lpcxpresso_8.2.2_650/lpcxpresso/tools/bin/../lib/gcc/arm-none-eabi/5.4.1/../../../../arm-none-eabi/lib/armv7-m\libcr_c.a(fpprintf.o): In function `printf':
fpprintf.c:(.text.printf+0x38): undefined reference to `__sys_write'
         Ram1_16:          0 GB        16 KB      0.00%
c:/nxp/lpcxpresso_8.2.2_650/lpcxpresso/tools/bin/../lib/gcc/arm-none-eabi/5.4.1/../../../../arm-none-eabi/lib/armv7-m\libcr_c.a(_deferredlazyseek.o): In function `__flsbuf':
_deferredlazyseek.c:(.text.__flsbuf+0x84): undefined reference to `__sys_istty'
c:/nxp/lpcxpresso_8.2.2_650/lpcxpresso/tools/bin/../lib/gcc/arm-none-eabi/5.4.1/../../../../arm-none-eabi/lib/armv7-m\libcr_c.a(_writebuf.o): In function `_Cwritebuf':
_writebuf.c:(.text._Cwritebuf+0x14): undefined reference to `__sys_flen'
_writebuf.c:(.text._Cwritebuf+0x28): undefined reference to `__sys_seek'
_writebuf.c:(.text._Cwritebuf+0x40): undefined reference to `__sys_write'
c:/nxp/lpcxpresso_8.2.2_650/lpcxpresso/tools/bin/../lib/gcc/arm-none-eabi/5.4.1/../../../../arm-none-eabi/lib/armv7-m\libcr_c.a(alloc.o): In function `_Csys_alloc':
alloc.c:(.text._Csys_alloc+0xe): undefined reference to `__sys_write'
alloc.c:(.text._Csys_alloc+0x12): undefined reference to `__sys_appexit'
c:/nxp/lpcxpresso_8.2.2_650/lpcxpresso/tools/bin/../lib/gcc/arm-none-eabi/5.4.1/../../../../arm-none-eabi/lib/armv7-m\libcr_c.a(fseek.o): In function `fseek':
fseek.c:(.text.fseek+0x1a): undefined reference to `__sys_istty'
          Ram2_4:          0 GB         4 KB      0.00%
fseek.c:(.text.fseek+0x44): undefined reference to `__sys_flen'
collect2.exe: error: ld returned 1 exit status
make: *** [HallSensor.axf] Error 1
15:56:48 **** Incremental Build of configuration Debug for project HallSensor ****
make -r all 
Building file: ../src/HallSensor.c
Invoking: MCU C Compiler
arm-none-eabi-gcc -DDEBUG -D__CODE_RED -DCORE_M3 -D__USE_LPCOPEN -D__LPC15XX__ -D__REDLIB__ -I"C:\Users\Eric\Documents\LPCXpresso_8.2.2_650\SEM-bldcControl\lpc_board_nxp_lpcxpresso_1549\inc" -I"C:\Users\Eric\Documents\LPCXpresso_8.2.2_650\SEM-bldcControl\lpc_chip_15xx\inc" -O0 -fno-common -g3 -Wall -c -fmessage-length=0 -fno-builtin -ffunction-sections -fdata-sections -mcpu=cortex-m3 -mthumb -specs=redlib.specs -MMD -MP -MF"src/HallSensor.d" -MT"src/HallSensor.o" -MT"src/HallSensor.d" -o "src/HallSensor.o" "../src/HallSensor.c"
Finished building: ../src/HallSensor.c
 
Building target: HallSensor.axf
Invoking: MCU Linker
arm-none-eabi-gcc -nostdlib -L"C:\Users\Eric\Documents\LPCXpresso_8.2.2_650\SEM-bldcControl\lpc_board_nxp_lpcxpresso_1549\Debug" -L"C:\Users\Eric\Documents\LPCXpresso_8.2.2_650\SEM-bldcControl\lpc_chip_15xx\Debug" -Xlinker -Map="HallSensor.map" -Xlinker --gc-sections -Xlinker -print-memory-usage -mcpu=cortex-m3 -mthumb -T "HallSensor_Debug.ld" -o "HallSensor.axf"  ./src/HallSensor.o ./src/cr_startup_lpc15xx.o ./src/crp.o ./src/sysinit.o   -llpc_board_nxp_lpcxpresso_1549 -llpc_chip_15xx
Memory region         Used Size  Region Size  %age Used
       MFlash256:       13056 B       256 KB      4.98%
         Ram0_16:         340 B        16 KB      2.08%
         Ram1_16:          0 GB        16 KB      0.00%
c:/nxp/lpcxpresso_8.2.2_650/lpcxpresso/tools/bin/../lib/gcc/arm-none-eabi/5.4.1/../../../../arm-none-eabi/lib/armv7-m\libcr_c.a(fpprintf.o): In function `printf':
fpprintf.c:(.text.printf+0x38): undefined reference to `__sys_write'
c:/nxp/lpcxpresso_8.2.2_650/lpcxpresso/tools/bin/../lib/gcc/arm-none-eabi/5.4.1/../../../../arm-none-eabi/lib/armv7-m\libcr_c.a(_deferredlazyseek.o): In function `__flsbuf':
_deferredlazyseek.c:(.text.__flsbuf+0x84): undefined reference to `__sys_istty'
c:/nxp/lpcxpresso_8.2.2_650/lpcxpresso/tools/bin/../lib/gcc/arm-none-eabi/5.4.1/../../../../arm-none-eabi/lib/armv7-m\libcr_c.a(_writebuf.o): In function `_Cwritebuf':
_writebuf.c:(.text._Cwritebuf+0x14): undefined reference to `__sys_flen'
_writebuf.c:(.text._Cwritebuf+0x28): undefined reference to `__sys_seek'
_writebuf.c:(.text._Cwritebuf+0x40): undefined reference to `__sys_write'
c:/nxp/lpcxpresso_8.2.2_650/lpcxpresso/tools/bin/../lib/gcc/arm-none-eabi/5.4.1/../../../../arm-none-eabi/lib/armv7-m\libcr_c.a(alloc.o): In function `_Csys_alloc':
alloc.c:(.text._Csys_alloc+0xe): undefined reference to `__sys_write'
alloc.c:(.text._Csys_alloc+0x12): undefined reference to `__sys_appexit'
c:/nxp/lpcxpresso_8.2.2_650/lpcxpresso/tools/bin/../lib/gcc/arm-none-eabi/5.4.1/../../../../arm-none-eabi/lib/armv7-m\libcr_c.a(fseek.o): In function `fseek':
fseek.c:(.text.fseek+0x1a): undefined reference to `__sys_istty'
fseek.c:(.text.fseek+0x44): undefined reference to `__sys_flen'
collect2.exe: error: ld returned 1 exit status
          Ram2_4:          0 GB         4 KB      0.00%
make: *** [HallSensor.axf] Error 1
15:57:07 **** Incremental Build of configuration Debug for project lpc_board_nxp_lpcxpresso_1549 ****
make -r all 
make: Nothing to be done for `all'.
15:57:08 **** Incremental Build of configuration Debug for project lpc_chip_15xx ****
make -r all 
make: Nothing to be done for `all'.
15:57:10 **** Incremental Build of configuration Debug for project HallSensor ****
make -r all 
Building target: HallSensor.axf
Invoking: MCU Linker
arm-none-eabi-gcc -nostdlib -L"C:\Users\Eric\Documents\LPCXpresso_8.2.2_650\SEM-bldcControl\lpc_board_nxp_lpcxpresso_1549\Debug" -L"C:\Users\Eric\Documents\LPCXpresso_8.2.2_650\SEM-bldcControl\lpc_chip_15xx\Debug" -Xlinker -Map="HallSensor.map" -Xlinker --gc-sections -Xlinker -print-memory-usage -mcpu=cortex-m3 -mthumb -T "HallSensor_Debug.ld" -o "HallSensor.axf"  ./src/HallSensor.o ./src/cr_startup_lpc15xx.o ./src/crp.o ./src/sysinit.o   -llpc_board_nxp_lpcxpresso_1549 -llpc_chip_15xx
Memory region         Used Size  Region Size  %age Used
       MFlash256:       13056 B       256 KB      4.98%
         Ram0_16:         340 B        16 KB      2.08%
         Ram1_16:          0 GB        16 KB      0.00%
c:/nxp/lpcxpresso_8.2.2_650/lpcxpresso/tools/bin/../lib/gcc/arm-none-eabi/5.4.1/../../../../arm-none-eabi/lib/armv7-m\libcr_c.a(fpprintf.o): In function `printf':
fpprintf.c:(.text.printf+0x38): undefined reference to `__sys_write'
c:/nxp/lpcxpresso_8.2.2_650/lpcxpresso/tools/bin/../lib/gcc/arm-none-eabi/5.4.1/../../../../arm-none-eabi/lib/armv7-m\libcr_c.a(_deferredlazyseek.o): In function `__flsbuf':
_deferredlazyseek.c:(.text.__flsbuf+0x84): undefined reference to `__sys_istty'
c:/nxp/lpcxpresso_8.2.2_650/lpcxpresso/tools/bin/../lib/gcc/arm-none-eabi/5.4.1/../../../../arm-none-eabi/lib/armv7-m\libcr_c.a(_writebuf.o): In function `_Cwritebuf':
_writebuf.c:(.text._Cwritebuf+0x14): undefined reference to `__sys_flen'
_writebuf.c:(.text._Cwritebuf+0x28): undefined reference to `__sys_seek'
_writebuf.c:(.text._Cwritebuf+0x40): undefined reference to `__sys_write'
c:/nxp/lpcxpresso_8.2.2_650/lpcxpresso/tools/bin/../lib/gcc/arm-none-eabi/5.4.1/../../../../arm-none-eabi/lib/armv7-m\libcr_c.a(alloc.o): In function `_Csys_alloc':
[...]
   text	   data	    bss	    dec	    hex	filename
   5628	     20	     16	   5664	   1620	Algo-TrapControl-2.axf
 
20:21:56 **** Incremental Build of configuration Debug for project Algo-TrapControl-2 ****
make -r all 
make: Nothing to be done for `all'.
20:22:46 **** Incremental Build of configuration Debug for project lpc_board_nxp_lpcxpresso_1549 ****
make -r all 
make: Nothing to be done for `all'.
20:22:47 **** Incremental Build of configuration Debug for project lpc_chip_15xx ****
make -r all 
make: Nothing to be done for `all'.
20:22:48 **** Incremental Build of configuration Debug for project Algo-TrapControl-2 ****
make -r all 
Building file: ../src/Algo-TrapControl-2.c
Invoking: MCU C Compiler
arm-none-eabi-gcc -DDEBUG -D__CODE_RED -DCORE_M3 -D__USE_LPCOPEN -D__LPC15XX__ -D__REDLIB__ -I"C:\Users\Eric\Documents\LPCXpresso\SEM-bldcControl\lpc_board_nxp_lpcxpresso_1549\inc" -I"C:\Users\Eric\Documents\LPCXpresso\SEM-bldcControl\lpc_chip_15xx\inc" -O0 -fno-common -g3 -Wall -c -fmessage-length=0 -fno-builtin -ffunction-sections -fdata-sections -mcpu=cortex-m3 -mthumb -specs=redlib.specs -MMD -MP -MF"src/Algo-TrapControl-2.d" -MT"src/Algo-TrapControl-2.o" -MT"src/Algo-TrapControl-2.d" -o "src/Algo-TrapControl-2.o" "../src/Algo-TrapControl-2.c"
Finished building: ../src/Algo-TrapControl-2.c
 
Building target: Algo-TrapControl-2.axf
Invoking: MCU Linker
arm-none-eabi-gcc -nostdlib -L"C:\Users\Eric\Documents\LPCXpresso\SEM-bldcControl\lpc_board_nxp_lpcxpresso_1549\Debug" -L"C:\Users\Eric\Documents\LPCXpresso\SEM-bldcControl\lpc_chip_15xx\Debug" -Xlinker -Map="Algo-TrapControl-2.map" -Xlinker --gc-sections -Xlinker -print-memory-usage -mcpu=cortex-m3 -mthumb -T "Algo-TrapControl-2_Debug.ld" -o "Algo-TrapControl-2.axf"  ./src/Algo-TrapControl-2.o ./src/cr_startup_lpc15xx.o ./src/crp.o ./src/sysinit.o   -llpc_board_nxp_lpcxpresso_1549 -llpc_chip_15xx
Memory region         Used Size  Region Size  %age Used
       MFlash256:        5648 B       256 KB      2.15%
         Ram0_16:          36 B        16 KB      0.22%
         Ram1_16:          0 GB        16 KB      0.00%
          Ram2_4:          0 GB         4 KB      0.00%
Finished building target: Algo-TrapControl-2.axf
 
make --no-print-directory post-build
Performing post-build steps
arm-none-eabi-size "Algo-TrapControl-2.axf"; # arm-none-eabi-objcopy -v -O binary "Algo-TrapControl-2.axf" "Algo-TrapControl-2.bin" ; # checksum -p LPC1549 -d "Algo-TrapControl-2.bin";
   text	   data	    bss	    dec	    hex	filename
   5628	     20	     16	   5664	   1620	Algo-TrapControl-2.axf
 
20:22:51 **** Incremental Build of configuration Debug for project Algo-TrapControl-2 ****
make -r all 
make: Nothing to be done for `all'.
20:23:02 **** Incremental Build of configuration Debug for project lpc_board_nxp_lpcxpresso_1549 ****
make -r all 
make: Nothing to be done for `all'.
20:23:03 **** Incremental Build of configuration Debug for project lpc_chip_15xx ****
make -r all 
make: Nothing to be done for `all'.
20:23:04 **** Incremental Build of configuration Debug for project Algo-TrapControl-2 ****
make -r all 
make: Nothing to be done for `all'.
20:23:06 **** Incremental Build of configuration Debug for project Algo-TrapControl-2 ****
make -r all 
make: Nothing to be done for `all'.
20:24:48 **** Incremental Build of configuration Debug for project lpc_board_nxp_lpcxpresso_1549 ****
make -r all 
make: Nothing to be done for `all'.
20:24:49 **** Incremental Build of configuration Debug for project lpc_chip_15xx ****
make -r all 
make: Nothing to be done for `all'.
20:24:50 **** Incremental Build of configuration Debug for project Algo-TrapControl-2 ****
make -r all 
make: Nothing to be done for `all'.
20:24:52 **** Incremental Build of configuration Debug for project Algo-TrapControl-2 ****
make -r all 
make: Nothing to be done for `all'.
20:33:01 **** Incremental Build of configuration Debug for project lpc_board_nxp_lpcxpresso_1549 ****
make -r all 
make: Nothing to be done for `all'.
20:33:05 **** Incremental Build of configuration Debug for project lpc_chip_15xx ****
make -r all 
make: Nothing to be done for `all'.
20:33:07 **** Incremental Build of configuration Debug for project Algo-TrapControl-2 ****
make -r all 
make: Nothing to be done for `all'.
20:33:09 **** Incremental Build of configuration Debug for project Algo-TrapControl-2 ****
make -r all 
make: Nothing to be done for `all'.
20:35:37 **** Incremental Build of configuration Debug for project lpc_board_nxp_lpcxpresso_1549 ****
make -r all 
make: Nothing to be done for `all'.
20:35:39 **** Incremental Build of configuration Debug for project lpc_chip_15xx ****
make -r all 
make: Nothing to be done for `all'.
20:35:41 **** Incremental Build of configuration Debug for project Algo-TrapControl-2 ****
make -r all 
make: Nothing to be done for `all'.
20:35:43 **** Incremental Build of configuration Debug for project Algo-TrapControl-2 ****
make -r all 
make: Nothing to be done for `all'.
21:08:12 **** Incremental Build of configuration Debug for project lpc_board_nxp_lpcxpresso_1549 ****
make -r all 
make: Nothing to be done for `all'.
21:08:16 **** Incremental Build of configuration Debug for project lpc_chip_15xx ****
make -r all 
make: Nothing to be done for `all'.
21:08:18 **** Build of configuration Debug for project Algo-TrapControl-throttle ****
make -r all 
Building file: ../src/Algo-TrapControl-throttle.c
Invoking: MCU C Compiler
arm-none-eabi-gcc -DDEBUG -D__CODE_RED -DCORE_M3 -D__USE_LPCOPEN -D__LPC15XX__ -D__REDLIB__ -I"C:\Users\Eric\Documents\LPCXpresso\SEM-bldcControl\lpc_board_nxp_lpcxpresso_1549\inc" -I"C:\Users\Eric\Documents\LPCXpresso\SEM-bldcControl\lpc_chip_15xx\inc" -O0 -fno-common -g3 -Wall -c -fmessage-length=0 -fno-builtin -ffunction-sections -fdata-sections -mcpu=cortex-m3 -mthumb -specs=redlib.specs -MMD -MP -MF"src/Algo-TrapControl-throttle.d" -MT"src/Algo-TrapControl-throttle.o" -MT"src/Algo-TrapControl-throttle.d" -o "src/Algo-TrapControl-throttle.o" "../src/Algo-TrapControl-throttle.c"
../src/Algo-TrapControl-throttle.c:149:6: error: redefinition of 'SysTick_Handler'
 void SysTick_Handler(void){
      ^
../src/Algo-TrapControl-throttle.c:98:6: note: previous definition of 'SysTick_Handler' was here
 void SysTick_Handler(void)
      ^
../src/Algo-TrapControl-throttle.c:298:5: error: expected identifier or '(' before 'return'
     return 0;
     ^
../src/Algo-TrapControl-throttle.c:299:1: error: expected identifier or '(' before '}' token
 }
 ^
../src/Algo-TrapControl-throttle.c:49:13: warning: 'sequence0Complete' defined but not used [-Wunused-variable]
 static bool sequence0Complete, sequence1Complete, threshold1Crossed;
             ^
make: *** [src/Algo-TrapControl-throttle.o] Error 1
21:08:21 **** Incremental Build of configuration Debug for project Algo-TrapControl-throttle ****
make -r all 
Building file: ../src/Algo-TrapControl-throttle.c
Invoking: MCU C Compiler
arm-none-eabi-gcc -DDEBUG -D__CODE_RED -DCORE_M3 -D__USE_LPCOPEN -D__LPC15XX__ -D__REDLIB__ -I"C:\Users\Eric\Documents\LPCXpresso\SEM-bldcControl\lpc_board_nxp_lpcxpresso_1549\inc" -I"C:\Users\Eric\Documents\LPCXpresso\SEM-bldcControl\lpc_chip_15xx\inc" -O0 -fno-common -g3 -Wall -c -fmessage-length=0 -fno-builtin -ffunction-sections -fdata-sections -mcpu=cortex-m3 -mthumb -specs=redlib.specs -MMD -MP -MF"src/Algo-TrapControl-throttle.d" -MT"src/Algo-TrapControl-throttle.o" -MT"src/Algo-TrapControl-throttle.d" -o "src/Algo-TrapControl-throttle.o" "../src/Algo-TrapControl-throttle.c"
../src/Algo-TrapControl-throttle.c:149:6: error: redefinition of 'SysTick_Handler'
 void SysTick_Handler(void){
      ^
../src/Algo-TrapControl-throttle.c:98:6: note: previous definition of 'SysTick_Handler' was here
 void SysTick_Handler(void)
      ^
../src/Algo-TrapControl-throttle.c:298:5: error: expected identifier or '(' before 'return'
     return 0;
     ^
../src/Algo-TrapControl-throttle.c:299:1: error: expected identifier or '(' before '}' token
 }
 ^
../src/Algo-TrapControl-throttle.c:49:13: warning: 'sequence0Complete' defined but not used [-Wunused-variable]
 static bool sequence0Complete, sequence1Complete, threshold1Crossed;
             ^
make: *** [src/Algo-TrapControl-throttle.o] Error 1
21:09:42 **** Incremental Build of configuration Debug for project lpc_board_nxp_lpcxpresso_1549 ****
make -r all 
make: Nothing to be done for `all'.
21:09:44 **** Incremental Build of configuration Debug for project lpc_chip_15xx ****
make -r all 
make: Nothing to be done for `all'.
21:09:46 **** Incremental Build of configuration Debug for project Algo-TrapControl-throttle ****
make -r all 
Building file: ../src/Algo-TrapControl-throttle.c
Invoking: MCU C Compiler
arm-none-eabi-gcc -DDEBUG -D__CODE_RED -DCORE_M3 -D__USE_LPCOPEN -D__LPC15XX__ -D__REDLIB__ -I"C:\Users\Eric\Documents\LPCXpresso\SEM-bldcControl\lpc_board_nxp_lpcxpresso_1549\inc" -I"C:\Users\Eric\Documents\LPCXpresso\SEM-bldcControl\lpc_chip_15xx\inc" -O0 -fno-common -g3 -Wall -c -fmessage-length=0 -fno-builtin -ffunction-sections -fdata-sections -mcpu=cortex-m3 -mthumb -specs=redlib.specs -MMD -MP -MF"src/Algo-TrapControl-throttle.d" -MT"src/Algo-TrapControl-throttle.o" -MT"src/Algo-TrapControl-throttle.d" -o "src/Algo-TrapControl-throttle.o" "../src/Algo-TrapControl-throttle.c"
../src/Algo-TrapControl-throttle.c:149:6: error: redefinition of 'SysTick_Handler'
 void SysTick_Handler(void){
      ^
../src/Algo-TrapControl-throttle.c:98:6: note: previous definition of 'SysTick_Handler' was here
 void SysTick_Handler(void)
      ^
../src/Algo-TrapControl-throttle.c:49:13: warning: 'sequence0Complete' defined but not used [-Wunused-variable]
 static bool sequence0Complete, sequence1Complete, threshold1Crossed;
             ^
make: *** [src/Algo-TrapControl-throttle.o] Error 1
21:09:49 **** Incremental Build of configuration Debug for project Algo-TrapControl-throttle ****
make -r all 
Building file: ../src/Algo-TrapControl-throttle.c
Invoking: MCU C Compiler
arm-none-eabi-gcc -DDEBUG -D__CODE_RED -DCORE_M3 -D__USE_LPCOPEN -D__LPC15XX__ -D__REDLIB__ -I"C:\Users\Eric\Documents\LPCXpresso\SEM-bldcControl\lpc_board_nxp_lpcxpresso_1549\inc" -I"C:\Users\Eric\Documents\LPCXpresso\SEM-bldcControl\lpc_chip_15xx\inc" -O0 -fno-common -g3 -Wall -c -fmessage-length=0 -fno-builtin -ffunction-sections -fdata-sections -mcpu=cortex-m3 -mthumb -specs=redlib.specs -MMD -MP -MF"src/Algo-TrapControl-throttle.d" -MT"src/Algo-TrapControl-throttle.o" -MT"src/Algo-TrapControl-throttle.d" -o "src/Algo-TrapControl-throttle.o" "../src/Algo-TrapControl-throttle.c"
../src/Algo-TrapControl-throttle.c:149:6: error: redefinition of 'SysTick_Handler'
 void SysTick_Handler(void){
      ^
../src/Algo-TrapControl-throttle.c:98:6: note: previous definition of 'SysTick_Handler' was here
 void SysTick_Handler(void)
      ^
../src/Algo-TrapControl-throttle.c:49:13: warning: 'sequence0Complete' defined but not used [-Wunused-variable]
 static bool sequence0Complete, sequence1Complete, threshold1Crossed;
             ^
make: *** [src/Algo-TrapControl-throttle.o] Error 1
23:00:54 **** Incremental Build of configuration Debug for project lpc_board_nxp_lpcxpresso_1549 ****
make -r all 
make: Nothing to be done for `all'.
23:00:58 **** Incremental Build of configuration Debug for project lpc_chip_15xx ****
make -r all 
make: Nothing to be done for `all'.
23:01:00 **** Incremental Build of configuration Debug for project Algo-TrapControl-2 ****
make -r all 
make: Nothing to be done for `all'.
23:01:03 **** Incremental Build of configuration Debug for project Algo-TrapControl-2 ****
make -r all 
make: Nothing to be done for `all'.
23:01:56 **** Incremental Build of configuration Debug for project lpc_board_nxp_lpcxpresso_1549 ****
make -r all 
make: Nothing to be done for `all'.
23:01:57 **** Incremental Build of configuration Debug for project lpc_chip_15xx ****
make -r all 
make: Nothing to be done for `all'.
23:02:00 **** Incremental Build of configuration Debug for project Algo-TrapControl-2 ****
make -r all 
Building file: ../src/Algo-TrapControl-2.c
Invoking: MCU C Compiler
arm-none-eabi-gcc -DDEBUG -D__CODE_RED -DCORE_M3 -D__USE_LPCOPEN -D__LPC15XX__ -D__REDLIB__ -I"C:\Users\Eric\Documents\LPCXpresso\SEM-bldcControl\lpc_board_nxp_lpcxpresso_1549\inc" -I"C:\Users\Eric\Documents\LPCXpresso\SEM-bldcControl\lpc_chip_15xx\inc" -O0 -fno-common -g3 -Wall -c -fmessage-length=0 -fno-builtin -ffunction-sections -fdata-sections -mcpu=cortex-m3 -mthumb -specs=redlib.specs -MMD -MP -MF"src/Algo-TrapControl-2.d" -MT"src/Algo-TrapControl-2.o" -MT"src/Algo-TrapControl-2.d" -o "src/Algo-TrapControl-2.o" "../src/Algo-TrapControl-2.c"
Finished building: ../src/Algo-TrapControl-2.c
 
Building target: Algo-TrapControl-2.axf
Invoking: MCU Linker
arm-none-eabi-gcc -nostdlib -L"C:\Users\Eric\Documents\LPCXpresso\SEM-bldcControl\lpc_board_nxp_lpcxpresso_1549\Debug" -L"C:\Users\Eric\Documents\LPCXpresso\SEM-bldcControl\lpc_chip_15xx\Debug" -Xlinker -Map="Algo-TrapControl-2.map" -Xlinker --gc-sections -Xlinker -print-memory-usage -mcpu=cortex-m3 -mthumb -T "Algo-TrapControl-2_Debug.ld" -o "Algo-TrapControl-2.axf"  ./src/Algo-TrapControl-2.o ./src/cr_startup_lpc15xx.o ./src/crp.o ./src/sysinit.o   -llpc_board_nxp_lpcxpresso_1549 -llpc_chip_15xx
Memory region         Used Size  Region Size  %age Used
       MFlash256:        5648 B       256 KB      2.15%
         Ram0_16:          36 B        16 KB      0.22%
         Ram1_16:          0 GB        16 KB      0.00%
          Ram2_4:          0 GB         4 KB      0.00%
Finished building target: Algo-TrapControl-2.axf
 
make --no-print-directory post-build
Performing post-build steps
arm-none-eabi-size "Algo-TrapControl-2.axf"; # arm-none-eabi-objcopy -v -O binary "Algo-TrapControl-2.axf" "Algo-TrapControl-2.bin" ; # checksum -p LPC1549 -d "Algo-TrapControl-2.bin";
   text	   data	    bss	    dec	    hex	filename
   5628	     20	     16	   5664	   1620	Algo-TrapControl-2.axf
 
23:02:04 **** Incremental Build of configuration Debug for project Algo-TrapControl-2 ****
make -r all 
make: Nothing to be done for `all'.
23:02:59 **** Incremental Build of configuration Debug for project lpc_board_nxp_lpcxpresso_1549 ****
make -r all 
make: Nothing to be done for `all'.
23:03:00 **** Incremental Build of configuration Debug for project lpc_chip_15xx ****
make -r all 
make: Nothing to be done for `all'.
23:03:02 **** Incremental Build of configuration Debug for project Algo-TrapControl-2 ****
make -r all 
Building file: ../src/Algo-TrapControl-2.c
Invoking: MCU C Compiler
arm-none-eabi-gcc -DDEBUG -D__CODE_RED -DCORE_M3 -D__USE_LPCOPEN -D__LPC15XX__ -D__REDLIB__ -I"C:\Users\Eric\Documents\LPCXpresso\SEM-bldcControl\lpc_board_nxp_lpcxpresso_1549\inc" -I"C:\Users\Eric\Documents\LPCXpresso\SEM-bldcControl\lpc_chip_15xx\inc" -O0 -fno-common -g3 -Wall -c -fmessage-length=0 -fno-builtin -ffunction-sections -fdata-sections -mcpu=cortex-m3 -mthumb -specs=redlib.specs -MMD -MP -MF"src/Algo-TrapControl-2.d" -MT"src/Algo-TrapControl-2.o" -MT"src/Algo-TrapControl-2.d" -o "src/Algo-TrapControl-2.o" "../src/Algo-TrapControl-2.c"
Finished building: ../src/Algo-TrapControl-2.c
 
Building target: Algo-TrapControl-2.axf
Invoking: MCU Linker
arm-none-eabi-gcc -nostdlib -L"C:\Users\Eric\Documents\LPCXpresso\SEM-bldcControl\lpc_board_nxp_lpcxpresso_1549\Debug" -L"C:\Users\Eric\Documents\LPCXpresso\SEM-bldcControl\lpc_chip_15xx\Debug" -Xlinker -Map="Algo-TrapControl-2.map" -Xlinker --gc-sections -Xlinker -print-memory-usage -mcpu=cortex-m3 -mthumb -T "Algo-TrapControl-2_Debug.ld" -o "Algo-TrapControl-2.axf"  ./src/Algo-TrapControl-2.o ./src/cr_startup_lpc15xx.o ./src/crp.o ./src/sysinit.o   -llpc_board_nxp_lpcxpresso_1549 -llpc_chip_15xx
Memory region         Used Size  Region Size  %age Used
       MFlash256:        5648 B       256 KB      2.15%
         Ram0_16:          36 B        16 KB      0.22%
         Ram1_16:          0 GB        16 KB      0.00%
          Ram2_4:          0 GB         4 KB      0.00%
Finished building target: Algo-TrapControl-2.axf
 
make --no-print-directory post-build
Performing post-build steps
arm-none-eabi-size "Algo-TrapControl-2.axf"; # arm-none-eabi-objcopy -v -O binary "Algo-TrapControl-2.axf" "Algo-TrapControl-2.bin" ; # checksum -p LPC1549 -d "Algo-TrapControl-2.bin";
   text	   data	    bss	    dec	    hex	filename
   5628	     20	     16	   5664	   1620	Algo-TrapControl-2.axf
 
23:03:07 **** Incremental Build of configuration Debug for project Algo-TrapControl-2 ****
make -r all 
make: Nothing to be done for `all'.
23:04:24 **** Incremental Build of configuration Debug for project lpc_board_nxp_lpcxpresso_1549 ****
make -r all 
make: Nothing to be done for `all'.
23:04:25 **** Incremental Build of configuration Debug for project lpc_chip_15xx ****
make -r all 
make: Nothing to be done for `all'.
23:04:27 **** Incremental Build of configuration Debug for project Algo-TrapControl-2 ****
make -r all 
Building file: ../src/Algo-TrapControl-2.c
Invoking: MCU C Compiler
arm-none-eabi-gcc -DDEBUG -D__CODE_RED -DCORE_M3 -D__USE_LPCOPEN -D__LPC15XX__ -D__REDLIB__ -I"C:\Users\Eric\Documents\LPCXpresso\SEM-bldcControl\lpc_board_nxp_lpcxpresso_1549\inc" -I"C:\Users\Eric\Documents\LPCXpresso\SEM-bldcControl\lpc_chip_15xx\inc" -O0 -fno-common -g3 -Wall -c -fmessage-length=0 -fno-builtin -ffunction-sections -fdata-sections -mcpu=cortex-m3 -mthumb -specs=redlib.specs -MMD -MP -MF"src/Algo-TrapControl-2.d" -MT"src/Algo-TrapControl-2.o" -MT"src/Algo-TrapControl-2.d" -o "src/Algo-TrapControl-2.o" "../src/Algo-TrapControl-2.c"
Finished building: ../src/Algo-TrapControl-2.c
 
Building target: Algo-TrapControl-2.axf
Invoking: MCU Linker
arm-none-eabi-gcc -nostdlib -L"C:\Users\Eric\Documents\LPCXpresso\SEM-bldcControl\lpc_board_nxp_lpcxpresso_1549\Debug" -L"C:\Users\Eric\Documents\LPCXpresso\SEM-bldcControl\lpc_chip_15xx\Debug" -Xlinker -Map="Algo-TrapControl-2.map" -Xlinker --gc-sections -Xlinker -print-memory-usage -mcpu=cortex-m3 -mthumb -T "Algo-TrapControl-2_Debug.ld" -o "Algo-TrapControl-2.axf"  ./src/Algo-TrapControl-2.o ./src/cr_startup_lpc15xx.o ./src/crp.o ./src/sysinit.o   -llpc_board_nxp_lpcxpresso_1549 -llpc_chip_15xx
Memory region         Used Size  Region Size  %age Used
       MFlash256:        5648 B       256 KB      2.15%
         Ram0_16:          36 B        16 KB      0.22%
         Ram1_16:          0 GB        16 KB      0.00%
          Ram2_4:          0 GB         4 KB      0.00%
Finished building target: Algo-TrapControl-2.axf
 
make --no-print-directory post-build
Performing post-build steps
arm-none-eabi-size "Algo-TrapControl-2.axf"; # arm-none-eabi-objcopy -v -O binary "Algo-TrapControl-2.axf" "Algo-TrapControl-2.bin" ; # checksum -p LPC1549 -d "Algo-TrapControl-2.bin";
   text	   data	    bss	    dec	    hex	filename
   5628	     20	     16	   5664	   1620	Algo-TrapControl-2.axf
 
23:04:32 **** Incremental Build of configuration Debug for project Algo-TrapControl-2 ****
make -r all 
make: Nothing to be done for `all'.
14:34:27 **** Build of configuration Default for project FOC2 ****
make all 
Cannot run program "make": Launching failed

Error: Program "make" not found in PATH
PATH=[C:/nxp/LPCXpresso_8.2.2_650/lpcxpresso/jre/bin/client;C:/nxp/LPCXpresso_8.2.2_650/lpcxpresso/jre/bin;C:/nxp/LPCXpresso_8.2.2_650/lpcxpresso/jre/lib/i386;C:\ProgramData\Anaconda3;C:\ProgramData\Anaconda3\Library\mingw-w64\bin;C:\ProgramData\Anaconda3\Library\usr\bin;C:\ProgramData\Anaconda3\Library\bin;C:\ProgramData\Anaconda3\Scripts;C:\windows\system32;C:\windows;C:\windows\System32\Wbem;C:\windows\System32\WindowsPowerShell\v1.0\;C:\windows\System32\OpenSSH\;C:\Program Files\Git\cmd;C:\Program Files\MATLAB\R2018b\bin;C:\Users\Eric\AppData\Local\Microsoft\WindowsApps;C:\Users\Eric\AppData\Local\atom\bin;C:\nxp\LPCXpresso_8.2.2_650\lpcxpresso;]
